C51 COMPILER V8.05a   ABSTASK                                                              07/18/2017 15:50:09 PAGE 1   


C51 COMPILER V8.05a, COMPILATION OF MODULE ABSTASK
OBJECT MODULE PLACED IN .\absTask.obj
COMPILER INVOKED BY: C:\Keil_v5\C51\BIN\C51.EXE ..\SOFTWARE\ABS_TASK\absTask.c LARGE BROWSE DEBUG OBJECTEXTEND PRINT(.\a
                    -bsTask.lst) TABS(2) OBJECT(.\absTask.obj)

line level    source

   1          #include "../TASK/TASK.h"
   2          #include <rtx51tny.h>                 /* RTX-51 tiny functions & defines      */
   3          #include <stdio.h>
   4          #include <stdlib.h>
   5          #include "../TASK/setup.h"
   6          #include "../../HARDWARE/DEVICES/BUTTON/BUTTON.H"
   7          #include "../../HARDWARE/DEVICES/LED/LED.H"
   8          #include "../../HARDWARE/BSP/USART1.H"
   9          #include "../HARDWARE/DEVICES/SENSOR/ANGLE/ANGLE.h"
  10          #include "../COMMON_SOFTWARE/DATA_SCOPE/DataScope_DP.h"
  11          #include "../COMMON_SOFTWARE/STORAGE/STORAGE.h"
*** WARNING C322 IN LINE 54 OF ../HARDWARE/BSP/STC15_EEPROM.h: unknown identifier
*** WARNING C322 IN LINE 54 OF ../HARDWARE/BSP/STC15_EEPROM.h: unknown identifier
  12          #include "../../HARDWARE/BSP/STC15_PWM.H"
  13          #include "../SOFTWARE/ALGORITHM/PID/PID.H"
  14          
  15          #define INIT 0//初始化
  16          #define BUTTON 1//按键检测
  17          #define ANGLE 2//角度控制
  18          #define MODE_1 3//题目一
  19          #define MODE_2 4//题目二
  20          
  21          void Task_Init() _task_ INIT
  22          {
  23   1        
  24   1      }
  25          
  26          void Task_Button() _task_ BUTTON
  27          {
  28   1        
  29   1      }
  30          
  31          void Task_Angle() _task_ ANGLE
  32          {
  33   1        openPID(PID_1);
  34   1        for (;;)
  35   1        {
  36   2          setActualParameter(PID_1, getAngle(PRESENT_ANGLE));//设置pid的实际参数
  37   2          PID(PID_1);//PID算法
  38   2          os_wait(K_IVL,10,0);
  39   2      
  40   2        }
  41   1      }
  42          
  43          void Task_Mode_1() _task_ MODE_1
  44          {
  45   1        
  46   1      }
  47          
  48          void Task_Mode_2() _task_ MODE_2
  49          {
  50   1        
  51   1      }

C51 COMPILER V8.05a   ABSTASK                                                              07/18/2017 15:50:09 PAGE 2   


MODULE INFORMATION:   STATIC OVERLAYABLE
   CODE SIZE        =     42    ----
   CONSTANT SIZE    =   ----    ----
   XDATA SIZE       =   ----    ----
   PDATA SIZE       =   ----    ----
   DATA SIZE        =   ----    ----
   IDATA SIZE       =   ----    ----
   BIT SIZE         =   ----    ----
END OF MODULE INFORMATION.


C51 COMPILATION COMPLETE.  2 WARNING(S),  0 ERROR(S)
