C51 COMPILER V8.05a   MODE                                                                 07/18/2017 17:09:21 PAGE 1   


C51 COMPILER V8.05a, COMPILATION OF MODULE MODE
OBJECT MODULE PLACED IN .\mode.obj
COMPILER INVOKED BY: C:\Keil_v5\C51\BIN\C51.EXE ..\SOFTWARE\TASK\mode.c LARGE BROWSE DEBUG OBJECTEXTEND PRINT(.\mode.lst
                    -) TABS(2) OBJECT(.\mode.obj)

line level    source

   1          #include "mode.h"
   2          #include "../ALGORITHM/PID/PID.h"
   3          #include "../../HARDWARE/DEVICES/MOTOR/DC_MOTOR/MOTOR.h"
   4          #include "../../HARDWARE/BSP/timer.h"
   5          #include "../../HARDWARE/BSP/USART1.h"
   6          void mode1(void)
   7          {
   8   1                static bit step1=0;//模式一步骤1标志位
   9   1                static bit step2=0; //步骤2 标志位
  10   1                static bit step3=0;  //步骤三标志位
  11   1      
  12   1                if(step1)//步骤一已经完成
  13   1                  {
  14   2      
  15   2                    if(step2) //如果步骤2已完成
  16   2                      {
  17   3                        if(step3) //如果步骤三已经完成
  18   3                          {
  19   4                            //模式一已经完成 ，蜂鸣器开始叫
  20   4                      //      mode=0;//初始化模式
  21   4                            step1=0;
  22   4                            step2=0;
  23   4                            step3=0;
  24   4      
  25   4                          }
  26   3                        else//如果步骤三没有完成
  27   3                          {
  28   4                            close_DC_Motor(LEFT_MOTOR);
  29   4                            close_DC_Motor(RIGHT_MOTOR);
  30   4      
  31   4                            step3=OK;
  32   4                            PrintString1("step3 is ok\n");
  33   4      
  34   4                          }
  35   3      
  36   3                      }
  37   2                    else //如果步骤二没有完成
  38   2                      {
  39   3                        setTimeout(Timer1,5000); //设置定时器定时长度 ,5秒
  40   3                        //////////////////////定时器////////////////////////////////////////
  41   3                        if(isExpiredTimer(Timer1))   //如果达到定时时间
  42   3                          {
  43   4      
  44   4                            setDC_MotorSpeed(LEFT_MOTOR,0.01f);
  45   4                            setDC_MotorSpeed(RIGHT_MOTOR,0.99f);
  46   4                            close_DC_Motor(RIGHT_MOTOR);
  47   4                             close_DC_Motor(LEFT_MOTOR);
  48   4                            step2=OK;
  49   4                            PrintString1("step2 is ok\n");
  50   4                          }
  51   3                        else//如果未达到定时时间或定时器未启动
  52   3                          {
  53   4      
  54   4                            if(isStopped(Timer1)) //只有当定时器是停止状态时才启动定时器。
C51 COMPILER V8.05a   MODE                                                                 07/18/2017 17:09:21 PAGE 2   

  55   4                              {
  56   5                                restartTimer(Timer1);
  57   5      
  58   5                              }
  59   4                          }
  60   3                        ////////////////////////////////////////////////////////////////
  61   3      
  62   3                      }
  63   2                  }
  64   1                else //如果步骤一没有完成
  65   1                  {
  66   2                    PID_setTargetParameter(PID_1,100); //设定稳定角度
  67   2                    setTimeout(Timer1,5000); //设置定时器定时长度 ,5秒
  68   2                    open_DC_Motor(LEFT_MOTOR);//电机开始工作
  69   2                    open_DC_Motor(RIGHT_MOTOR);//电机开始工作
  70   2                    openPID(PID_1);
  71   2                    if(abs(PID_getErr(PID_1))<2.0f)//当误差小于2°时，认为达到稳定,定时器就开始计时
  72   2                      {
  73   3                        //////////////////////定时器////////////////////////////////////////
  74   3                        if(isExpiredTimer(Timer1))   //如果达到定时时间
  75   3                          {
  76   4                            stopTimer(Timer1);//达到定时时间后关闭定时器
  77   4                            step1=OK; //步骤一完成 ，已经达到稳定状态，蜂鸣器响一下
  78   4                            PrintString1("step1 is ok\n");
  79   4                          }
  80   3                        else//如果未达到定时时间或定时器未启动
  81   3                          {
  82   4      
  83   4                            if(isStopped(Timer1)) //只有当定时器是停止状态时才启动定时器。
  84   4                              {
  85   5                                restartTimer(Timer1);
  86   5      
  87   5                              }
  88   4                          }
  89   3                        ////////////////////////////////////////////////////////////////
  90   3                      }
  91   2                  }
  92   1      
  93   1      }
  94          
  95          void mode2(void)
  96          {
  97   1        
  98   1      }
  99          
 100          
 101          void mode3(void)
 102          {
 103   1        
 104   1      }
 105          
 106          void mode4(void)
 107          {
 108   1        
 109   1      }
 110          void modeLauncher(void)
 111          {
 112   1        
 113   1      }


MODULE INFORMATION:   STATIC OVERLAYABLE
C51 COMPILER V8.05a   MODE                                                                 07/18/2017 17:09:21 PAGE 3   

   CODE SIZE        =    223    ----
   CONSTANT SIZE    =     39    ----
   XDATA SIZE       =   ----    ----
   PDATA SIZE       =   ----    ----
   DATA SIZE        =   ----    ----
   IDATA SIZE       =   ----    ----
   BIT SIZE         =      3    ----
END OF MODULE INFORMATION.


C51 COMPILATION COMPLETE.  0 WARNING(S),  0 ERROR(S)
