C51 COMPILER V8.05a   SETUP                                                                07/18/2017 10:27:43 PAGE 1   


C51 COMPILER V8.05a, COMPILATION OF MODULE SETUP
OBJECT MODULE PLACED IN .\setup.obj
COMPILER INVOKED BY: C:\Keil_v5\C51\BIN\C51.EXE ..\SOFTWARE\TASK\setup.c LARGE BROWSE DEBUG OBJECTEXTEND PRINT(.\setup.l
                    -st) TABS(2) OBJECT(.\setup.obj)

line level    source

   1          /************************************************************
   2          * 组织名称：
   3          * 文件名称: K:\单片机相关\电子大赛程序框架\SOFTWARE\TASK\SETUP.C
   4          * 作者:     周晨阳 
   5          * 版本:    
   6          * 日期:     2017/07/18
   7          * 描述:   初始化器件和测试器件使用
   8          * 历史修改记录:
   9          * <作者> <时间> <版本 > <描述>
  10          * 
  11          ***********************************************************/
  12          
  13          #include "setup.h"
  14          #include "../HARDWARE/DEVICES/SENSOR/ANGLE/ANGLE.h"
  15          #include "../../HARDWARE/DEVICES/BUTTON/BUTTON.h" 
  16          #include "../../HARDWARE/DEVICES/MOTOR/DC_MOTOR/MOTOR.h"
  17          #include "../../HARDWARE/DEVICES/LED/LED.h"
  18          #include "../../HARDWARE/BSP/USART1.h"
  19          #include "../../HARDWARE/BSP/timer.h"
  20          #include "../../HARDWARE/BSP/GPIO.h"
  21          #include "../../HARDWARE/BSP/delay.h"
  22          #include "../../HARDWARE/BSP/STC15_PWM.h"
  23          #include "../../HARDWARE/DEVICES/MOTOR/STEP_MOTOR/STEP_MOTOR.h"
  24          #include "../../HARDWARE/DEVICES/MOTOR/SERVO/SERVO.h"
  25          #include "../../HARDWARE/DEVICES/DISPLAY/1602/LCD1602.H"
  26          #include "../../HARDWARE/COMMON_HARDWARE/fixedPulser.h"
  27          
  28          
  29          
  30          /*************  串口1初始化函数 *****************/
  31          /*************************************************
  32          * 函数名称: void    UART1_init(unsigned long BandRate)
  33          * 描述: 串口1初始化函数
  34          * 输入: unsigned long BandRate ：串口的波特率，请在数值后加字母"L"，防止出问题
  35          * 输出: 调用此函数会发送一段测试语句 “ STC15w4k58s4 UART1 is open ”
  36          * 返回值: 无
  37          * 其他说明: 无
  38          *************************************************/
  39          void    UART1_init(unsigned long BandRate)
  40          {
  41   1        COMx_InitDefine     COMx_InitStructure;
  42   1        COMx_InitStructure.UART_Mode = UART_8bit_BRTx;
  43   1        COMx_InitStructure.UART_BRT_Use = BRT_Timer2;
  44   1        COMx_InitStructure.UART_BaudRate = BandRate;
  45   1        COMx_InitStructure.UART_RxEnable = ENABLE;
  46   1        COMx_InitStructure.BaudRateDouble = DISABLE;
  47   1        COMx_InitStructure.UART_Interrupt = ENABLE;
  48   1        COMx_InitStructure.UART_Polity = PolityHigh;
  49   1        COMx_InitStructure.UART_P_SW = UART1_SW_P30_P31;
  50   1        COMx_InitStructure.UART_RXD_TXD_Short = DISABLE;
  51   1        USART_Configuration(USART1, &COMx_InitStructure);
  52   1        // PrintString1("STC15w4k58s4's UART1 is open \r\n");   //串口测试
  53   1      }
  54          void setup(void)
C51 COMPILER V8.05a   SETUP                                                                07/18/2017 10:27:43 PAGE 2   

  55          {
  56   1        UART1_init(115200L);
  57   1        timerInit();
  58   1        Board_LED_Init();
  59   1        Button_config();
  60   1        ADC_config(ADC_P10, ADC_540T);
  61   1        LCD1602_Init();
  62   1        EA = 1;
  63   1      
  64   1      }
  65          


MODULE INFORMATION:   STATIC OVERLAYABLE
   CODE SIZE        =     77    ----
   CONSTANT SIZE    =   ----    ----
   XDATA SIZE       =   ----      13
   PDATA SIZE       =   ----    ----
   DATA SIZE        =   ----    ----
   IDATA SIZE       =   ----    ----
   BIT SIZE         =   ----    ----
END OF MODULE INFORMATION.


C51 COMPILATION COMPLETE.  0 WARNING(S),  0 ERROR(S)
