C51 COMPILER V8.05a   TASK                                                                 07/18/2017 17:37:28 PAGE 1   


C51 COMPILER V8.05a, COMPILATION OF MODULE TASK
OBJECT MODULE PLACED IN .\task.obj
COMPILER INVOKED BY: C:\Keil_v5\C51\BIN\C51.EXE ..\SOFTWARE\TASK\task.c LARGE BROWSE DEBUG OBJECTEXTEND PRINT(.\task.lst
                    -) TABS(2) OBJECT(.\task.obj)

line level    source

   1          #include "task.h"
   2          #include "../../HARDWARE/DEVICES/MOTOR/DC_MOTOR/MOTOR.h"
   3          
   4           bit setBoardWithAngle(float angle)
   5          {
   6   1      
   7   1        if(angle>=179.9f)
   8   1          {
   9   2            angle=179.9f;
  10   2      #ifdef MOTOR_DEBUG
                    PrintString1("angle is over maximum adjusting\n");
              #endif
  13   2          }
  14   1        if(angle<=0.1f)
  15   1          {
  16   2            angle=0.1f;
  17   2      #ifdef MOTOR_DEBUG
                    PrintString1("angle is over miximum adjusting\n");
              #endif
  20   2          }
  21   1        setDC_MotorSpeed(LEFT_MOTOR,angle/180.0f);
  22   1        setDC_MotorSpeed(RIGHT_MOTOR,1.0f-angle/180.0f);
  23   1        return 1;
  24   1      }
  25          


MODULE INFORMATION:   STATIC OVERLAYABLE
   CODE SIZE        =    172    ----
   CONSTANT SIZE    =   ----    ----
   XDATA SIZE       =   ----       4
   PDATA SIZE       =   ----    ----
   DATA SIZE        =   ----    ----
   IDATA SIZE       =   ----    ----
   BIT SIZE         =   ----    ----
END OF MODULE INFORMATION.


C51 COMPILATION COMPLETE.  0 WARNING(S),  0 ERROR(S)
