BL51 BANKED LINKER/LOCATER V6.00                                                        07/18/2017  10:27:43  PAGE 1


BL51 BANKED LINKER/LOCATER V6.00, INVOKED BY:
C:\KEIL_V5\C51\BIN\BL51.EXE .\absTask.obj, .\task.obj, .\setup.obj, .\mode.obj, .\Conf_tny.obj, .\PID.obj, .\FILTER.obj,
>>  .\DataScope_DP.obj, .\storage.obj, .\BUTTON.obj, .\LED.obj, .\MOTOR.obj, .\SERVO.obj, .\STEP_MOTOR.obj, .\RELAY.obj,
>>  .\ANGLE.obj, .\LCD1602.obj, .\74HC595.obj, .\fixedPulser.obj, .\ADC.obj, .\delay.obj, .\GPIO.obj, .\PCA.obj, .\stc15
>> _pwm.obj, .\timer.obj, .\USART1.obj, .\stc15_eeprom.obj TO 风板控制装置 RTX51TINY RAMSIZE (256)


MEMORY MODEL: LARGE WITH FLOATING POINT ARITHMETIC


INPUT MODULES INCLUDED:
  .\absTask.obj (ABSTASK)
  .\task.obj (TASK)
  .\setup.obj (SETUP)
  .\mode.obj (MODE)
  .\Conf_tny.obj (?RTX51_TINY_KERNAL)
  .\PID.obj (PID)
  .\FILTER.obj (FILTER)
  .\DataScope_DP.obj (DATASCOPE_DP)
  .\storage.obj (STORAGE)
  .\BUTTON.obj (BUTTON)
  .\LED.obj (LED)
  .\MOTOR.obj (MOTOR)
  .\SERVO.obj (SERVO)
  .\STEP_MOTOR.obj (STEP_MOTOR)
  .\RELAY.obj (RELAY)
  .\ANGLE.obj (ANGLE)
  .\LCD1602.obj (LCD1602)
  .\74HC595.obj (74HC595)
  .\fixedPulser.obj (FIXEDPULSER)
  .\ADC.obj (ADC)
  .\delay.obj (DELAY)
  .\GPIO.obj (GPIO)
  .\PCA.obj (PCA)
  .\stc15_pwm.obj (STC15_PWM)
  .\timer.obj (TIMER)
  .\USART1.obj (USART1)
  .\stc15_eeprom.obj (STC15_EEPROM)
  C:\KEIL_V5\C51\LIB\RTX51TNY.LIB (?RTX51_TINY_OS_CREATE)
  C:\KEIL_V5\C51\LIB\RTX51TNY.LIB (?RTX51_TINY_OS_DELETE)
  C:\KEIL_V5\C51\LIB\RTX51TNY.LIB (?RTX51_TINY_OS_WAIT)
  C:\KEIL_V5\C51\LIB\C51FPL.LIB (?C?FPADD)
  C:\KEIL_V5\C51\LIB\C51FPL.LIB (?C?FPMUL)
  C:\KEIL_V5\C51\LIB\C51FPL.LIB (?C?FPDIV)
  C:\KEIL_V5\C51\LIB\C51FPL.LIB (?C?FPCMP)
  C:\KEIL_V5\C51\LIB\C51FPL.LIB (?C?FCAST)
  C:\KEIL_V5\C51\LIB\C51FPL.LIB (?C?CASTF)
  C:\KEIL_V5\C51\LIB\C51FPL.LIB (?C?FPGETOPN)
  C:\KEIL_V5\C51\LIB\C51L.LIB (?C_STARTUP)
  C:\KEIL_V5\C51\LIB\C51L.LIB (?C?CLDPTR)
  C:\KEIL_V5\C51\LIB\C51L.LIB (?C?CLDOPTR)
  C:\KEIL_V5\C51\LIB\C51L.LIB (?C?CSTPTR)
  C:\KEIL_V5\C51\LIB\C51L.LIB (?C?CSTOPTR)
  C:\KEIL_V5\C51\LIB\C51L.LIB (?C?IMUL)
  C:\KEIL_V5\C51\LIB\C51L.LIB (?C?UIDIV)
  C:\KEIL_V5\C51\LIB\C51L.LIB (?C?IILDX)
  C:\KEIL_V5\C51\LIB\C51L.LIB (?C?ILDOPTR)
  C:\KEIL_V5\C51\LIB\C51L.LIB (?C?LMUL)
BL51 BANKED LINKER/LOCATER V6.00                                                      07/18/2017  10:27:43  PAGE 2


  C:\KEIL_V5\C51\LIB\C51L.LIB (?C?ULDIV)
  C:\KEIL_V5\C51\LIB\C51L.LIB (?C?SLDIV)
  C:\KEIL_V5\C51\LIB\C51L.LIB (?C?LNEG)
  C:\KEIL_V5\C51\LIB\C51L.LIB (?C?ULCMP)
  C:\KEIL_V5\C51\LIB\C51L.LIB (?C?ULSHR)
  C:\KEIL_V5\C51\LIB\C51L.LIB (?C?LLDOPTR0)
  C:\KEIL_V5\C51\LIB\C51L.LIB (?C?LLDIXDATA)
  C:\KEIL_V5\C51\LIB\C51L.LIB (?C?LSTXDATA)
  C:\KEIL_V5\C51\LIB\C51L.LIB (?C?LSTKXDATA)
  C:\KEIL_V5\C51\LIB\C51L.LIB (?C_INIT)
  C:\KEIL_V5\C51\LIB\C51L.LIB (?C?LLDIDATA0)
  C:\KEIL_V5\C51\LIB\C51L.LIB (?C?LLDXDATA0)
  C:\KEIL_V5\C51\LIB\C51L.LIB (?C?LLDPDATA0)
  C:\KEIL_V5\C51\LIB\C51L.LIB (?C?LLDCODE0)


TASK TABLE OF MODULE:  风板控制装置 (ABSTASK)

TASKID   PRIORITY   REG-BANK   SEGMENT NAME
-------------------------------------------
0        0          0          ?PR?TASKSTART?ABSTASK
1        0          0          ?PR?TASK1?ABSTASK
2        0          0          ?PR?TASK2?ABSTASK
3        0          0          ?PR?TASK3?ABSTASK
5        0          0          ?PR?TASK5?ABSTASK
7        0          0          ?PR?TASK7?ABSTASK
8        0          0          ?PR?TASK8?ABSTASK
9        0          0          ?PR?TASK9?ABSTASK



LINK MAP OF MODULE:  风板控制装置 (ABSTASK)


            TYPE    BASE      LENGTH    RELOCATION   SEGMENT NAME
            -----------------------------------------------------

            * * * * * * *   D A T A   M E M O R Y   * * * * * * *
            REG     0000H     0008H     ABSOLUTE     "REG BANK 0"
            DATA    0008H     0006H     ABSOLUTE     
            IDATA   000EH     000AH     UNIT         ?RTX?TASKSP?S
                    0018H     0008H                  *** GAP ***
            BIT     0020H.0   0000H.4   UNIT         ?BI?BUTTON
            BIT     0020H.4   0000H.3   UNIT         ?BI?PCA
            BIT     0020H.7   0000H.2   UNIT         _BIT_GROUP_
            BIT     0021H.1   0000H.1   UNIT         ?RTX?BITS
            BIT     0021H.2   0000H.1   UNIT         ?BI?LED
            BIT     0021H.3   0000H.1   UNIT         ?BI?_SETPINSTATE?GPIO
                    0021H.4   0000H.4                *** GAP ***
            IDATA   0022H     0014H     UNIT         ?RTX?TASKSTATE?S
            IDATA   0036H     0001H     UNIT         ?STACK

            * * * * * * *  X D A T A   M E M O R Y  * * * * * * *
            XDATA   0000H     028CH     UNIT         ?XD?USART1
            XDATA   028CH     00F2H     UNIT         _XDATA_GROUP_
            XDATA   037EH     0072H     UNIT         ?XD?PID
            XDATA   03F0H     004AH     UNIT         ?XD?SERVO
BL51 BANKED LINKER/LOCATER V6.00                                                      07/18/2017  10:27:43  PAGE 3


            XDATA   043AH     003CH     UNIT         ?XD?STC15_PWM
            XDATA   0476H     002AH     UNIT         ?XD?DATASCOPE_DP
            XDATA   04A0H     0021H     UNIT         ?XD?_INIT_STR_MOTOR?SERVO
            XDATA   04C1H     001FH     UNIT         ?XD?FIXEDPULSER
            XDATA   04E0H     001CH     UNIT         ?XD?STEP_MOTOR
            XDATA   04FCH     0016H     UNIT         ?XD?TIMER
            XDATA   0512H     0015H     UNIT         ?XD?PCA
            XDATA   0527H     0012H     UNIT         ?XD?DC_MOTOR_CONFIG?MOTOR
            XDATA   0539H     0012H     UNIT         ?XD?PULSERINIT?FIXEDPULSER
            XDATA   054BH     000DH     UNIT         ?XD?_PID_CONFIG?PID
            XDATA   0558H     0009H     UNIT         ?XD?_SET_STR_ANGLE?SERVO
            XDATA   0561H     0008H     UNIT         ?XD?_STEPMOTOR_INIT?STEP_MOTOR
            XDATA   0569H     0008H     UNIT         ?XD?ANGLE
            XDATA   0571H     0007H     UNIT         ?XD?_SETPULSE?FIXEDPULSER
            XDATA   0578H     0007H     UNIT         ?XD?_EEPROM_READ_N?STC15_EEPROM
            XDATA   057FH     0007H     UNIT         ?XD?_EEPROM_WRITE_N?STC15_EEPROM
            XDATA   0586H     0006H     UNIT         ?XD?_SETSTEPMOTORWITHANGLE?STEP_MOTOR
            XDATA   058CH     0005H     UNIT         ?XD?_SETPARAMETERINFERIORLIMIT?PID
            XDATA   0591H     0005H     UNIT         ?XD?_SETPARAMETERUPPERLIMIT?PID
            XDATA   0596H     0005H     UNIT         ?XD?_SETACTUALPARAMETER?PID
            XDATA   059BH     0005H     UNIT         ?XD?_SETKI?PID
            XDATA   05A0H     0005H     UNIT         ?XD?_SETKP?PID
            XDATA   05A5H     0005H     UNIT         ?XD?_SETKD?PID
            XDATA   05AAH     0005H     UNIT         ?XD?_SETPARAMETER?PID
            XDATA   05AFH     0005H     UNIT         ?XD?_WRITEDATA?STORAGE
            XDATA   05B4H     0005H     UNIT         ?XD?_SETDC_MOTORSPEED?MOTOR
            XDATA   05B9H     0005H     UNIT         ?XD?_SET_PWM_DUTY?STC15_PWM
            XDATA   05BEH     0004H     UNIT         ?XD?ABSTASK
            XDATA   05C2H     0004H     UNIT         ?XD?MOTOR
            XDATA   05C6H     0004H     UNIT         ?XD?_HC595_INIT?74HC595
            XDATA   05CAH     0003H     UNIT         ?XD?RELAY
            XDATA   05CDH     0003H     UNIT         ?XD?_LCD1602_WRITE_WORD?LCD1602
            XDATA   05D0H     0003H     UNIT         ?XD?_PCA_INIT?PCA
            XDATA   05D3H     0003H     UNIT         ?XD?_PWMOUTPUT?PCA
            XDATA   05D6H     0002H     UNIT         ?XD?_PWM_INILIZE?STC15_PWM
            XDATA   05D8H     0002H     UNIT         ?XD?_SET_PWM_PERIOD?STC15_PWM
            XDATA   05DAH     0001H     UNIT         ?XD?_PID?PID
            XDATA   05DBH     0001H     UNIT         ?XD?_BOARD_LED_PWM?LED
            XDATA   05DCH     0001H     UNIT         ?XD?_OPEN_DC_MOTOR?MOTOR
            XDATA   05DDH     0001H     UNIT         ?XD?_CLOSE_DC_MOTOR?MOTOR
            XDATA   05DEH     0001H     UNIT         ?XD?_OPEN_STR?SERVO
            XDATA   05DFH     0001H     UNIT         ?XD?_CLOSE_STR?SERVO
            XDATA   05E0H     0001H     UNIT         ?XD?_SETSTEPMOTORWITHROUND?STEP_MOTOR
            XDATA   05E1H     0001H     UNIT         ?XD?_SETSTEPMOTORDIVERSION?STEP_MOTOR
            XDATA   05E2H     0001H     UNIT         ?XD?_CLOSE_STEPMOTOR?STEP_MOTOR
            XDATA   05E3H     0001H     UNIT         ?XD?_OPEN_STEPMOTOR?STEP_MOTOR
            XDATA   05E4H     0001H     UNIT         ?XD?_FREESTEPMOTOR?STEP_MOTOR
            XDATA   05E5H     0001H     UNIT         ?XD?_LOCKSTEPMOTOR?STEP_MOTOR
            XDATA   05E6H     0001H     UNIT         ?XD?_LCD1602_WRITE_CHAR?LCD1602
            XDATA   05E7H     0001H     UNIT         ?XD?_HC595SENDDATA?74HC595
            XDATA   05E8H     0001H     UNIT         ?XD?_OPENPULSER?FIXEDPULSER
            XDATA   05E9H     0001H     UNIT         ?XD?_CLOSEPULSER?FIXEDPULSER

            * * * * * * *   C O D E   M E M O R Y   * * * * * * *
            CODE    0000H     0003H     ABSOLUTE     
                    0003H     0008H                  *** GAP ***
            CODE    000BH     0003H     ABSOLUTE     
BL51 BANKED LINKER/LOCATER V6.00                                                      07/18/2017  10:27:43  PAGE 4


                    000EH     000DH                  *** GAP ***
            CODE    001BH     0003H     ABSOLUTE     
                    001EH     0005H                  *** GAP ***
            CODE    0023H     0003H     ABSOLUTE     
                    0026H     0005H                  *** GAP ***
            CODE    002BH     0003H     ABSOLUTE     
                    002EH     000DH                  *** GAP ***
            CODE    003BH     0003H     ABSOLUTE     
                    003EH     0005H                  *** GAP ***
            CODE    0043H     0003H     ABSOLUTE     
                    0046H     0045H                  *** GAP ***
            CODE    008BH     0003H     ABSOLUTE     
                    008EH     0005H                  *** GAP ***
            CODE    0093H     0003H     ABSOLUTE     
                    0096H     0005H                  *** GAP ***
            CODE    009BH     0003H     ABSOLUTE     
                    009EH     0005H                  *** GAP ***
            CODE    00A3H     0003H     ABSOLUTE     
                    00A6H     000DH                  *** GAP ***
            CODE    00B3H     0003H     ABSOLUTE     
                    00B6H     074AH                  *** GAP ***
            CODE    0800H     0720H     UNIT         ?C?LIB_CODE
            CODE    0F20H     06E0H     UNIT         ?PR?_USART_CONFIGURATION?USART1
            CODE    1600H     039AH     UNIT         ?PR?_PWM_INILIZE?STC15_PWM
            CODE    199AH     02E3H     UNIT         ?RTX?CODE
            CODE    1C7DH     0233H     UNIT         ?PR?_TIMER_INILIZE?TIMER
            CODE    1EB0H     01DAH     UNIT         ?PR?_PID?PID
            CODE    208AH     01D4H     UNIT         ?PR?_INIT_STR_MOTOR?SERVO
            CODE    225EH     01C4H     UNIT         ?PR?_GPIO_INILIZE?GPIO
            CODE    2422H     019FH     UNIT         ?PR?_PCA_INIT?PCA
            CODE    25C1H     013DH     UNIT         ?PR?_PWMOUTPUT?PCA
            CODE    26FEH     0136H     UNIT         ?PR?_FILTER?FILTER
            CODE    2834H     0134H     UNIT         ?PR?_DATASCOPE_GET_CHANNEL_DATA?DATASCOPE_DP
            CODE    2968H     0131H     UNIT         ?PR?_PID_CONFIG?PID
            CODE    2A99H     0116H     UNIT         ?PR?_SET_STR_ANGLE?SERVO
            CODE    2BAFH     010FH     UNIT         ?PR?_SET_PWM_DUTY?STC15_PWM
            CODE    2CBEH     00BAH     UNIT         ?PR?PWM_ROUTINE?FIXEDPULSER
            CODE    2D78H     00B1H     UNIT         ?CO?TIMER
            CODE    2E29H     00AEH     UNIT         ?PR?_PWMN_UPDATE?PCA
            CODE    2ED7H     00AAH     UNIT         ?PR?_FLOAT2BYTE?DATASCOPE_DP
            CODE    2F81H     00A9H     UNIT         ?PR?TIMERINIT?TIMER
            CODE    302AH     00A7H     UNIT         ?C_INITSEG
            CODE    30D1H     00A5H     UNIT         ?PR?_DATASCOPE_DATA_GENERATE?DATASCOPE_DP
            CODE    3176H     00A3H     UNIT         ?PR?PCA_HANDLER?PCA
            CODE    3219H     009EH     UNIT         ?PR?_SETSTEPMOTORWITHANGLE?STEP_MOTOR
            CODE    32B7H     009AH     UNIT         ?PR?_PWM_SET_T12_PERIOD?STC15_PWM
            CODE    3351H     0092H     UNIT         ?PR?_SETDC_MOTORSPEED?MOTOR
            CODE    33E3H     008CH     UNIT         ?C_C51STARTUP
            CODE    346FH     008AH     UNIT         ?PR?TIMER4_INT?TIMER
            CODE    34F9H     0085H     UNIT         ?PR?UART2_INT?USART1
            CODE    357EH     0085H     UNIT         ?PR?UART3_INT?USART1
            CODE    3603H     0085H     UNIT         ?PR?UART4_INT?USART1
            CODE    3688H     007FH     UNIT         ?PR?UART1_INT?USART1
            CODE    3707H     007AH     UNIT         ?PR?GETANGLE?ANGLE
            CODE    3781H     006BH     UNIT         ?PR?DC_MOTOR_CONFIG?MOTOR
            CODE    37ECH     0069H     UNIT         ?PR?PULSERINIT?FIXEDPULSER
            CODE    3855H     0061H     UNIT         ?PR?_SET_PWM_PERIOD?STC15_PWM
BL51 BANKED LINKER/LOCATER V6.00                                                      07/18/2017  10:27:43  PAGE 5


            CODE    38B6H     005EH     UNIT         ?PR?_GET_ADC10BITRESULT?ADC
            CODE    3914H     0058H     UNIT         ?PR?_SETPULSE?FIXEDPULSER
            CODE    396CH     0057H     UNIT         ?PR?BUTTONSCAN?BUTTON
            CODE    39C3H     0054H     UNIT         ?PR?_STEPMOTOR_INIT?STEP_MOTOR
            CODE    3A17H     0053H     UNIT         ?PR?_ADC_INILIZE?ADC
            CODE    3A6AH     0048H     UNIT         ?PR?TIMER3_INT?TIMER
            CODE    3AB2H     0047H     UNIT         ?PR?TIMER1_ISR?TIMER
            CODE    3AF9H     0044H     UNIT         ?C?LDIV
            CODE    3B3DH     003FH     UNIT         ?PR?_EEPROM_READ_N?STC15_EEPROM
            CODE    3B7CH     003FH     UNIT         ?PR?_EEPROM_WRITE_N?STC15_EEPROM
            CODE    3BBBH     0039H     UNIT         ?PR?_SENDSCOPEDATA?DATASCOPE_DP
            CODE    3BF4H     002FH     UNIT         ?PR?_SETSTEPMOTORWITHROUND?STEP_MOTOR
            CODE    3C23H     002FH     UNIT         ?PR?_LCD1602_WRITE_WORD?LCD1602
            CODE    3C52H     002CH     UNIT         ?PR?_UART1_INIT?SETUP
            CODE    3C7EH     002BH     UNIT         ?PR?TASKSTART?ABSTASK
            CODE    3CA9H     0028H     UNIT         ?PR?BOARD_LED_INIT?LED
            CODE    3CD1H     0028H     UNIT         ?PR?_OPEN_PWM_N?STC15_PWM
            CODE    3CF9H     0028H     UNIT         ?PR?_TX2_WRITE2BUFF?USART1
            CODE    3D21H     0028H     UNIT         ?PR?_TX3_WRITE2BUFF?USART1
            CODE    3D49H     0028H     UNIT         ?PR?_TX4_WRITE2BUFF?USART1
            CODE    3D71H     0027H     UNIT         ?PR?_TX1_WRITE2BUFF?USART1
            CODE    3D98H     0025H     UNIT         ?PR?TASK8?ABSTASK
            CODE    3DBDH     0025H     UNIT         ?PR?_CLOSE_PWM_N?STC15_PWM
            CODE    3DE2H     0025H     UNIT         ?PR?_SETTIMEOUT?TIMER
            CODE    3E07H     0022H     UNIT         ?PR?_BLINK?LED
            CODE    3E29H     0021H     UNIT         ?PR?SETUP?SETUP
            CODE    3E4AH     0021H     UNIT         ?PR?_SETPARAMETERINFERIORLIMIT?PID
            CODE    3E6BH     0021H     UNIT         ?PR?_SETPARAMETERUPPERLIMIT?PID
            CODE    3E8CH     0021H     UNIT         ?PR?_SETACTUALPARAMETER?PID
            CODE    3EADH     0021H     UNIT         ?PR?_SETKI?PID
            CODE    3ECEH     0021H     UNIT         ?PR?_SETKP?PID
            CODE    3EEFH     0021H     UNIT         ?PR?_SETKD?PID
            CODE    3F10H     0021H     UNIT         ?PR?_SETPARAMETER?PID
            CODE    3F31H     0020H     UNIT         ?PR?_OPEN_STR?SERVO
            CODE    3F51H     0020H     UNIT         ?PR?_OPENPULSER?FIXEDPULSER
            CODE    3F71H     0020H     UNIT         ?PR?_CLOSEPULSER?FIXEDPULSER
            CODE    3F91H     0020H     UNIT         ?PR?_RESTARTTIMER?TIMER
            CODE    3FB1H     0020H     UNIT         ?PR?_EEPROM_SECTORERASE?STC15_EEPROM
            CODE    3FD1H     001FH     UNIT         ?PR?BUTTON_CONFIG?BUTTON
            CODE    3FF0H     001FH     UNIT         ?PR?_CLOSE_STR?SERVO
            CODE    400FH     001FH     UNIT         ?PR?_ISEXPIREDTIMER?TIMER
            CODE    402EH     001FH     UNIT         ?PR?_ISSTOPPED?TIMER
            CODE    404DH     001EH     UNIT         ?PR?_OPEN_DC_MOTOR?MOTOR
            CODE    406BH     001EH     UNIT         ?PR?LCD1602_GPIO_CONFIG?LCD1602
            CODE    4089H     001DH     UNIT         ?PR?_GETBUTTONSTATE?BUTTON
            CODE    40A6H     001DH     UNIT         ?PR?_CLOSE_DC_MOTOR?MOTOR
            CODE    40C3H     001DH     UNIT         ?PR?_OPEN_STEPMOTOR?STEP_MOTOR
            CODE    40E0H     001DH     UNIT         ?PR?LCD1602_INIT?LCD1602
            CODE    40FDH     001DH     UNIT         ?PR?_ISACTIVETIMER?TIMER
            CODE    411AH     001CH     UNIT         ?PR?_CLOSE_STEPMOTOR?STEP_MOTOR
            CODE    4136H     001CH     UNIT         ?PR?_ADC_CONFIG?ANGLE
            CODE    4152H     001CH     UNIT         ?PR?_LCD1602_WRITE_CHAR?LCD1602
            CODE    416EH     001CH     UNIT         ?PR?_LCD1602_WRITE_COM?LCD1602
            CODE    418AH     001CH     UNIT         ?PR?_SETTIMERHERTZ?TIMER
            CODE    41A6H     001AH     UNIT         ?PR?TASK9?ABSTASK
            CODE    41C0H     001AH     UNIT         ?PR?_GETPARAMETER?PID
            CODE    41DAH     001AH     UNIT         ?PR?_GETERR?PID
BL51 BANKED LINKER/LOCATER V6.00                                                      07/18/2017  10:27:43  PAGE 6


            CODE    41F4H     001AH     UNIT         ?PR?_GETERRLAST?PID
            CODE    420EH     001AH     UNIT         ?PR?_GETKP?PID
            CODE    4228H     001AH     UNIT         ?PR?_GETKI?PID
            CODE    4242H     001AH     UNIT         ?PR?_GETKD?PID
            CODE    425CH     001AH     UNIT         ?PR?_GETOUTPUT?PID
            CODE    4276H     001AH     UNIT         ?PR?_GETINTEGRAL?PID
            CODE    4290H     001AH     UNIT         ?PR?_READ_STR_ANGLE?SERVO
            CODE    42AAH     001AH     UNIT         ?PR?_GET_PWM_PERIOD?STC15_PWM
            CODE    42C4H     001AH     UNIT         ?PR?_GET_PWM_N_DUTY?STC15_PWM
            CODE    42DEH     001AH     UNIT         ?PR?_GETTIMEROUT?TIMER
            CODE    42F8H     001AH     UNIT         ?PR?_GETTIMERHERTZ?TIMER
            CODE    4312H     0019H     UNIT         ?PR?TASK5?ABSTASK
            CODE    432BH     0019H     UNIT         ?PR?_HC595_INIT?74HC595
            CODE    4344H     0019H     UNIT         ?PR?_STOPTIMER?TIMER
            CODE    435DH     0018H     UNIT         ?PR?TASK3?ABSTASK
            CODE    4375H     0018H     UNIT         ?PR?_PWM_SET_PERIOD?STC15_PWM
            CODE    438DH     0017H     UNIT         ?PR?_PRINTSTRING1?USART1
            CODE    43A4H     0016H     UNIT         ?PR?TASK7?ABSTASK
            CODE    43BAH     0014H     UNIT         ?RTX?TASKENT?S
            CODE    43CEH     0013H     UNIT         ?PR?_PRINTSTRING2?USART1
            CODE    43E1H     0013H     UNIT         ?PR?_PRINTSTRING3?USART1
            CODE    43F4H     0013H     UNIT         ?PR?_PRINTSTRING4?USART1
            CODE    4407H     0012H     UNIT         ?PR?_OPENPID?PID
            CODE    4419H     0012H     UNIT         ?PR?_WRITEDATA?STORAGE
            CODE    442BH     0012H     UNIT         ?PR?_GETPULSERSTATE?FIXEDPULSER
            CODE    443DH     0012H     UNIT         ?PR?_GET_PWM_N_STATE?STC15_PWM
            CODE    444FH     0011H     UNIT         ?PR?TASK1?ABSTASK
            CODE    4460H     0011H     UNIT         ?PR?_CLOSEPID?PID
            CODE    4471H     0011H     UNIT         ?PR?_GETSTEPMOTORSTATE?STEP_MOTOR
            CODE    4482H     0011H     UNIT         ?PR?_HC595SENDDATA?74HC595
            CODE    4493H     0011H     UNIT         ?PR?_SETPWM_DIV?STC15_PWM
            CODE    44A4H     0011H     UNIT         ?PR?_GETPWM_DIV?STC15_PWM
            CODE    44B5H     0010H     UNIT         ?PR?_GETDC_MOTORSTATE?MOTOR
            CODE    44C5H     0010H     UNIT         ?PR?_DELAY_MS?DELAY
            CODE    44D5H     000FH     UNIT         ?PR?_SETRELAY?RELAY
            CODE    44E4H     000EH     UNIT         ?PR?_UNSETRELAY?RELAY
            CODE    44F2H     000EH     UNIT         ?PR?_ONRESTARTTIMER?TIMER
            CODE    4500H     000EH     UNIT         ?PR?DISABLEEEPROM?STC15_EEPROM
            CODE    450EH     000CH     UNIT         ?PR?_ADC_POWERCONTROL?ADC
            CODE    451AH     000AH     UNIT         ?PR?_DIGITALREAD?BUTTON
            CODE    4524H     000AH     UNIT         ?PR?OPEN_PWM_ALL?STC15_PWM
            CODE    452EH     000AH     UNIT         ?PR?CLOSE_PWM_ALL?STC15_PWM
            CODE    4538H     0009H     UNIT         ?PR?GETMICROS?TIMER
            CODE    4541H     0009H     UNIT         ?PR?GETMILLIS?TIMER
            CODE    454AH     0007H     UNIT         ?PR?_SETSTEPMOTORDIVERSION?STEP_MOTOR
            CODE    4551H     0007H     UNIT         ?PR?_FREESTEPMOTOR?STEP_MOTOR
            CODE    4558H     0007H     UNIT         ?PR?_LOCKSTEPMOTOR?STEP_MOTOR
            CODE    455FH     0006H     UNIT         ?PR?_BOARD_LED_PWM?LED
            CODE    4565H     0006H     UNIT         ?PR?GETSECONDS?TIMER
            CODE    456BH     0006H     UNIT         ?PR?GETMINUTES?TIMER
            CODE    4571H     0006H     UNIT         ?PR?GETHOURS?TIMER
            CODE    4577H     0006H     UNIT         ?PR?GETDAYS?TIMER
            CODE    457DH     0005H     UNIT         ?PR?OPEN_BOARD_LED?LED
            CODE    4582H     0005H     UNIT         ?PR?CLOSE_BOARD_LED?LED
            CODE    4587H     0004H     UNIT         ?PR?ADC_INT?ADC
            CODE    458BH     0003H     UNIT         ?PR?GETBOARD_LED_STATE?LED
            CODE    458EH     0003H     UNIT         ?PR?_SETPINSTATE?GPIO
BL51 BANKED LINKER/LOCATER V6.00                                                      07/18/2017  10:27:43  PAGE 7


            CODE    4591H     0001H     UNIT         ?PR?TASK2?ABSTASK
            CODE    4592H     0001H     UNIT         ?PR?MODE1?MODE
            CODE    4593H     0001H     UNIT         ?PR?MODE2?MODE
            CODE    4594H     0001H     UNIT         ?PR?MODE3?MODE
            CODE    4595H     0001H     UNIT         ?PR?MODE4?MODE
            CODE    4596H     0001H     UNIT         ?PR?MODELAUNCHER?MODE
            CODE    4597H     0001H     UNIT         ?PR?RELAY_INIT?RELAY



OVERLAY MAP OF MODULE:   风板控制装置 (ABSTASK)


SEGMENT                                             BIT_GROUP          XDATA_GROUP
  +--> CALLED SEGMENT                            START    LENGTH     START    LENGTH
------------------------------------------------------------------------------------
?PR?TASKSTART?ABSTASK                            -----    -----      -----    -----
  +--> ?PR?SETUP?SETUP
  +--> ?PR?_BLINK?LED

?PR?SETUP?SETUP                                  -----    -----      -----    -----
  +--> ?PR?_UART1_INIT?SETUP
  +--> ?PR?TIMERINIT?TIMER
  +--> ?PR?BOARD_LED_INIT?LED
  +--> ?PR?BUTTON_CONFIG?BUTTON
  +--> ?PR?_ADC_CONFIG?ANGLE
  +--> ?PR?LCD1602_INIT?LCD1602

?PR?_UART1_INIT?SETUP                            -----    -----      028CH    000DH
  +--> ?PR?_USART_CONFIGURATION?USART1

?PR?_USART_CONFIGURATION?USART1                  -----    -----      0299H    0009H

?PR?TIMERINIT?TIMER                              -----    -----      028CH    0011H
  +--> ?PR?_TIMER_INILIZE?TIMER
  +--> ?CO?TIMER
  +--> ?PR?_PRINTSTRING1?USART1

?PR?_PRINTSTRING1?USART1                         -----    -----      -----    -----
  +--> ?PR?_TX1_WRITE2BUFF?USART1

?PR?BOARD_LED_INIT?LED                           -----    -----      028CH    0002H
  +--> ?PR?_GPIO_INILIZE?GPIO
  +--> ?PR?OPEN_BOARD_LED?LED
  +--> ?PR?_DELAY_MS?DELAY
  +--> ?PR?CLOSE_BOARD_LED?LED

?PR?BUTTON_CONFIG?BUTTON                         -----    -----      028CH    0002H
  +--> ?PR?_GPIO_INILIZE?GPIO

?PR?_ADC_CONFIG?ANGLE                            -----    -----      028CH    0006H
  +--> ?PR?_ADC_INILIZE?ADC

?PR?LCD1602_INIT?LCD1602                         -----    -----      -----    -----
  +--> ?PR?LCD1602_GPIO_CONFIG?LCD1602
  +--> ?PR?_LCD1602_WRITE_COM?LCD1602

BL51 BANKED LINKER/LOCATER V6.00                                                      07/18/2017  10:27:43  PAGE 8


?PR?_LCD1602_WRITE_COM?LCD1602                   -----    -----      028CH    0001H
  +--> ?PR?_DELAY_MS?DELAY

?PR?_BLINK?LED                                   -----    -----      028CH    0001H
  +--> ?PR?OPEN_BOARD_LED?LED
  +--> ?PR?_DELAY_MS?DELAY
  +--> ?PR?CLOSE_BOARD_LED?LED

*** NEW ROOT ***************************************************

?PR?TASK1?ABSTASK                                -----    -----      02A2H    0001H

*** NEW ROOT ***************************************************

?PR?TASK2?ABSTASK                                -----    -----      02A3H    0028H

*** NEW ROOT ***************************************************

?PR?TASK3?ABSTASK                                -----    -----      02CBH    0065H

*** NEW ROOT ***************************************************

?PR?TASK5?ABSTASK                                -----    -----      0330H    0004H
  +--> ?PR?BUTTONSCAN?BUTTON

?PR?BUTTONSCAN?BUTTON                            -----    -----      -----    -----
  +--> ?PR?_DIGITALREAD?BUTTON

*** NEW ROOT ***************************************************

?PR?TASK7?ABSTASK                                -----    -----      -----    -----
  +--> ?PR?_GETBUTTONSTATE?BUTTON
  +--> ?PR?OPEN_BOARD_LED?LED

*** NEW ROOT ***************************************************

?PR?TASK8?ABSTASK                                -----    -----      -----    -----
  +--> ?PR?GETANGLE?ANGLE
  +--> ?PR?OPEN_BOARD_LED?LED
  +--> ?PR?CLOSE_BOARD_LED?LED

?PR?GETANGLE?ANGLE                               0021H.0  0000H.1    0359H    0015H
  +--> ?PR?_GET_ADC10BITRESULT?ADC
  +--> ?PR?_FILTER?FILTER

?PR?_FILTER?FILTER                               -----    -----      036EH    0010H

*** NEW ROOT ***************************************************

?PR?TASK9?ABSTASK                                -----    -----      -----    -----
  +--> ?PR?GETANGLE?ANGLE
  +--> ?PR?_SENDSCOPEDATA?DATASCOPE_DP

?PR?_SENDSCOPEDATA?DATASCOPE_DP                  -----    -----      0359H    0006H
  +--> ?PR?_DATASCOPE_GET_CHANNEL_DATA?DATAS...
  +--> ?PR?_DATASCOPE_DATA_GENERATE?DATASCOP...
  +--> ?PR?_TX1_WRITE2BUFF?USART1
BL51 BANKED LINKER/LOCATER V6.00                                                      07/18/2017  10:27:43  PAGE 9



?PR?_DATASCOPE_GET_CHANNEL_DATA?DATAS...         -----    -----      035FH    0005H
  +--> ?PR?_FLOAT2BYTE?DATASCOPE_DP

?PR?_FLOAT2BYTE?DATASCOPE_DP                     -----    -----      0364H    000AH

*** NEW ROOT ***************************************************

?PR?PWM_ROUTINE?FIXEDPULSER                      -----    -----      -----    -----
  +--> ?PR?_CLOSE_PWM_N?STC15_PWM

*** NEW ROOT ***************************************************

?C_C51STARTUP                                    -----    -----      -----    -----
  +--> ?C_INITSEG



SYMBOL TABLE OF MODULE:  风板控制装置 (ABSTASK)

  VALUE           TYPE          NAME
  ----------------------------------

  -------         MODULE        ABSTASK
  C:0000H         SYMBOL        _ICE_DUMMY_
  D:0080H         PUBLIC        P0
  D:0090H         PUBLIC        P1
  D:00A0H         PUBLIC        P2
  D:00B0H         PUBLIC        P3
  D:00C0H         PUBLIC        P4
  D:00C8H         PUBLIC        P5
  D:00E8H         PUBLIC        P6
  D:00F8H         PUBLIC        P7
  D:00A8H         PUBLIC        IE
  D:00B8H         PUBLIC        IP
  D:00D8H         PUBLIC        CCON
  D:0098H         PUBLIC        SCON
  D:0088H         PUBLIC        TCON
  D:00F0H         PUBLIC        B
  C:3C7EH         PUBLIC        taskStart
  D:00E0H         PUBLIC        ACC
  C:444FH         PUBLIC        task1
  C:4591H         PUBLIC        task2
  C:435DH         PUBLIC        task3
  C:4312H         PUBLIC        task5
  C:43A4H         PUBLIC        task7
  C:3D98H         PUBLIC        task8
  C:41A6H         PUBLIC        task9
  D:00D0H         PUBLIC        PSW
  -------         PROC          TASKSTART
  C:3C7EH         LINE#         13
  C:3C7EH         LINE#         15
  C:3C81H         LINE#         16
  C:3C86H         LINE#         17
  C:3C8BH         LINE#         19
  C:3C90H         LINE#         20
  C:3C95H         LINE#         22
BL51 BANKED LINKER/LOCATER V6.00                                                      07/18/2017  10:27:43  PAGE 10


  C:3C9AH         LINE#         23
  C:3C9FH         LINE#         24
  C:3CA4H         LINE#         25
  -------         ENDPROC       TASKSTART
  -------         PROC          TASK1
  -------         DO            
  X:02A2H         SYMBOL        i
  -------         ENDDO         
  C:444FH         LINE#         27
  C:444FH         LINE#         29
  C:4454H         LINE#         30
  C:4454H         LINE#         31
  C:4454H         LINE#         33
  C:445EH         LINE#         35
  -------         ENDPROC       TASK1
  -------         PROC          TASK2
  -------         DO            
  X:05BEH         SYMBOL        count
  X:02A3H         SYMBOL        test
  -------         ENDDO         
  C:4591H         LINE#         37
  C:4591H         LINE#         45
  -------         ENDPROC       TASK2
  -------         PROC          TASK3
  -------         DO            
  X:02CBH         SYMBOL        string
  X:05C0H         SYMBOL        count
  X:032FH         SYMBOL        i
  -------         ENDDO         
  C:435DH         LINE#         46
  C:435DH         LINE#         50
  C:4363H         LINE#         51
  C:4363H         LINE#         52
  C:4369H         LINE#         54
  C:4373H         LINE#         56
  -------         ENDPROC       TASK3
  -------         PROC          TASK5
  -------         DO            
  X:0330H         SYMBOL        count
  -------         ENDDO         
  C:4312H         LINE#         59
  C:4312H         LINE#         61
  C:431CH         LINE#         62
  C:431CH         LINE#         63
  C:431CH         LINE#         65
  C:431FH         LINE#         66
  C:4329H         LINE#         67
  -------         ENDPROC       TASK5
  -------         PROC          TASK7
  C:43A4H         LINE#         70
  C:43A4H         LINE#         72
  C:43A4H         LINE#         73
  C:43A4H         LINE#         74
  C:43ABH         LINE#         75
  C:43ABH         LINE#         76
  C:43AEH         LINE#         77
  C:43AEH         LINE#         79
BL51 BANKED LINKER/LOCATER V6.00                                                      07/18/2017  10:27:43  PAGE 11


  C:43B8H         LINE#         80
  -------         ENDPROC       TASK7
  -------         PROC          TASK8
  C:3D98H         LINE#         82
  C:3D98H         LINE#         84
  C:3D98H         LINE#         85
  C:3D98H         LINE#         86
  C:3DA9H         LINE#         87
  C:3DA9H         LINE#         88
  C:3DACH         LINE#         89
  C:3DAEH         LINE#         91
  C:3DAEH         LINE#         92
  C:3DB1H         LINE#         93
  C:3DB1H         LINE#         94
  C:3DBBH         LINE#         95
  -------         ENDPROC       TASK8
  -------         PROC          TASK9
  C:41A6H         LINE#         97
  C:41A6H         LINE#         99
  C:41A6H         LINE#         100
  C:41A6H         LINE#         101
  C:41B4H         LINE#         102
  C:41BEH         LINE#         104
  -------         ENDPROC       TASK9
  -------         ENDMOD        ABSTASK

  -------         MODULE        TASK
  C:0000H         SYMBOL        _ICE_DUMMY_
  D:0080H         PUBLIC        P0
  D:0090H         PUBLIC        P1
  D:00A0H         PUBLIC        P2
  D:00B0H         PUBLIC        P3
  D:00C0H         PUBLIC        P4
  D:00C8H         PUBLIC        P5
  D:00E8H         PUBLIC        P6
  D:00F8H         PUBLIC        P7
  D:00A8H         PUBLIC        IE
  D:00B8H         PUBLIC        IP
  D:00D8H         PUBLIC        CCON
  D:0098H         PUBLIC        SCON
  D:0088H         PUBLIC        TCON
  D:00F0H         PUBLIC        B
  D:00E0H         PUBLIC        ACC
  D:00D0H         PUBLIC        PSW
  -------         ENDMOD        TASK

  -------         MODULE        SETUP
  C:0000H         SYMBOL        _ICE_DUMMY_
  D:0080H         PUBLIC        P0
  D:0090H         PUBLIC        P1
  D:00A0H         PUBLIC        P2
  D:00B0H         PUBLIC        P3
  D:00C0H         PUBLIC        P4
  D:00C8H         PUBLIC        P5
  B:00A8H.7       PUBLIC        EA
  D:00E8H         PUBLIC        P6
  C:3C52H         PUBLIC        _UART1_init
BL51 BANKED LINKER/LOCATER V6.00                                                      07/18/2017  10:27:43  PAGE 12


  D:00F8H         PUBLIC        P7
  D:00A8H         PUBLIC        IE
  D:00B8H         PUBLIC        IP
  D:00D8H         PUBLIC        CCON
  D:0098H         PUBLIC        SCON
  C:3E29H         PUBLIC        setup
  D:0088H         PUBLIC        TCON
  D:00F0H         PUBLIC        B
  D:00E0H         PUBLIC        ACC
  D:00D0H         PUBLIC        PSW
  -------         PROC          _UART1_INIT
  D:0004H         SYMBOL        BandRate
  -------         DO            
  X:028CH         SYMBOL        COMx_InitStructure
  -------         ENDDO         
  C:3C52H         LINE#         39
  C:3C52H         LINE#         40
  C:3C52H         LINE#         42
  C:3C58H         LINE#         43
  C:3C5CH         LINE#         44
  C:3C60H         LINE#         45
  C:3C66H         LINE#         46
  C:3C69H         LINE#         47
  C:3C6CH         LINE#         48
  C:3C6EH         LINE#         49
  C:3C71H         LINE#         50
  C:3C73H         LINE#         51
  -------         ENDPROC       _UART1_INIT
  -------         PROC          SETUP
  C:3E29H         LINE#         54
  C:3E29H         LINE#         55
  C:3E29H         LINE#         56
  C:3E34H         LINE#         57
  C:3E37H         LINE#         58
  C:3E3AH         LINE#         59
  C:3E3DH         LINE#         60
  C:3E44H         LINE#         61
  C:3E47H         LINE#         62
  C:3E49H         LINE#         64
  -------         ENDPROC       SETUP
  -------         ENDMOD        SETUP

  -------         MODULE        MODE
  C:0000H         SYMBOL        _ICE_DUMMY_
  C:4592H         PUBLIC        mode1
  C:4593H         PUBLIC        mode2
  C:4594H         PUBLIC        mode3
  C:4595H         PUBLIC        mode4
  C:4596H         PUBLIC        modeLauncher
  -------         PROC          MODE1
  C:4592H         LINE#         2
  C:4592H         LINE#         3
  C:4592H         LINE#         5
  -------         ENDPROC       MODE1
  -------         PROC          MODE2
  C:4593H         LINE#         7
  C:4593H         LINE#         8
BL51 BANKED LINKER/LOCATER V6.00                                                      07/18/2017  10:27:43  PAGE 13


  C:4593H         LINE#         10
  -------         ENDPROC       MODE2
  -------         PROC          MODE3
  C:4594H         LINE#         13
  C:4594H         LINE#         14
  C:4594H         LINE#         16
  -------         ENDPROC       MODE3
  -------         PROC          MODE4
  C:4595H         LINE#         18
  C:4595H         LINE#         19
  C:4595H         LINE#         21
  -------         ENDPROC       MODE4
  -------         PROC          MODELAUNCHER
  C:4596H         LINE#         22
  C:4596H         LINE#         23
  C:4596H         LINE#         25
  -------         ENDPROC       MODELAUNCHER
  -------         ENDMOD        MODE

  -------         MODULE        ?RTX51_TINY_KERNAL
  C:43BAH         SEGMENT       ?RTX?TASKENT?S
  I:000EH         SEGMENT       ?RTX?TASKSP?S
  I:0022H         SEGMENT       ?RTX?TASKSTATE?S
  B:0021H.1       SEGMENT       ?RTX?BITS
  C:199AH         SEGMENT       ?RTX?CODE
  C:19E9H         PUBLIC        ?RTX?SET_ISR
  D:000CH         PUBLIC        ?RTX_CURRENTTASK
  D:0007H         PUBLIC        ?RTX_NEXTID
  C:1A2CH         PUBLIC        ?RTX_NEXTTASK
  N:00FFH         PUBLIC        ?RTX_RAMTOP
  C:43BAH         PUBLIC        ?RTX_TASKENTRY
  C:1B0BH         PUBLIC        ?RTX_TASKIDX
  I:000EH         PUBLIC        ?RTX_TASKSP
  I:0022H         PUBLIC        ?RTX_TASKSTATUS
  C:1ACFH         PUBLIC        MAIN
  C:1A15H         PUBLIC        OS_SWITCH_TASK
  C:1A1EH         SYMBOL        ?C0001
  C:1A28H         SYMBOL        ?C0003
  C:1A2DH         SYMBOL        ?C0005
  C:1A47H         SYMBOL        ?C0007
  C:1A49H         SYMBOL        ?C0009
  C:1A53H         SYMBOL        ?C0011
  C:1A80H         SYMBOL        ?C0012
  C:1A66H         SYMBOL        ?C0013
  C:1A6BH         SYMBOL        ?C0015
  C:1A76H         SYMBOL        ?C0016
  N:0000H         SYMBOL        ?RTX51_TINY_KERNAL
  N:F63CH         SYMBOL        ?RTX_CLOCK
  N:0008H         SYMBOL        ?RTX_REGISTERBANK
  D:000DH         SYMBOL        ?RTX_ROBINTIME
  D:000AH         SYMBOL        ?RTX_SAVEACC
  D:000BH         SYMBOL        ?RTX_SAVEPSW
  C:199AH         SYMBOL        ?RTX_STACKERROR
  C:19EDH         SYMBOL        ?RTX_TASKSWITCHING
  B:0021H.1       SYMBOL        ?RTX_TS_DELAY
  D:00E0H         SYMBOL        ACC
  D:00F0H         SYMBOL        B
BL51 BANKED LINKER/LOCATER V6.00                                                      07/18/2017  10:27:43  PAGE 14


  N:0005H         SYMBOL        B_ACTIVE
  N:0007H         SYMBOL        B_IVL
  N:0007H         SYMBOL        B_RDY
  N:0004H         SYMBOL        B_READY
  N:0006H         SYMBOL        B_ROBIN
  N:0002H         SYMBOL        B_SIGNAL
  N:0003H         SYMBOL        B_TIMEOUT
  N:0000H         SYMBOL        B_WAITSIG
  N:0001H         SYMBOL        B_WAITTIM
  C:19EAH         SYMBOL        CHECKROBINTIME
  C:19C4H         SYMBOL        CHECKSTACK
  N:0000H         SYMBOL        CODE_BANKING
  N:0000H         SYMBOL        CPU_IDLE_CODE
  D:0083H         SYMBOL        DPH
  D:0082H         SYMBOL        DPL
  B:00A8H.7       SYMBOL        EA
  B:00A8H.4       SYMBOL        ES
  B:00A8H.1       SYMBOL        ET0
  B:00A8H.3       SYMBOL        ET1
  B:00A8H.0       SYMBOL        EX0
  B:00A8H.2       SYMBOL        EX1
  N:0014H         SYMBOL        FREE_STACK
  C:199EH         SYMBOL        HW_TIMER
  D:00A8H         SYMBOL        IE
  B:0088H.1       SYMBOL        IE0
  B:0088H.3       SYMBOL        IE1
  N:09C4H         SYMBOL        INT_CLOCK
  N:0001H         SYMBOL        INT_REGBANK
  B:0088H.0       SYMBOL        IT0
  B:0088H.2       SYMBOL        IT1
  N:0020H         SYMBOL        K_ACTIVE
  N:0080H         SYMBOL        K_IVL
  N:0080H         SYMBOL        K_RDY
  N:0010H         SYMBOL        K_READY
  N:0040H         SYMBOL        K_ROBIN
  N:0001H         SYMBOL        K_SIG
  N:0002H         SYMBOL        K_TMO
  N:0000H         SYMBOL        LONG_USR_INTR
  C:1AD8H         SYMBOL        MAIN1
  C:1AE2H         SYMBOL        MAIN1X
  C:1ADDH         SYMBOL        MAIN2
  C:1AA3H         SYMBOL        NOEVENT
  C:19E9H         SYMBOL        NOROBINTIMEOUT
  C:19E0H         SYMBOL        NOTIMEOUT
  C:19DEH         SYMBOL        NOWAITTIMEOUT
  C:1A15H         SYMBOL        OS_SWITCH_TASK1
  D:0087H         SYMBOL        PCON
  D:00D0H         SYMBOL        PSW
  N:00FFH         SYMBOL        RAMTOP
  N:0080H         SYMBOL        RDY_EVENT
  C:1AAFH         SYMBOL        ROBINON
  C:1A97H         SYMBOL        SIGNALOFF
  C:1AA3H         SYMBOL        SIGNALON
  N:0004H         SYMBOL        SIG_EVENT
  D:0081H         SYMBOL        SP
  I:0023H         SYMBOL        TASKSTATE
  D:0088H         SYMBOL        TCON
BL51 BANKED LINKER/LOCATER V6.00                                                      07/18/2017  10:27:43  PAGE 15


  B:0088H.5       SYMBOL        TF0
  B:0088H.7       SYMBOL        TF1
  D:008CH         SYMBOL        TH0
  D:008DH         SYMBOL        TH1
  C:1A9FH         SYMBOL        TIMEOUTON
  C:199FH         SYMBOL        TIMERINT
  C:19D0H         SYMBOL        TIMERLOOP
  I:0022H         SYMBOL        TIMERVAL
  N:000AH         SYMBOL        TIMESHARING
  D:008AH         SYMBOL        TL0
  D:008BH         SYMBOL        TL1
  D:0089H         SYMBOL        TMOD
  N:0008H         SYMBOL        TMO_EVENT
  B:0088H.4       SYMBOL        TR0
  B:0088H.6       SYMBOL        TR1
  C:000BH         LINE#         271
  C:199AH         LINE#         279
  C:199EH         LINE#         282
  C:199FH         LINE#         299
  C:19A2H         LINE#         301
  C:19A5H         LINE#         302
  C:19A8H         LINE#         303
  C:19AAH         LINE#         305
  C:19ACH         LINE#         306
  C:19AEH         LINE#         307
  C:19B0H         LINE#         308
  C:19B2H         LINE#         309
  C:19B4H         LINE#         310
  C:19B6H         LINE#         311
  C:19B8H         LINE#         312
  C:19BAH         LINE#         316
  C:19BBH         LINE#         317
  C:19BDH         LINE#         318
  C:19BEH         LINE#         319
  C:19BFH         LINE#         320
  C:19C2H         LINE#         321
  C:19C4H         LINE#         322
  C:19C5H         LINE#         323
  C:19C7H         LINE#         324
  C:19CAH         LINE#         325
  C:19CCH         LINE#         329
  C:19CEH         LINE#         330
  C:19D0H         LINE#         331
  C:19D1H         LINE#         332
  C:19D2H         LINE#         333
  C:19D3H         LINE#         334
  C:19D5H         LINE#         335
  C:19D7H         LINE#         336
  C:19D8H         LINE#         337
  C:19DBH         LINE#         338
  C:19DDH         LINE#         339
  C:19DEH         LINE#         340
  C:19E0H         LINE#         341
  C:19E1H         LINE#         342
  C:19E3H         LINE#         344
  C:19E4H         LINE#         345
  C:19E6H         LINE#         360
BL51 BANKED LINKER/LOCATER V6.00                                                      07/18/2017  10:27:43  PAGE 16


  C:19E9H         LINE#         366
  C:19EAH         LINE#         367
  C:19EDH         LINE#         370
  C:19EFH         LINE#         371
  C:19F1H         LINE#         372
  C:19F3H         LINE#         373
  C:19F5H         LINE#         374
  C:19F7H         LINE#         375
  C:19F9H         LINE#         376
  C:19FBH         LINE#         377
  C:19FDH         LINE#         378
  C:19FFH         LINE#         379
  C:1A01H         LINE#         380
  C:1A03H         LINE#         381
  C:1A05H         LINE#         382
  C:1A07H         LINE#         387
  C:1A09H         LINE#         388
  C:1A0AH         LINE#         389
  C:1A0CH         LINE#         390
  C:1A0DH         LINE#         391
  C:1A0FH         LINE#         392
  C:1A11H         LINE#         393
  C:1A12H         LINE#         394
  C:1A13H         LINE#         395
  C:1A15H         LINE#         424
  C:1A17H         LINE#         426
  C:1A19H         LINE#         427
  C:1A1AH         LINE#         429
  C:1A1BH         LINE#         430
  C:1A1DH         LINE#         431
  C:1A1EH         LINE#         434
  C:1A1FH         LINE#         435
  C:1A20H         LINE#         436
  C:1A21H         LINE#         444
  C:1A24H         LINE#         445
  C:1A26H         LINE#         446
  C:1A28H         LINE#         449
  C:1A29H         LINE#         450
  C:1A2CH         LINE#         458
  C:1A2DH         LINE#         462
  C:1A2FH         LINE#         463
  C:1A30H         LINE#         464
  C:1A31H         LINE#         465
  C:1A33H         LINE#         468
  C:1A35H         LINE#         470
  C:1A37H         LINE#         471
  C:1A39H         LINE#         472
  C:1A3AH         LINE#         473
  C:1A3BH         LINE#         474
  C:1A3CH         LINE#         476
  C:1A3EH         LINE#         478
  C:1A3FH         LINE#         479
  C:1A40H         LINE#         480
  C:1A42H         LINE#         481
  C:1A45H         LINE#         482
  C:1A47H         LINE#         484
  C:1A48H         LINE#         485
BL51 BANKED LINKER/LOCATER V6.00                                                      07/18/2017  10:27:43  PAGE 17


  C:1A49H         LINE#         490
  C:1A4AH         LINE#         491
  C:1A4BH         LINE#         492
  C:1A4DH         LINE#         496
  C:1A4EH         LINE#         497
  C:1A4FH         LINE#         498
  C:1A51H         LINE#         499
  C:1A53H         LINE#         505
  C:1A55H         LINE#         506
  C:1A56H         LINE#         507
  C:1A57H         LINE#         508
  C:1A59H         LINE#         510
  C:1A5BH         LINE#         511
  C:1A5DH         LINE#         512
  C:1A5EH         LINE#         513
  C:1A5FH         LINE#         516
  C:1A61H         LINE#         517
  C:1A64H         LINE#         518
  C:1A66H         LINE#         520
  C:1A67H         LINE#         522
  C:1A68H         LINE#         523
  C:1A69H         LINE#         524
  C:1A6AH         LINE#         525
  C:1A6BH         LINE#         529
  C:1A6DH         LINE#         530
  C:1A6EH         LINE#         531
  C:1A70H         LINE#         535
  C:1A72H         LINE#         536
  C:1A73H         LINE#         537
  C:1A74H         LINE#         539
  C:1A76H         LINE#         543
  C:1A78H         LINE#         544
  C:1A7AH         LINE#         545
  C:1A7BH         LINE#         546
  C:1A7CH         LINE#         548
  C:1A7EH         LINE#         549
  C:1A80H         LINE#         555
  C:1A83H         LINE#         559
  C:1A85H         LINE#         560
  C:1A86H         LINE#         561
  C:1A88H         LINE#         562
  C:1A89H         LINE#         563
  C:1A8BH         LINE#         564
  C:1A8DH         LINE#         565
  C:1A8EH         LINE#         567
  C:1A91H         LINE#         571
  C:1A94H         LINE#         572
  C:1A97H         LINE#         576
  C:1A99H         LINE#         577
  C:1A9CH         LINE#         578
  C:1A9FH         LINE#         580
  C:1AA1H         LINE#         581
  C:1AA3H         LINE#         583
  C:1AA5H         LINE#         584
  C:1AA6H         LINE#         585
  C:1AA8H         LINE#         587
  C:1AAAH         LINE#         588
BL51 BANKED LINKER/LOCATER V6.00                                                      07/18/2017  10:27:43  PAGE 18


  C:1AACH         LINE#         594
  C:1AAEH         LINE#         595
  C:1AAFH         LINE#         608
  C:1AB0H         LINE#         609
  C:1AB2H         LINE#         614
  C:1AB4H         LINE#         615
  C:1AB6H         LINE#         616
  C:1AB8H         LINE#         617
  C:1ABAH         LINE#         618
  C:1ABCH         LINE#         619
  C:1ABEH         LINE#         620
  C:1AC0H         LINE#         621
  C:1AC2H         LINE#         622
  C:1AC4H         LINE#         623
  C:1AC6H         LINE#         624
  C:1AC8H         LINE#         625
  C:1ACAH         LINE#         626
  C:1ACCH         LINE#         627
  C:1ACEH         LINE#         628
  C:1ACFH         LINE#         642
  C:1AD1H         LINE#         643
  C:1AD3H         LINE#         644
  C:1AD5H         LINE#         645
  C:1AD7H         LINE#         646
  C:1AD8H         LINE#         647
  C:1AD9H         LINE#         648
  C:1ADBH         LINE#         649
  C:1ADDH         LINE#         650
  C:1ADFH         LINE#         651
  C:1AE0H         LINE#         652
  C:1AE2H         LINE#         653
  C:1AE3H         LINE#         654
  C:1AE4H         LINE#         655
  C:1AE5H         LINE#         656
  C:1AE6H         LINE#         657
  C:1AE8H         LINE#         658
  C:1AEAH         LINE#         659
  C:1AECH         LINE#         660
  C:1AEFH         LINE#         661
  C:1AF1H         LINE#         662
  C:1AF2H         LINE#         663
  C:1AF4H         LINE#         664
  C:1AF5H         LINE#         665
  C:1AF6H         LINE#         666
  C:1AF8H         LINE#         668
  C:1AFBH         LINE#         670
  C:1AFEH         LINE#         671
  C:1B01H         LINE#         672
  C:1B04H         LINE#         673
  C:1B06H         LINE#         674
  C:1B08H         LINE#         675
  C:1B0AH         LINE#         676
  -------         ENDMOD        ?RTX51_TINY_KERNAL

  -------         MODULE        PID
  C:0000H         SYMBOL        _ICE_DUMMY_
  D:0080H         PUBLIC        P0
BL51 BANKED LINKER/LOCATER V6.00                                                      07/18/2017  10:27:43  PAGE 19


  D:0090H         PUBLIC        P1
  D:00A0H         PUBLIC        P2
  C:3EADH         PUBLIC        _setKi
  D:00B0H         PUBLIC        P3
  C:41F4H         PUBLIC        _getErrLast
  D:00C0H         PUBLIC        P4
  D:00C8H         PUBLIC        P5
  D:00E8H         PUBLIC        P6
  D:00F8H         PUBLIC        P7
  C:3E6BH         PUBLIC        _setParameterUpperLimit
  C:3ECEH         PUBLIC        _setKp
  D:00A8H         PUBLIC        IE
  C:4407H         PUBLIC        _openPID
  D:00B8H         PUBLIC        IP
  D:00D8H         PUBLIC        CCON
  D:0098H         PUBLIC        SCON
  D:0088H         PUBLIC        TCON
  C:2968H         PUBLIC        _PID_config
  C:3E4AH         PUBLIC        _setParameterInferiorLimit
  D:00F0H         PUBLIC        B
  D:00E0H         PUBLIC        ACC
  C:3E8CH         PUBLIC        _setActualParameter
  C:425CH         PUBLIC        _getOutput
  C:1EB0H         PUBLIC        _PID
  X:037EH         SYMBOL        g_pid_n_info
  C:41C0H         PUBLIC        _getParameter
  C:41DAH         PUBLIC        _getErr
  C:4242H         PUBLIC        _getKd
  C:3F10H         PUBLIC        _setParameter
  C:4228H         PUBLIC        _getKi
  C:4460H         PUBLIC        _closePID
  D:00D0H         PUBLIC        PSW
  C:4276H         PUBLIC        _getIntegral
  C:420EH         PUBLIC        _getKp
  C:3EEFH         PUBLIC        _setKd
  -------         PROC          _PID_CONFIG
  D:0003H         SYMBOL        PID_N
  X:054CH         SYMBOL        kp
  X:0550H         SYMBOL        ki
  X:0554H         SYMBOL        kd
  C:2968H         LINE#         49
  C:296AH         LINE#         50
  C:296AH         LINE#         51
  C:297FH         LINE#         52
  C:2994H         LINE#         53
  C:29A9H         LINE#         54
  C:29BEH         LINE#         55
  C:29DDH         LINE#         56
  C:29FCH         LINE#         57
  C:2A1BH         LINE#         58
  C:2A45H         LINE#         59
  C:2A6FH         LINE#         60
  -------         ENDPROC       _PID_CONFIG
  -------         PROC          _OPENPID
  D:0007H         SYMBOL        PID_N
  C:4407H         LINE#         70
  C:4407H         LINE#         71
BL51 BANKED LINKER/LOCATER V6.00                                                      07/18/2017  10:27:43  PAGE 20


  C:4407H         LINE#         72
  C:4418H         LINE#         74
  -------         ENDPROC       _OPENPID
  -------         PROC          _CLOSEPID
  D:0007H         SYMBOL        PID_N
  C:4460H         LINE#         83
  C:4460H         LINE#         84
  C:4460H         LINE#         85
  C:4470H         LINE#         88
  -------         ENDPROC       _CLOSEPID
  -------         PROC          _PID
  X:05DAH         SYMBOL        PID_N
  C:1EB0H         LINE#         97
  C:1EB5H         LINE#         98
  C:1EB5H         LINE#         101
  C:1EC8H         LINE#         102
  C:1EC8H         LINE#         104
  C:1F16H         LINE#         120
  C:1F59H         LINE#         123
  C:205EH         LINE#         126
  C:2088H         LINE#         129
  C:2089H         LINE#         130
  C:2089H         LINE#         132
  -------         ENDPROC       _PID
  -------         PROC          _SETPARAMETERINFERIORLIMIT
  D:0003H         SYMBOL        PID_N
  X:058DH         SYMBOL        value
  C:3E4AH         LINE#         142
  C:3E4CH         LINE#         143
  C:3E4CH         LINE#         144
  -------         ENDPROC       _SETPARAMETERINFERIORLIMIT
  -------         PROC          _SETPARAMETERUPPERLIMIT
  D:0003H         SYMBOL        PID_N
  X:0592H         SYMBOL        value
  C:3E6BH         LINE#         156
  C:3E6DH         LINE#         157
  C:3E6DH         LINE#         158
  -------         ENDPROC       _SETPARAMETERUPPERLIMIT
  -------         PROC          _SETACTUALPARAMETER
  D:0003H         SYMBOL        PID_N
  X:0597H         SYMBOL        value
  C:3E8CH         LINE#         171
  C:3E8EH         LINE#         172
  C:3E8EH         LINE#         173
  -------         ENDPROC       _SETACTUALPARAMETER
  -------         PROC          _SETKI
  D:0003H         SYMBOL        PID_N
  X:059CH         SYMBOL        value
  C:3EADH         LINE#         186
  C:3EAFH         LINE#         187
  C:3EAFH         LINE#         188
  -------         ENDPROC       _SETKI
  -------         PROC          _SETKP
  D:0003H         SYMBOL        PID_N
  X:05A1H         SYMBOL        value
  C:3ECEH         LINE#         200
  C:3ED0H         LINE#         201
BL51 BANKED LINKER/LOCATER V6.00                                                      07/18/2017  10:27:43  PAGE 21


  C:3ED0H         LINE#         202
  -------         ENDPROC       _SETKP
  -------         PROC          _SETKD
  D:0003H         SYMBOL        PID_N
  X:05A6H         SYMBOL        value
  C:3EEFH         LINE#         214
  C:3EF1H         LINE#         215
  C:3EF1H         LINE#         216
  -------         ENDPROC       _SETKD
  -------         PROC          _SETPARAMETER
  D:0003H         SYMBOL        PID_N
  X:05ABH         SYMBOL        value
  C:3F10H         LINE#         228
  C:3F12H         LINE#         229
  C:3F12H         LINE#         230
  -------         ENDPROC       _SETPARAMETER
  -------         PROC          _GETPARAMETER
  D:0007H         SYMBOL        PID_N
  C:41C0H         LINE#         242
  C:41C0H         LINE#         243
  C:41C0H         LINE#         244
  C:41D9H         LINE#         245
  -------         ENDPROC       _GETPARAMETER
  -------         PROC          _GETERR
  D:0007H         SYMBOL        PID_N
  C:41DAH         LINE#         255
  C:41DAH         LINE#         256
  C:41DAH         LINE#         257
  C:41F3H         LINE#         258
  -------         ENDPROC       _GETERR
  -------         PROC          _GETERRLAST
  D:0007H         SYMBOL        PID_N
  C:41F4H         LINE#         268
  C:41F4H         LINE#         269
  C:41F4H         LINE#         270
  C:420DH         LINE#         271
  -------         ENDPROC       _GETERRLAST
  -------         PROC          _GETKP
  D:0007H         SYMBOL        PID_N
  C:420EH         LINE#         280
  C:420EH         LINE#         281
  C:420EH         LINE#         282
  C:4227H         LINE#         283
  -------         ENDPROC       _GETKP
  -------         PROC          _GETKI
  D:0007H         SYMBOL        PID_N
  C:4228H         LINE#         293
  C:4228H         LINE#         294
  C:4228H         LINE#         295
  C:4241H         LINE#         296
  -------         ENDPROC       _GETKI
  -------         PROC          _GETKD
  D:0007H         SYMBOL        PID_N
  C:4242H         LINE#         306
  C:4242H         LINE#         307
  C:4242H         LINE#         308
  C:425BH         LINE#         309
BL51 BANKED LINKER/LOCATER V6.00                                                      07/18/2017  10:27:43  PAGE 22


  -------         ENDPROC       _GETKD
  -------         PROC          _GETOUTPUT
  D:0007H         SYMBOL        PID_N
  C:425CH         LINE#         319
  C:425CH         LINE#         320
  C:425CH         LINE#         321
  C:4275H         LINE#         322
  -------         ENDPROC       _GETOUTPUT
  -------         PROC          _GETINTEGRAL
  D:0007H         SYMBOL        PID_N
  C:4276H         LINE#         332
  C:4276H         LINE#         333
  C:4276H         LINE#         334
  C:428FH         LINE#         335
  -------         ENDPROC       _GETINTEGRAL
  -------         ENDMOD        PID

  -------         MODULE        FILTER
  C:0000H         SYMBOL        _ICE_DUMMY_
  D:0080H         PUBLIC        P0
  D:0090H         PUBLIC        P1
  D:00A0H         PUBLIC        P2
  D:00B0H         PUBLIC        P3
  D:00C0H         PUBLIC        P4
  D:00C8H         PUBLIC        P5
  D:00E8H         PUBLIC        P6
  D:00F8H         PUBLIC        P7
  C:26FEH         PUBLIC        _filter
  D:00A8H         PUBLIC        IE
  D:00B8H         PUBLIC        IP
  D:00D8H         PUBLIC        CCON
  D:0098H         PUBLIC        SCON
  D:0088H         PUBLIC        TCON
  D:00F0H         PUBLIC        B
  D:00E0H         PUBLIC        ACC
  D:00D0H         PUBLIC        PSW
  -------         PROC          _FILTER
  D:0001H         SYMBOL        ary
  X:0371H         SYMBOL        num
  X:0372H         SYMBOL        MaxValue
  X:0374H         SYMBOL        MinValue
  -------         DO            
  X:0376H         SYMBOL        angleDataloopTemp2
  X:0378H         SYMBOL        finalData
  X:037AH         SYMBOL        maxValue
  X:037CH         SYMBOL        minValue
  -------         ENDDO         
  C:26FEH         LINE#         2
  C:2703H         LINE#         3
  C:2703H         LINE#         5
  C:270AH         LINE#         6
  C:2719H         LINE#         7
  C:2728H         LINE#         8
  C:274AH         LINE#         9
  C:274AH         LINE#         10
  C:2766H         LINE#         11
  C:2766H         LINE#         12
BL51 BANKED LINKER/LOCATER V6.00                                                      07/18/2017  10:27:43  PAGE 23


  C:2783H         LINE#         13
  C:2783H         LINE#         14
  C:27A5H         LINE#         15
  C:27A5H         LINE#         16
  C:27C2H         LINE#         17
  C:27C2H         LINE#         18
  C:27E4H         LINE#         19
  C:27F8H         LINE#         20
  C:281DH         LINE#         21
  C:2833H         LINE#         22
  C:2833H         LINE#         23
  -------         ENDPROC       _FILTER
  -------         ENDMOD        FILTER

  -------         MODULE        DATASCOPE_DP
  C:0000H         SYMBOL        _ICE_DUMMY_
  D:0080H         PUBLIC        P0
  D:0090H         PUBLIC        P1
  D:00A0H         PUBLIC        P2
  D:00B0H         PUBLIC        P3
  D:00C0H         PUBLIC        P4
  D:00C8H         PUBLIC        P5
  D:00E8H         PUBLIC        P6
  D:00F8H         PUBLIC        P7
  X:0476H         PUBLIC        DataScope_OutPut_Buffer
  D:00A8H         PUBLIC        IE
  D:00B8H         PUBLIC        IP
  D:00D8H         PUBLIC        CCON
  C:3BBBH         PUBLIC        _sendScopeData
  D:0098H         PUBLIC        SCON
  D:0088H         PUBLIC        TCON
  D:00F0H         PUBLIC        B
  C:2ED7H         PUBLIC        _Float2Byte
  D:00E0H         PUBLIC        ACC
  C:30D1H         PUBLIC        _DataScope_Data_Generate
  C:2834H         PUBLIC        _DataScope_Get_Channel_Data
  D:00D0H         PUBLIC        PSW
  -------         PROC          _FLOAT2BYTE
  D:0001H         SYMBOL        target
  X:0367H         SYMBOL        buf
  X:036AH         SYMBOL        beg
  -------         DO            
  X:036BH         SYMBOL        point
  -------         ENDDO         
  C:2ED7H         LINE#         26
  C:2ED7H         LINE#         27
  C:2ED7H         LINE#         29
  C:2EE2H         LINE#         30
  C:2F00H         LINE#         31
  C:2F2CH         LINE#         32
  C:2F58H         LINE#         33
  -------         ENDPROC       _FLOAT2BYTE
  -------         PROC          _SENDSCOPEDATA
  D:0004H         SYMBOL        Data
  X:035DH         SYMBOL        channel
  -------         DO            
  X:035EH         SYMBOL        a
BL51 BANKED LINKER/LOCATER V6.00                                                      07/18/2017  10:27:43  PAGE 24


  -------         ENDDO         
  C:3BBBH         LINE#         43
  C:3BBBH         LINE#         44
  C:3BBBH         LINE#         47
  C:3BC6H         LINE#         49
  C:3BDCH         LINE#         50
  C:3BDCH         LINE#         51
  C:3BEBH         LINE#         52
  C:3BF3H         LINE#         54
  -------         ENDPROC       _SENDSCOPEDATA
  -------         PROC          _DATASCOPE_GET_CHANNEL_DATA
  X:035FH         SYMBOL        Data
  X:0363H         SYMBOL        Channel
  C:2834H         LINE#         60
  C:283AH         LINE#         61
  C:283AH         LINE#         62
  C:284DH         LINE#         63
  C:284DH         LINE#         65
  C:284DH         LINE#         67
  C:284DH         LINE#         68
  C:2883H         LINE#         69
  C:2883H         LINE#         70
  C:2883H         LINE#         71
  C:2896H         LINE#         72
  C:2899H         LINE#         73
  C:2899H         LINE#         74
  C:28ADH         LINE#         75
  C:28B0H         LINE#         76
  C:28B0H         LINE#         77
  C:28C4H         LINE#         78
  C:28C7H         LINE#         79
  C:28C7H         LINE#         80
  C:28DBH         LINE#         81
  C:28DEH         LINE#         82
  C:28DEH         LINE#         83
  C:28F2H         LINE#         84
  C:28F4H         LINE#         85
  C:28F4H         LINE#         86
  C:2908H         LINE#         87
  C:290AH         LINE#         88
  C:290AH         LINE#         89
  C:291EH         LINE#         90
  C:2920H         LINE#         91
  C:2920H         LINE#         92
  C:2934H         LINE#         93
  C:2936H         LINE#         94
  C:2936H         LINE#         95
  C:294AH         LINE#         96
  C:294CH         LINE#         97
  C:294CH         LINE#         98
  C:2967H         LINE#         99
  C:2967H         LINE#         100
  C:2967H         LINE#         101
  C:2967H         LINE#         102
  -------         ENDPROC       _DATASCOPE_GET_CHANNEL_DATA
  -------         PROC          _DATASCOPE_DATA_GENERATE
  D:0007H         SYMBOL        Channel_Number
BL51 BANKED LINKER/LOCATER V6.00                                                      07/18/2017  10:27:43  PAGE 25


  C:30D1H         LINE#         107
  C:30D1H         LINE#         108
  C:30D1H         LINE#         109
  C:30DAH         LINE#         110
  C:30DAH         LINE#         111
  C:30DDH         LINE#         112
  C:30DDH         LINE#         114
  C:30DDH         LINE#         115
  C:30E3H         LINE#         116
  C:3119H         LINE#         117
  C:3119H         LINE#         118
  C:3119H         LINE#         119
  C:311FH         LINE#         120
  C:3122H         LINE#         121
  C:3122H         LINE#         122
  C:3122H         LINE#         123
  C:3128H         LINE#         124
  C:312BH         LINE#         125
  C:312BH         LINE#         126
  C:312BH         LINE#         127
  C:3131H         LINE#         128
  C:3134H         LINE#         129
  C:3134H         LINE#         130
  C:3134H         LINE#         131
  C:313AH         LINE#         132
  C:313DH         LINE#         133
  C:313DH         LINE#         134
  C:313DH         LINE#         135
  C:3143H         LINE#         136
  C:3146H         LINE#         137
  C:3146H         LINE#         138
  C:3146H         LINE#         139
  C:314CH         LINE#         140
  C:314FH         LINE#         141
  C:314FH         LINE#         142
  C:314FH         LINE#         143
  C:3155H         LINE#         144
  C:3158H         LINE#         145
  C:3158H         LINE#         146
  C:3158H         LINE#         147
  C:315EH         LINE#         148
  C:3161H         LINE#         149
  C:3161H         LINE#         150
  C:3161H         LINE#         151
  C:3167H         LINE#         152
  C:316AH         LINE#         153
  C:316AH         LINE#         154
  C:316AH         LINE#         155
  C:3170H         LINE#         156
  C:3173H         LINE#         157
  C:3173H         LINE#         158
  C:3173H         LINE#         159
  C:3173H         LINE#         160
  C:3175H         LINE#         161
  -------         ENDPROC       _DATASCOPE_DATA_GENERATE
  -------         ENDMOD        DATASCOPE_DP

BL51 BANKED LINKER/LOCATER V6.00                                                      07/18/2017  10:27:43  PAGE 26


  -------         MODULE        STORAGE
  C:0000H         SYMBOL        _ICE_DUMMY_
  D:0080H         PUBLIC        P0
  D:0090H         PUBLIC        P1
  D:00A0H         PUBLIC        P2
  D:00B0H         PUBLIC        P3
  D:00C0H         PUBLIC        P4
  D:00C8H         PUBLIC        P5
  D:00E8H         PUBLIC        P6
  D:00F8H         PUBLIC        P7
  D:00A8H         PUBLIC        IE
  D:00B8H         PUBLIC        IP
  D:00D8H         PUBLIC        CCON
  C:4419H         PUBLIC        _writeData
  D:0098H         PUBLIC        SCON
  D:0088H         PUBLIC        TCON
  D:00F0H         PUBLIC        B
  D:00E0H         PUBLIC        ACC
  D:00D0H         PUBLIC        PSW
  -------         PROC          _WRITEDATA
  X:05AFH         SYMBOL        add
  X:05B1H         SYMBOL        Data
  C:4419H         LINE#         3
  C:442AH         LINE#         4
  C:442AH         LINE#         6
  -------         ENDPROC       _WRITEDATA
  -------         ENDMOD        STORAGE

  -------         MODULE        BUTTON
  C:0000H         SYMBOL        _ICE_DUMMY_
  D:0080H         PUBLIC        P0
  D:0090H         PUBLIC        P1
  D:00A0H         PUBLIC        P2
  D:00B0H         PUBLIC        P3
  D:00C0H         PUBLIC        P4
  D:00C8H         PUBLIC        P5
  D:00E8H         PUBLIC        P6
  D:00F8H         PUBLIC        P7
  D:00A8H         PUBLIC        IE
  D:00B8H         PUBLIC        IP
  D:00D8H         PUBLIC        CCON
  C:396CH         PUBLIC        buttonScan
  B:0020H.0       SYMBOL        BUTTON1_bit
  B:0020H.1       SYMBOL        BUTTON2_bit
  B:0020H.2       SYMBOL        BUTTON3_bit
  B:0020H.3       SYMBOL        BUTTON4_bit
  D:0098H         PUBLIC        SCON
  B:00A0H.3       PUBLIC        P23
  D:0088H         PUBLIC        TCON
  B:00A0H.4       PUBLIC        P24
  B:00A0H.5       PUBLIC        P25
  B:00A0H.6       PUBLIC        P26
  D:00F0H         PUBLIC        B
  C:4089H         PUBLIC        _getButtonState
  D:00E0H         PUBLIC        ACC
  C:3FD1H         PUBLIC        Button_config
  C:451AH         SYMBOL        _digitalRead
BL51 BANKED LINKER/LOCATER V6.00                                                      07/18/2017  10:27:43  PAGE 27


  D:00D0H         PUBLIC        PSW
  -------         PROC          BUTTON_CONFIG
  -------         DO            
  X:028CH         SYMBOL        GPIO_InitStructure
  -------         ENDDO         
  C:3FD1H         LINE#         25
  C:3FD1H         LINE#         26
  C:3FD1H         LINE#         28
  C:3FD7H         LINE#         29
  C:3FDCH         LINE#         30
  C:3FE7H         LINE#         31
  C:3FE9H         LINE#         32
  C:3FEBH         LINE#         33
  C:3FEDH         LINE#         34
  C:3FEFH         LINE#         35
  -------         ENDPROC       BUTTON_CONFIG
  -------         PROC          _DIGITALREAD
  D:0006H         SYMBOL        pin
  C:451AH         LINE#         43
  C:451AH         LINE#         44
  C:451AH         LINE#         45
  C:451EH         LINE#         46
  C:451EH         LINE#         47
  C:4523H         LINE#         48
  C:4523H         LINE#         49
  -------         ENDPROC       _DIGITALREAD
  -------         PROC          _GETBUTTONSTATE
  D:0007H         SYMBOL        BUTTON_data
  C:4089H         LINE#         61
  C:4089H         LINE#         62
  C:4089H         LINE#         63
  C:409AH         LINE#         64
  C:409AH         LINE#         65
  C:409AH         LINE#         66
  C:409DH         LINE#         67
  C:409DH         LINE#         68
  C:409DH         LINE#         69
  C:40A0H         LINE#         70
  C:40A0H         LINE#         71
  C:40A0H         LINE#         72
  C:40A3H         LINE#         73
  C:40A3H         LINE#         74
  C:40A3H         LINE#         75
  C:40A5H         LINE#         76
  C:40A5H         LINE#         77
  C:40A5H         LINE#         78
  -------         ENDPROC       _GETBUTTONSTATE
  -------         PROC          BUTTONSCAN
  C:396CH         LINE#         88
  C:396CH         LINE#         89
  C:396CH         LINE#         90
  C:3977H         LINE#         91
  C:3977H         LINE#         92
  C:3981H         LINE#         93
  C:3981H         LINE#         97
  C:3983H         LINE#         98
  C:3983H         LINE#         99
BL51 BANKED LINKER/LOCATER V6.00                                                      07/18/2017  10:27:43  PAGE 28


  C:3985H         LINE#         101
  C:3985H         LINE#         102
  C:3987H         LINE#         103
  C:3987H         LINE#         104
  C:3992H         LINE#         105
  C:3992H         LINE#         106
  C:3995H         LINE#         107
  C:3995H         LINE#         111
  C:3997H         LINE#         112
  C:3997H         LINE#         113
  C:3999H         LINE#         115
  C:3999H         LINE#         116
  C:399BH         LINE#         117
  C:399BH         LINE#         118
  C:39A6H         LINE#         119
  C:39A6H         LINE#         120
  C:39A9H         LINE#         121
  C:39A9H         LINE#         125
  C:39ABH         LINE#         127
  C:39ABH         LINE#         128
  C:39ADH         LINE#         130
  C:39ADH         LINE#         131
  C:39AFH         LINE#         132
  C:39AFH         LINE#         133
  C:39BAH         LINE#         134
  C:39BAH         LINE#         135
  C:39BDH         LINE#         136
  C:39BDH         LINE#         140
  C:39BFH         LINE#         142
  C:39BFH         LINE#         143
  C:39C0H         LINE#         145
  C:39C0H         LINE#         146
  C:39C2H         LINE#         147
  C:39C2H         LINE#         148
  -------         ENDPROC       BUTTONSCAN
  -------         ENDMOD        BUTTON

  -------         MODULE        LED
  C:0000H         SYMBOL        _ICE_DUMMY_
  D:0080H         PUBLIC        P0
  D:0090H         PUBLIC        P1
  D:00A0H         PUBLIC        P2
  D:00B0H         PUBLIC        P3
  D:00C0H         PUBLIC        P4
  D:00C8H         PUBLIC        P5
  B:0021H.2       SYMBOL        Board_LED_State
  D:00E8H         PUBLIC        P6
  D:00F8H         PUBLIC        P7
  D:00A8H         PUBLIC        IE
  C:3E07H         PUBLIC        _blink
  C:3CA9H         PUBLIC        Board_LED_Init
  D:00B8H         PUBLIC        IP
  C:4582H         PUBLIC        close_Board_LED
  D:00D8H         PUBLIC        CCON
  D:0098H         PUBLIC        SCON
  D:0088H         PUBLIC        TCON
  C:457DH         PUBLIC        open_Board_LED
BL51 BANKED LINKER/LOCATER V6.00                                                      07/18/2017  10:27:43  PAGE 29


  B:00C8H.5       PUBLIC        P55
  D:00F0H         PUBLIC        B
  D:00E0H         PUBLIC        ACC
  C:458BH         PUBLIC        getBoard_LED_State
  C:455FH         PUBLIC        _Board_LED_PWM
  D:00D0H         PUBLIC        PSW
  -------         PROC          BOARD_LED_INIT
  -------         DO            
  X:028CH         SYMBOL        GPIO_InitStructure
  -------         ENDDO         
  C:3CA9H         LINE#         8
  C:3CA9H         LINE#         9
  C:3CA9H         LINE#         11
  C:3CAFH         LINE#         12
  C:3CB4H         LINE#         13
  C:3CBFH         LINE#         14
  C:3CC2H         LINE#         15
  C:3CC7H         LINE#         16
  C:3CCAH         LINE#         17
  C:3CCFH         LINE#         18
  C:3CD0H         LINE#         19
  -------         ENDPROC       BOARD_LED_INIT
  -------         PROC          OPEN_BOARD_LED
  C:457DH         LINE#         20
  C:457DH         LINE#         21
  C:457DH         LINE#         22
  C:457FH         LINE#         23
  C:4581H         LINE#         24
  -------         ENDPROC       OPEN_BOARD_LED
  -------         PROC          CLOSE_BOARD_LED
  C:4582H         LINE#         25
  C:4582H         LINE#         26
  C:4582H         LINE#         27
  C:4584H         LINE#         28
  C:4586H         LINE#         30
  -------         ENDPROC       CLOSE_BOARD_LED
  -------         PROC          _BLINK
  X:028CH         SYMBOL        time
  C:3E07H         LINE#         31
  C:3E0CH         LINE#         32
  C:3E0CH         LINE#         33
  C:3E16H         LINE#         34
  C:3E16H         LINE#         35
  C:3E19H         LINE#         36
  C:3E1EH         LINE#         37
  C:3E21H         LINE#         38
  C:3E26H         LINE#         40
  C:3E28H         LINE#         41
  -------         ENDPROC       _BLINK
  -------         PROC          GETBOARD_LED_STATE
  C:458BH         LINE#         42
  C:458BH         LINE#         43
  C:458BH         LINE#         44
  C:458DH         LINE#         45
  -------         ENDPROC       GETBOARD_LED_STATE
  -------         PROC          _BOARD_LED_PWM
  X:05DBH         SYMBOL        luminance
BL51 BANKED LINKER/LOCATER V6.00                                                      07/18/2017  10:27:43  PAGE 30


  C:455FH         LINE#         46
  C:4564H         LINE#         47
  C:4564H         LINE#         48
  C:4564H         LINE#         49
  C:4564H         LINE#         52
  C:4564H         LINE#         54
  -------         ENDPROC       _BOARD_LED_PWM
  -------         ENDMOD        LED

  -------         MODULE        MOTOR
  C:0000H         SYMBOL        _ICE_DUMMY_
  D:0080H         PUBLIC        P0
  D:0090H         PUBLIC        P1
  D:00A0H         PUBLIC        P2
  D:00B0H         PUBLIC        P3
  D:00C0H         PUBLIC        P4
  D:00C8H         PUBLIC        P5
  D:00E8H         PUBLIC        P6
  D:00F8H         PUBLIC        P7
  D:00BAH         PUBLIC        P_SW2
  D:00A8H         PUBLIC        IE
  C:404DH         PUBLIC        _open_DC_Motor
  D:00B8H         PUBLIC        IP
  D:00D8H         PUBLIC        CCON
  B:00A0H.2       PUBLIC        P22
  D:0098H         PUBLIC        SCON
  B:00A0H.3       PUBLIC        P23
  D:0088H         PUBLIC        TCON
  C:3351H         PUBLIC        _setDC_MotorSpeed
  D:00F0H         PUBLIC        B
  X:05C2H         SYMBOL        g_DC_Motor
  C:44B5H         PUBLIC        _getDC_MotorState
  D:00E0H         PUBLIC        ACC
  C:3781H         PUBLIC        DC_MOTOR_config
  C:40A6H         PUBLIC        _close_DC_Motor
  D:00D0H         PUBLIC        PSW
  -------         PROC          _SETDC_MOTORSPEED
  X:05B4H         SYMBOL        motor
  X:05B5H         SYMBOL        speed
  C:3351H         LINE#         38
  C:3356H         LINE#         39
  C:3356H         LINE#         41
  C:3371H         LINE#         42
  C:3371H         LINE#         43
  C:337BH         LINE#         44
  C:337BH         LINE#         45
  C:3396H         LINE#         46
  C:3396H         LINE#         48
  C:33A0H         LINE#         49
  C:33A0H         LINE#         52
  C:33C0H         LINE#         53
  C:33E2H         LINE#         54
  -------         ENDPROC       _SETDC_MOTORSPEED
  -------         PROC          _OPEN_DC_MOTOR
  X:05DCH         SYMBOL        motor
  C:404DH         LINE#         55
  C:4052H         LINE#         56
BL51 BANKED LINKER/LOCATER V6.00                                                      07/18/2017  10:27:43  PAGE 31


  C:4052H         LINE#         57
  C:4058H         LINE#         58
  C:406AH         LINE#         59
  -------         ENDPROC       _OPEN_DC_MOTOR
  -------         PROC          _CLOSE_DC_MOTOR
  X:05DDH         SYMBOL        motor
  C:40A6H         LINE#         60
  C:40ABH         LINE#         61
  C:40ABH         LINE#         62
  C:40B1H         LINE#         63
  C:40C2H         LINE#         67
  -------         ENDPROC       _CLOSE_DC_MOTOR
  -------         PROC          _GETDC_MOTORSTATE
  D:0007H         SYMBOL        motor
  C:44B5H         LINE#         68
  C:44B5H         LINE#         69
  C:44B5H         LINE#         70
  C:44C4H         LINE#         72
  -------         ENDPROC       _GETDC_MOTORSTATE
  -------         PROC          DC_MOTOR_CONFIG
  -------         DO            
  X:0527H         SYMBOL        GPIO_InitStructure
  X:0529H         SYMBOL        PWM_InitStructure
  -------         ENDDO         
  C:3781H         LINE#         80
  C:3781H         LINE#         81
  C:3781H         LINE#         85
  C:3786H         LINE#         88
  C:378AH         LINE#         89
  C:3795H         LINE#         93
  C:379BH         LINE#         94
  C:37A6H         LINE#         95
  C:37A8H         LINE#         96
  C:37AAH         LINE#         99
  C:37ADH         LINE#         100
  C:37B2H         LINE#         101
  C:37B4H         LINE#         102
  C:37B6H         LINE#         103
  C:37B9H         LINE#         104
  C:37BCH         LINE#         105
  C:37BEH         LINE#         106
  C:37C0H         LINE#         107
  C:37C2H         LINE#         108
  C:37C4H         LINE#         109
  C:37C6H         LINE#         110
  C:37C8H         LINE#         111
  C:37CAH         LINE#         112
  C:37CCH         LINE#         113
  C:37CEH         LINE#         114
  C:37D0H         LINE#         115
  C:37D2H         LINE#         116
  C:37DDH         LINE#         117
  C:37E8H         LINE#         119
  C:37EBH         LINE#         122
  -------         ENDPROC       DC_MOTOR_CONFIG
  -------         ENDMOD        MOTOR

BL51 BANKED LINKER/LOCATER V6.00                                                      07/18/2017  10:27:43  PAGE 32


  -------         MODULE        SERVO
  C:0000H         SYMBOL        _ICE_DUMMY_
  D:0080H         PUBLIC        P0
  D:0090H         PUBLIC        P1
  D:00A0H         PUBLIC        P2
  D:00B0H         PUBLIC        P3
  D:00C0H         PUBLIC        P4
  D:00C8H         PUBLIC        P5
  D:00E8H         PUBLIC        P6
  D:00F8H         PUBLIC        P7
  D:00BAH         PUBLIC        P_SW2
  D:00A8H         PUBLIC        IE
  C:3F31H         PUBLIC        _open_STR
  C:2A99H         PUBLIC        _set_STR_angle
  D:00B8H         PUBLIC        IP
  D:00D8H         PUBLIC        CCON
  C:208AH         PUBLIC        _Init_Str_Motor
  D:0098H         PUBLIC        SCON
  D:0088H         PUBLIC        TCON
  B:00B0H.7       PUBLIC        P37
  D:00F0H         PUBLIC        B
  D:00E0H         PUBLIC        ACC
  C:4290H         PUBLIC        _read_STR_angle
  X:03F0H         SYMBOL        str_motor
  C:3FF0H         PUBLIC        _close_STR
  D:00D0H         PUBLIC        PSW
  -------         PROC          _INIT_STR_MOTOR
  X:04A0H         SYMBOL        MOTOR
  X:04A1H         SYMBOL        pl
  X:04A5H         SYMBOL        ph
  X:04A9H         SYMBOL        ma
  X:04ADH         SYMBOL        n
  -------         DO            
  X:04AFH         SYMBOL        GPIO_InitStructure
  X:04B1H         SYMBOL        PWM_InitStructure
  -------         ENDDO         
  C:208AH         LINE#         43
  C:208FH         LINE#         44
  C:208FH         LINE#         47
  C:2094H         LINE#         48
  C:2098H         LINE#         49
  C:20A3H         LINE#         54
[...]
  C:353BH         LINE#         361
  C:353BH         LINE#         362
  C:353BH         LINE#         364
  C:3540H         LINE#         365
  C:3540H         LINE#         366
  C:3543H         LINE#         367
  C:3550H         LINE#         368
  C:3550H         LINE#         369
  C:355DH         LINE#         370
  C:356AH         LINE#         371
  C:356CH         LINE#         372
  C:3571H         LINE#         373
  C:3571H         LINE#         375
  -------         ENDPROC       UART2_INT
  -------         PROC          UART3_INT
  C:357EH         LINE#         379
  C:358DH         LINE#         381
  C:3592H         LINE#         382
  C:3592H         LINE#         383
BL51 BANKED LINKER/LOCATER V6.00                                                      07/18/2017  10:27:43  PAGE 79


  C:3595H         LINE#         384
  C:359BH         LINE#         385
  C:359BH         LINE#         386
  C:35A6H         LINE#         387
  C:35BAH         LINE#         388
  C:35C0H         LINE#         389
  C:35C0H         LINE#         390
  C:35C0H         LINE#         392
  C:35C5H         LINE#         393
  C:35C5H         LINE#         394
  C:35C8H         LINE#         395
  C:35D5H         LINE#         396
  C:35D5H         LINE#         397
  C:35E2H         LINE#         398
  C:35EFH         LINE#         399
  C:35F1H         LINE#         400
  C:35F6H         LINE#         401
  C:35F6H         LINE#         403
  -------         ENDPROC       UART3_INT
  -------         PROC          UART4_INT
  C:3603H         LINE#         407
  C:3612H         LINE#         409
  C:3617H         LINE#         410
  C:3617H         LINE#         411
  C:361AH         LINE#         412
  C:3620H         LINE#         413
  C:3620H         LINE#         414
  C:362BH         LINE#         415
  C:363FH         LINE#         416
  C:3645H         LINE#         417
  C:3645H         LINE#         418
  C:3645H         LINE#         420
  C:364AH         LINE#         421
  C:364AH         LINE#         422
  C:364DH         LINE#         423
  C:365AH         LINE#         424
  C:365AH         LINE#         425
  C:3667H         LINE#         426
  C:3674H         LINE#         427
  C:3676H         LINE#         428
  C:367BH         LINE#         429
  C:367BH         LINE#         431
  -------         ENDPROC       UART4_INT
  -------         ENDMOD        USART1

  -------         MODULE        STC15_EEPROM
  C:0000H         SYMBOL        _ICE_DUMMY_
  D:0080H         PUBLIC        P0
  D:0090H         PUBLIC        P1
  D:00A0H         PUBLIC        P2
  D:00B0H         PUBLIC        P3
  C:4500H         PUBLIC        DisableEEPROM
  D:00C0H         PUBLIC        P4
  D:00C8H         PUBLIC        P5
  D:00C6H         PUBLIC        ISP_TRIG
  B:00A8H.7       PUBLIC        EA
  D:00E8H         PUBLIC        P6
BL51 BANKED LINKER/LOCATER V6.00                                                      07/18/2017  10:27:43  PAGE 80


  D:00F8H         PUBLIC        P7
  D:00A8H         PUBLIC        IE
  C:3FB1H         PUBLIC        _EEPROM_SectorErase
  C:3B3DH         PUBLIC        _EEPROM_read_n
  D:00B8H         PUBLIC        IP
  D:00C5H         PUBLIC        ISP_CMD
  D:00D8H         PUBLIC        CCON
  C:3B7CH         PUBLIC        _EEPROM_write_n
  D:00C3H         PUBLIC        ISP_ADDRH
  D:0098H         PUBLIC        SCON
  D:0088H         PUBLIC        TCON
  D:00C4H         PUBLIC        ISP_ADDRL
  D:00F0H         PUBLIC        B
  D:00E0H         PUBLIC        ACC
  D:00C7H         PUBLIC        ISP_CONTR
  D:00C2H         PUBLIC        ISP_DATA
  D:00D0H         PUBLIC        PSW
  -------         PROC          DISABLEEEPROM
  C:4500H         LINE#         30
  C:4500H         LINE#         31
  C:4500H         LINE#         32
  C:4503H         LINE#         33
  C:4505H         LINE#         34
  C:4507H         LINE#         35
  C:450AH         LINE#         36
  C:450DH         LINE#         37
  -------         ENDPROC       DISABLEEEPROM
  -------         PROC          _EEPROM_READ_N
  D:0004H         SYMBOL        EE_address
  D:0001H         SYMBOL        DataAddress
  X:057DH         SYMBOL        number
  C:3B3DH         LINE#         49
  C:3B41H         LINE#         50
  C:3B41H         LINE#         51
  C:3B43H         LINE#         52
  C:3B46H         LINE#         53
  C:3B49H         LINE#         55
  C:3B49H         LINE#         56
  C:3B4CH         LINE#         57
  C:3B50H         LINE#         58
  C:3B56H         LINE#         61
  C:3B57H         LINE#         62
  C:3B5CH         LINE#         63
  C:3B61H         LINE#         64
  C:3B68H         LINE#         65
  C:3B76H         LINE#         67
  C:3B79H         LINE#         68
  C:3B7BH         LINE#         69
  -------         ENDPROC       _EEPROM_READ_N
  -------         PROC          _EEPROM_SECTORERASE
  D:0004H         SYMBOL        EE_address
  C:3FB1H         LINE#         80
  C:3FB5H         LINE#         81
  C:3FB5H         LINE#         82
  C:3FB7H         LINE#         85
  C:3FBAH         LINE#         86
  C:3FBEH         LINE#         87
BL51 BANKED LINKER/LOCATER V6.00                                                      07/18/2017  10:27:43  PAGE 81


  C:3FC1H         LINE#         88
  C:3FC4H         LINE#         89
  C:3FCAH         LINE#         90
  C:3FCBH         LINE#         91
  C:3FCEH         LINE#         92
  C:3FD0H         LINE#         93
  -------         ENDPROC       _EEPROM_SECTORERASE
  -------         PROC          _EEPROM_WRITE_N
  D:0004H         SYMBOL        EE_address
  D:0001H         SYMBOL        DataAddress
  X:0584H         SYMBOL        number
  C:3B7CH         LINE#         104
  C:3B80H         LINE#         105
  C:3B80H         LINE#         106
  C:3B82H         LINE#         108
  C:3B85H         LINE#         109
  C:3B88H         LINE#         111
  C:3B88H         LINE#         112
  C:3B8BH         LINE#         113
  C:3B8FH         LINE#         114
  C:3B94H         LINE#         115
  C:3B9AH         LINE#         116
  C:3B9BH         LINE#         117
  C:3BA0H         LINE#         118
  C:3BA7H         LINE#         119
  C:3BB5H         LINE#         121
  C:3BB8H         LINE#         122
  C:3BBAH         LINE#         123
  -------         ENDPROC       _EEPROM_WRITE_N
  -------         ENDMOD        STC15_EEPROM

  -------         MODULE        ?C?FPADD
  C:0807H         PUBLIC        ?C?FPADD
  C:0803H         PUBLIC        ?C?FPSUB
  -------         ENDMOD        ?C?FPADD

  -------         MODULE        ?C?FPMUL
  C:08F8H         PUBLIC        ?C?FPMUL
  -------         ENDMOD        ?C?FPMUL

  -------         MODULE        ?C?FPDIV
  C:0A01H         PUBLIC        ?C?FPDIV
  -------         ENDMOD        ?C?FPDIV

  -------         MODULE        ?C?FPCMP
  C:0AA0H         PUBLIC        ?C?FPCMP
  C:0A9EH         PUBLIC        ?C?FPCMP3
  -------         ENDMOD        ?C?FPCMP

  -------         MODULE        ?C?FCAST
  C:0B15H         PUBLIC        ?C?FCASTC
  C:0B10H         PUBLIC        ?C?FCASTI
  C:0B0BH         PUBLIC        ?C?FCASTL
  -------         ENDMOD        ?C?FCAST

  -------         MODULE        ?C?CASTF
  C:0B49H         PUBLIC        ?C?CASTF
BL51 BANKED LINKER/LOCATER V6.00                                                      07/18/2017  10:27:43  PAGE 82


  -------         ENDMOD        ?C?CASTF

  -------         MODULE        ?C?CLDPTR
  C:0BCAH         PUBLIC        ?C?CLDPTR
  -------         ENDMOD        ?C?CLDPTR

  -------         MODULE        ?C?CLDOPTR
  C:0BE3H         PUBLIC        ?C?CLDOPTR
  -------         ENDMOD        ?C?CLDOPTR

  -------         MODULE        ?C?CSTPTR
  C:0C10H         PUBLIC        ?C?CSTPTR
  -------         ENDMOD        ?C?CSTPTR

  -------         MODULE        ?C?CSTOPTR
  C:0C22H         PUBLIC        ?C?CSTOPTR
  -------         ENDMOD        ?C?CSTOPTR

  -------         MODULE        ?C?IMUL
  C:0C44H         PUBLIC        ?C?IMUL
  -------         ENDMOD        ?C?IMUL

  -------         MODULE        ?C?UIDIV
  C:0C56H         PUBLIC        ?C?UIDIV
  -------         ENDMOD        ?C?UIDIV

  -------         MODULE        ?C?IILDX
  C:0CABH         PUBLIC        ?C?IILDX
  -------         ENDMOD        ?C?IILDX

  -------         MODULE        ?C?ILDOPTR
  C:0CC1H         PUBLIC        ?C?ILDOPTR
  -------         ENDMOD        ?C?ILDOPTR

  -------         MODULE        ?C?LMUL
  C:0CF9H         PUBLIC        ?C?LMUL
  -------         ENDMOD        ?C?LMUL

  -------         MODULE        ?C?ULDIV
  C:0D84H         PUBLIC        ?C?ULDIV
  -------         ENDMOD        ?C?ULDIV

  -------         MODULE        ?C?SLDIV
  C:3AF9H         PUBLIC        ?C?SLDIV
  -------         ENDMOD        ?C?SLDIV

  -------         MODULE        ?C?LNEG
  C:0E16H         PUBLIC        ?C?LNEG
  -------         ENDMOD        ?C?LNEG

  -------         MODULE        ?C?ULCMP
  C:0E24H         PUBLIC        ?C?ULCMP
  -------         ENDMOD        ?C?ULCMP

  -------         MODULE        ?C?ULSHR
  C:0E35H         PUBLIC        ?C?ULSHR
  -------         ENDMOD        ?C?ULSHR
BL51 BANKED LINKER/LOCATER V6.00                                                      07/18/2017  10:27:43  PAGE 83



  -------         MODULE        ?C?LLDOPTR0
  C:0E48H         PUBLIC        ?C?LLDOPTR0
  -------         ENDMOD        ?C?LLDOPTR0

  -------         MODULE        ?C?LLDIXDATA
  C:0E81H         PUBLIC        ?C?LLDIXDATA
  C:0E78H         PUBLIC        ?C?LLDIXDATA1
  C:0E7AH         PUBLIC        ?C?LLDIXDATA8
  -------         ENDMOD        ?C?LLDIXDATA

  -------         MODULE        ?C?LSTXDATA
  C:0EADH         PUBLIC        ?C?LSTXDATA
  -------         ENDMOD        ?C?LSTXDATA

  -------         MODULE        ?C?LSTKXDATA
  C:0EB9H         PUBLIC        ?C?LSTKXDATA
  -------         ENDMOD        ?C?LSTKXDATA

  -------         MODULE        ?C?LLDIDATA0
  C:0EEAH         PUBLIC        ?C?LLDIDATA0
  -------         ENDMOD        ?C?LLDIDATA0

  -------         MODULE        ?C?LLDXDATA0
  C:0EF7H         PUBLIC        ?C?LLDXDATA0
  -------         ENDMOD        ?C?LLDXDATA0

  -------         MODULE        ?C?LLDPDATA0
  C:0F03H         PUBLIC        ?C?LLDPDATA0
  -------         ENDMOD        ?C?LLDPDATA0

  -------         MODULE        ?C?LLDCODE0
  C:0F10H         PUBLIC        ?C?LLDCODE0
  -------         ENDMOD        ?C?LLDCODE0

*** WARNING L16: UNCALLED SEGMENT, IGNORED FOR OVERLAY PROCESS
    SEGMENT: ?PR?MODE1?MODE

*** WARNING L16: UNCALLED SEGMENT, IGNORED FOR OVERLAY PROCESS
    SEGMENT: ?PR?MODE2?MODE

*** WARNING L16: UNCALLED SEGMENT, IGNORED FOR OVERLAY PROCESS
    SEGMENT: ?PR?MODE3?MODE

*** WARNING L16: UNCALLED SEGMENT, IGNORED FOR OVERLAY PROCESS
    SEGMENT: ?PR?MODE4?MODE

*** WARNING L16: UNCALLED SEGMENT, IGNORED FOR OVERLAY PROCESS
    SEGMENT: ?PR?MODELAUNCHER?MODE

*** WARNING L16: UNCALLED SEGMENT, IGNORED FOR OVERLAY PROCESS
    SEGMENT: ?PR?_PID_CONFIG?PID

*** WARNING L16: UNCALLED SEGMENT, IGNORED FOR OVERLAY PROCESS
    SEGMENT: ?PR?_OPENPID?PID

*** WARNING L16: UNCALLED SEGMENT, IGNORED FOR OVERLAY PROCESS
BL51 BANKED LINKER/LOCATER V6.00                                                      07/18/2017  10:27:43  PAGE 84


    SEGMENT: ?PR?_CLOSEPID?PID

*** WARNING L16: UNCALLED SEGMENT, IGNORED FOR OVERLAY PROCESS
    SEGMENT: ?PR?_PID?PID

*** WARNING L16: UNCALLED SEGMENT, IGNORED FOR OVERLAY PROCESS
    SEGMENT: ?PR?_SETPARAMETERINFERIORLIMIT?PID

*** WARNING L16: UNCALLED SEGMENT, IGNORED FOR OVERLAY PROCESS
    SEGMENT: ?PR?_SETPARAMETERUPPERLIMIT?PID

*** WARNING L16: UNCALLED SEGMENT, IGNORED FOR OVERLAY PROCESS
    SEGMENT: ?PR?_SETACTUALPARAMETER?PID

*** WARNING L16: UNCALLED SEGMENT, IGNORED FOR OVERLAY PROCESS
    SEGMENT: ?PR?_SETKI?PID

*** WARNING L16: UNCALLED SEGMENT, IGNORED FOR OVERLAY PROCESS
    SEGMENT: ?PR?_SETKP?PID

*** WARNING L16: UNCALLED SEGMENT, IGNORED FOR OVERLAY PROCESS
    SEGMENT: ?PR?_SETKD?PID

*** WARNING L16: UNCALLED SEGMENT, IGNORED FOR OVERLAY PROCESS
    SEGMENT: ?PR?_SETPARAMETER?PID

*** WARNING L16: UNCALLED SEGMENT, IGNORED FOR OVERLAY PROCESS
    SEGMENT: ?PR?_GETPARAMETER?PID

*** WARNING L16: UNCALLED SEGMENT, IGNORED FOR OVERLAY PROCESS
    SEGMENT: ?PR?_GETERR?PID

*** WARNING L16: UNCALLED SEGMENT, IGNORED FOR OVERLAY PROCESS
    SEGMENT: ?PR?_GETERRLAST?PID

*** WARNING L16: UNCALLED SEGMENT, IGNORED FOR OVERLAY PROCESS
    SEGMENT: ?PR?_GETKP?PID

*** WARNING L16: UNCALLED SEGMENT, IGNORED FOR OVERLAY PROCESS
    SEGMENT: ?PR?_GETKI?PID

*** WARNING L16: UNCALLED SEGMENT, IGNORED FOR OVERLAY PROCESS
    SEGMENT: ?PR?_GETKD?PID

*** WARNING L16: UNCALLED SEGMENT, IGNORED FOR OVERLAY PROCESS
    SEGMENT: ?PR?_GETOUTPUT?PID

*** WARNING L16: UNCALLED SEGMENT, IGNORED FOR OVERLAY PROCESS
    SEGMENT: ?PR?_GETINTEGRAL?PID

*** WARNING L16: UNCALLED SEGMENT, IGNORED FOR OVERLAY PROCESS
    SEGMENT: ?PR?_WRITEDATA?STORAGE

*** WARNING L16: UNCALLED SEGMENT, IGNORED FOR OVERLAY PROCESS
    SEGMENT: ?PR?GETBOARD_LED_STATE?LED

*** WARNING L16: UNCALLED SEGMENT, IGNORED FOR OVERLAY PROCESS
BL51 BANKED LINKER/LOCATER V6.00                                                      07/18/2017  10:27:43  PAGE 85


    SEGMENT: ?PR?_BOARD_LED_PWM?LED

*** WARNING L16: UNCALLED SEGMENT, IGNORED FOR OVERLAY PROCESS
    SEGMENT: ?PR?_SETDC_MOTORSPEED?MOTOR

*** WARNING L16: UNCALLED SEGMENT, IGNORED FOR OVERLAY PROCESS
    SEGMENT: ?PR?_OPEN_DC_MOTOR?MOTOR

*** WARNING L16: UNCALLED SEGMENT, IGNORED FOR OVERLAY PROCESS
    SEGMENT: ?PR?_CLOSE_DC_MOTOR?MOTOR

*** WARNING L16: UNCALLED SEGMENT, IGNORED FOR OVERLAY PROCESS
    SEGMENT: ?PR?_GETDC_MOTORSTATE?MOTOR

*** WARNING L16: UNCALLED SEGMENT, IGNORED FOR OVERLAY PROCESS
    SEGMENT: ?PR?DC_MOTOR_CONFIG?MOTOR

*** WARNING L16: UNCALLED SEGMENT, IGNORED FOR OVERLAY PROCESS
    SEGMENT: ?PR?_INIT_STR_MOTOR?SERVO

*** WARNING L16: UNCALLED SEGMENT, IGNORED FOR OVERLAY PROCESS
    SEGMENT: ?PR?_SET_STR_ANGLE?SERVO

*** WARNING L16: UNCALLED SEGMENT, IGNORED FOR OVERLAY PROCESS
    SEGMENT: ?PR?_READ_STR_ANGLE?SERVO

*** WARNING L16: UNCALLED SEGMENT, IGNORED FOR OVERLAY PROCESS
    SEGMENT: ?PR?_OPEN_STR?SERVO

*** WARNING L16: UNCALLED SEGMENT, IGNORED FOR OVERLAY PROCESS
    SEGMENT: ?PR?_CLOSE_STR?SERVO

*** WARNING L16: UNCALLED SEGMENT, IGNORED FOR OVERLAY PROCESS
    SEGMENT: ?PR?_SETSTEPMOTORWITHROUND?STEP_MOTOR

*** WARNING L16: UNCALLED SEGMENT, IGNORED FOR OVERLAY PROCESS
    SEGMENT: ?PR?_GETSTEPMOTORSTATE?STEP_MOTOR

*** WARNING L16: UNCALLED SEGMENT, IGNORED FOR OVERLAY PROCESS
    SEGMENT: ?PR?_SETSTEPMOTORDIVERSION?STEP_MOTOR

*** WARNING L16: UNCALLED SEGMENT, IGNORED FOR OVERLAY PROCESS
    SEGMENT: ?PR?_CLOSE_STEPMOTOR?STEP_MOTOR

*** WARNING L16: UNCALLED SEGMENT, IGNORED FOR OVERLAY PROCESS
    SEGMENT: ?PR?_OPEN_STEPMOTOR?STEP_MOTOR

*** WARNING L16: UNCALLED SEGMENT, IGNORED FOR OVERLAY PROCESS
    SEGMENT: ?PR?_FREESTEPMOTOR?STEP_MOTOR

*** WARNING L16: UNCALLED SEGMENT, IGNORED FOR OVERLAY PROCESS
    SEGMENT: ?PR?_LOCKSTEPMOTOR?STEP_MOTOR

*** WARNING L16: UNCALLED SEGMENT, IGNORED FOR OVERLAY PROCESS
    SEGMENT: ?PR?_STEPMOTOR_INIT?STEP_MOTOR

*** WARNING L16: UNCALLED SEGMENT, IGNORED FOR OVERLAY PROCESS
BL51 BANKED LINKER/LOCATER V6.00                                                      07/18/2017  10:27:43  PAGE 86


    SEGMENT: ?PR?_SETRELAY?RELAY

*** WARNING L16: UNCALLED SEGMENT, IGNORED FOR OVERLAY PROCESS
    SEGMENT: ?PR?_UNSETRELAY?RELAY

*** WARNING L16: UNCALLED SEGMENT, IGNORED FOR OVERLAY PROCESS
    SEGMENT: ?PR?RELAY_INIT?RELAY

*** WARNING L16: UNCALLED SEGMENT, IGNORED FOR OVERLAY PROCESS
    SEGMENT: ?PR?_LCD1602_WRITE_WORD?LCD1602

*** WARNING L16: UNCALLED SEGMENT, IGNORED FOR OVERLAY PROCESS
    SEGMENT: ?PR?_HC595_INIT?74HC595

*** WARNING L16: UNCALLED SEGMENT, IGNORED FOR OVERLAY PROCESS
    SEGMENT: ?PR?_HC595SENDDATA?74HC595

*** WARNING L16: UNCALLED SEGMENT, IGNORED FOR OVERLAY PROCESS
    SEGMENT: ?PR?_GETPULSERSTATE?FIXEDPULSER

*** WARNING L16: UNCALLED SEGMENT, IGNORED FOR OVERLAY PROCESS
    SEGMENT: ?PR?_ADC_POWERCONTROL?ADC

*** WARNING L16: UNCALLED SEGMENT, IGNORED FOR OVERLAY PROCESS
    SEGMENT: ?PR?_SETPINSTATE?GPIO

*** WARNING L16: UNCALLED SEGMENT, IGNORED FOR OVERLAY PROCESS
    SEGMENT: ?PR?_PWMN_UPDATE?PCA

*** WARNING L16: UNCALLED SEGMENT, IGNORED FOR OVERLAY PROCESS
    SEGMENT: ?PR?_PCA_INIT?PCA

*** WARNING L16: UNCALLED SEGMENT, IGNORED FOR OVERLAY PROCESS
    SEGMENT: ?PR?_PWMOUTPUT?PCA

*** WARNING L16: UNCALLED SEGMENT, IGNORED FOR OVERLAY PROCESS
    SEGMENT: ?PR?_GET_PWM_PERIOD?STC15_PWM

*** WARNING L16: UNCALLED SEGMENT, IGNORED FOR OVERLAY PROCESS
    SEGMENT: ?PR?_GET_PWM_N_DUTY?STC15_PWM

*** WARNING L16: UNCALLED SEGMENT, IGNORED FOR OVERLAY PROCESS
    SEGMENT: ?PR?_GETPWM_DIV?STC15_PWM

*** WARNING L16: UNCALLED SEGMENT, IGNORED FOR OVERLAY PROCESS
    SEGMENT: ?PR?OPEN_PWM_ALL?STC15_PWM

*** WARNING L16: UNCALLED SEGMENT, IGNORED FOR OVERLAY PROCESS
    SEGMENT: ?PR?CLOSE_PWM_ALL?STC15_PWM

*** WARNING L16: UNCALLED SEGMENT, IGNORED FOR OVERLAY PROCESS
    SEGMENT: ?PR?_GET_PWM_N_STATE?STC15_PWM

*** WARNING L16: UNCALLED SEGMENT, IGNORED FOR OVERLAY PROCESS
    SEGMENT: ?PR?_SETTIMEOUT?TIMER

*** WARNING L16: UNCALLED SEGMENT, IGNORED FOR OVERLAY PROCESS
BL51 BANKED LINKER/LOCATER V6.00                                                      07/18/2017  10:27:43  PAGE 87


    SEGMENT: ?PR?_GETTIMEROUT?TIMER

*** WARNING L16: UNCALLED SEGMENT, IGNORED FOR OVERLAY PROCESS
    SEGMENT: ?PR?_SETTIMERHERTZ?TIMER

*** WARNING L16: UNCALLED SEGMENT, IGNORED FOR OVERLAY PROCESS
    SEGMENT: ?PR?_GETTIMERHERTZ?TIMER

*** WARNING L16: UNCALLED SEGMENT, IGNORED FOR OVERLAY PROCESS
    SEGMENT: ?PR?_STOPTIMER?TIMER

*** WARNING L16: UNCALLED SEGMENT, IGNORED FOR OVERLAY PROCESS
    SEGMENT: ?PR?_ISSTOPPED?TIMER

*** WARNING L16: UNCALLED SEGMENT, IGNORED FOR OVERLAY PROCESS
    SEGMENT: ?PR?_ONRESTARTTIMER?TIMER

*** WARNING L16: UNCALLED SEGMENT, IGNORED FOR OVERLAY PROCESS
    SEGMENT: ?PR?GETMICROS?TIMER

*** WARNING L16: UNCALLED SEGMENT, IGNORED FOR OVERLAY PROCESS
    SEGMENT: ?PR?GETMILLIS?TIMER

*** WARNING L16: UNCALLED SEGMENT, IGNORED FOR OVERLAY PROCESS
    SEGMENT: ?PR?GETSECONDS?TIMER

*** WARNING L16: UNCALLED SEGMENT, IGNORED FOR OVERLAY PROCESS
    SEGMENT: ?PR?GETMINUTES?TIMER

*** WARNING L16: UNCALLED SEGMENT, IGNORED FOR OVERLAY PROCESS
    SEGMENT: ?PR?GETHOURS?TIMER

*** WARNING L16: UNCALLED SEGMENT, IGNORED FOR OVERLAY PROCESS
    SEGMENT: ?PR?GETDAYS?TIMER

*** WARNING L16: UNCALLED SEGMENT, IGNORED FOR OVERLAY PROCESS
    SEGMENT: ?PR?_PRINTSTRING2?USART1

*** WARNING L16: UNCALLED SEGMENT, IGNORED FOR OVERLAY PROCESS
    SEGMENT: ?PR?_PRINTSTRING3?USART1

*** WARNING L16: UNCALLED SEGMENT, IGNORED FOR OVERLAY PROCESS
    SEGMENT: ?PR?_PRINTSTRING4?USART1

*** WARNING L16: UNCALLED SEGMENT, IGNORED FOR OVERLAY PROCESS
    SEGMENT: ?PR?_EEPROM_READ_N?STC15_EEPROM

*** WARNING L16: UNCALLED SEGMENT, IGNORED FOR OVERLAY PROCESS
    SEGMENT: ?PR?_EEPROM_SECTORERASE?STC15_EEPROM

*** WARNING L16: UNCALLED SEGMENT, IGNORED FOR OVERLAY PROCESS
    SEGMENT: ?PR?_EEPROM_WRITE_N?STC15_EEPROM

*** WARNING L15: MULTIPLE CALL TO SEGMENT
    SEGMENT: ?PR?GETANGLE?ANGLE
    CALLER1: ?PR?TASK8?ABSTASK
    CALLER2: ?PR?TASK9?ABSTASK
BL51 BANKED LINKER/LOCATER V6.00                                                      07/18/2017  10:27:43  PAGE 88



*** WARNING L15: MULTIPLE CALL TO SEGMENT
    SEGMENT: ?PR?_FILTER?FILTER
    CALLER1: ?PR?TASK8?ABSTASK
    CALLER2: ?PR?TASK9?ABSTASK

******************************************************************************
* RESTRICTED VERSION WITH FFFFH BYTE CODE SIZE LIMIT; USED: 3443H BYTE (20%) *
******************************************************************************

Program Size: data=46.4 xdata=1514 code=15804
LINK/LOCATE RUN COMPLETE.  84 WARNING(S),  0 ERROR(S)
