BL51 BANKED LINKER/LOCATER V6.00                                                        07/18/2017  19:52:09  PAGE 1


BL51 BANKED LINKER/LOCATER V6.00, INVOKED BY:
C:\KEIL_V5\C51\BIN\BL51.EXE .\absTask.obj, .\task.obj, .\setup.obj, .\mode.obj, .\Conf_tny.obj, .\PID.obj, .\FILTER.obj,
>>  .\DataScope_DP.obj, .\storage.obj, .\BUTTON.obj, .\LED.obj, .\MOTOR.obj, .\SERVO.obj, .\STEP_MOTOR.obj, .\RELAY.obj,
>>  .\ANGLE.obj, .\LCD1602.obj, .\74HC595.obj, .\fixedPulser.obj, .\ADC.obj, .\delay.obj, .\GPIO.obj, .\PCA.obj, .\stc15
>> _pwm.obj, .\timer.obj, .\USART1.obj, .\stc15_eeprom.obj TO 风板控制装置 RTX51TINY RAMSIZE (256)


MEMORY MODEL: LARGE WITH FLOATING POINT ARITHMETIC


INPUT MODULES INCLUDED:
  .\absTask.obj (ABSTASK)
  .\task.obj (TASK)
  .\setup.obj (SETUP)
  .\mode.obj (MODE)
  .\Conf_tny.obj (?RTX51_TINY_KERNAL)
  .\PID.obj (PID)
  .\FILTER.obj (FILTER)
  .\DataScope_DP.obj (DATASCOPE_DP)
  .\storage.obj (STORAGE)
  .\BUTTON.obj (BUTTON)
  .\LED.obj (LED)
  .\MOTOR.obj (MOTOR)
  .\SERVO.obj (SERVO)
  .\STEP_MOTOR.obj (STEP_MOTOR)
  .\RELAY.obj (RELAY)
  .\ANGLE.obj (ANGLE)
  .\LCD1602.obj (LCD1602)
  .\74HC595.obj (74HC595)
  .\fixedPulser.obj (FIXEDPULSER)
  .\ADC.obj (ADC)
  .\delay.obj (DELAY)
  .\GPIO.obj (GPIO)
  .\PCA.obj (PCA)
  .\stc15_pwm.obj (STC15_PWM)
  .\timer.obj (TIMER)
  .\USART1.obj (USART1)
  .\stc15_eeprom.obj (STC15_EEPROM)
  C:\KEIL_V5\C51\LIB\RTX51TNY.LIB (?RTX51_TINY_OS_CREATE)
  C:\KEIL_V5\C51\LIB\RTX51TNY.LIB (?RTX51_TINY_OS_DELETE)
  C:\KEIL_V5\C51\LIB\RTX51TNY.LIB (?RTX51_TINY_OS_WAIT)
  C:\KEIL_V5\C51\LIB\C51FPL.LIB (?C?FPADD)
  C:\KEIL_V5\C51\LIB\C51FPL.LIB (?C?FPMUL)
  C:\KEIL_V5\C51\LIB\C51FPL.LIB (?C?FPDIV)
  C:\KEIL_V5\C51\LIB\C51FPL.LIB (?C?FPCMP)
  C:\KEIL_V5\C51\LIB\C51FPL.LIB (?C?FCAST)
  C:\KEIL_V5\C51\LIB\C51FPL.LIB (?C?CASTF)
  C:\KEIL_V5\C51\LIB\C51FPL.LIB (?C?FPGETOPN)
  C:\KEIL_V5\C51\LIB\C51L.LIB (?C_STARTUP)
  C:\KEIL_V5\C51\LIB\C51L.LIB (?C?CLDPTR)
  C:\KEIL_V5\C51\LIB\C51L.LIB (?C?CLDOPTR)
  C:\KEIL_V5\C51\LIB\C51L.LIB (?C?CSTPTR)
  C:\KEIL_V5\C51\LIB\C51L.LIB (?C?CSTOPTR)
  C:\KEIL_V5\C51\LIB\C51L.LIB (?C?IMUL)
  C:\KEIL_V5\C51\LIB\C51L.LIB (?C?UIDIV)
  C:\KEIL_V5\C51\LIB\C51L.LIB (?C?IILDX)
  C:\KEIL_V5\C51\LIB\C51L.LIB (?C?ILDOPTR)
  C:\KEIL_V5\C51\LIB\C51L.LIB (?C?LMUL)
BL51 BANKED LINKER/LOCATER V6.00                                                      07/18/2017  19:52:09  PAGE 2


  C:\KEIL_V5\C51\LIB\C51L.LIB (?C?ULDIV)
  C:\KEIL_V5\C51\LIB\C51L.LIB (?C?SLDIV)
  C:\KEIL_V5\C51\LIB\C51L.LIB (?C?LNEG)
  C:\KEIL_V5\C51\LIB\C51L.LIB (?C?ULCMP)
  C:\KEIL_V5\C51\LIB\C51L.LIB (?C?ULSHR)
  C:\KEIL_V5\C51\LIB\C51L.LIB (?C?LLDOPTR0)
  C:\KEIL_V5\C51\LIB\C51L.LIB (?C?LLDIXDATA)
  C:\KEIL_V5\C51\LIB\C51L.LIB (?C?LSTXDATA)
  C:\KEIL_V5\C51\LIB\C51L.LIB (?C?LSTKXDATA)
  C:\KEIL_V5\C51\LIB\C51L.LIB (ABS)
  C:\KEIL_V5\C51\LIB\C51L.LIB (?C_INIT)
  C:\KEIL_V5\C51\LIB\C51L.LIB (?C?LLDIDATA0)
  C:\KEIL_V5\C51\LIB\C51L.LIB (?C?LLDXDATA0)
  C:\KEIL_V5\C51\LIB\C51L.LIB (?C?LLDPDATA0)
  C:\KEIL_V5\C51\LIB\C51L.LIB (?C?LLDCODE0)


TASK TABLE OF MODULE:  风板控制装置 (ABSTASK)

TASKID   PRIORITY   REG-BANK   SEGMENT NAME
-------------------------------------------
0        0          0          ?PR?TASK_INIT?ABSTASK
1        0          0          ?PR?TASK_BUTTON?ABSTASK
2        0          0          ?PR?TASK_ANGLE?ABSTASK
3        0          0          ?PR?TASK_MODE_1?ABSTASK
4        0          0          ?PR?TASK_MODE_2?ABSTASK
7        0          0          ?PR?DEBUG?ABSTASK



LINK MAP OF MODULE:  风板控制装置 (ABSTASK)


            TYPE    BASE      LENGTH    RELOCATION   SEGMENT NAME
            -----------------------------------------------------

            * * * * * * *   D A T A   M E M O R Y   * * * * * * *
            REG     0000H     0008H     ABSOLUTE     "REG BANK 0"
            DATA    0008H     0006H     ABSOLUTE     
            IDATA   000EH     0010H     UNIT         ?RTX?TASKSTATE?S
                    001EH     0002H                  *** GAP ***
            BIT     0020H.0   0000H.4   UNIT         ?BI?BUTTON
            BIT     0020H.4   0000H.3   UNIT         ?BI?MODE
            BIT     0020H.7   0000H.3   UNIT         ?BI?PCA
            BIT     0021H.2   0000H.2   UNIT         _BIT_GROUP_
            BIT     0021H.4   0000H.1   UNIT         ?RTX?BITS
            BIT     0021H.5   0000H.1   UNIT         ?BI?LED
            BIT     0021H.6   0000H.1   UNIT         ?BI?_SETPINSTATE?GPIO
                    0021H.7   0000H.1                *** GAP ***
            IDATA   0022H     0008H     UNIT         ?RTX?TASKSP?S
            IDATA   002AH     0001H     UNIT         ?STACK

            * * * * * * *  X D A T A   M E M O R Y  * * * * * * *
            XDATA   0000H     028CH     UNIT         ?XD?USART1
            XDATA   028CH     0072H     UNIT         ?XD?PID
            XDATA   02FEH     0060H     UNIT         _XDATA_GROUP_
            XDATA   035EH     004AH     UNIT         ?XD?SERVO
BL51 BANKED LINKER/LOCATER V6.00                                                      07/18/2017  19:52:09  PAGE 3


            XDATA   03A8H     003CH     UNIT         ?XD?STC15_PWM
            XDATA   03E4H     002AH     UNIT         ?XD?DATASCOPE_DP
            XDATA   040EH     0021H     UNIT         ?XD?_INIT_STR_MOTOR?SERVO
            XDATA   042FH     001FH     UNIT         ?XD?FIXEDPULSER
            XDATA   044EH     001CH     UNIT         ?XD?STEP_MOTOR
            XDATA   046AH     0016H     UNIT         ?XD?TIMER
            XDATA   0480H     0015H     UNIT         ?XD?PCA
            XDATA   0495H     0012H     UNIT         ?XD?PULSERINIT?FIXEDPULSER
            XDATA   04A7H     0011H     UNIT         ?XD?TIMERINIT?TIMER
            XDATA   04B8H     0009H     UNIT         ?XD?_SET_STR_ANGLE?SERVO
            XDATA   04C1H     0008H     UNIT         ?XD?_STEPMOTOR_INIT?STEP_MOTOR
            XDATA   04C9H     0008H     UNIT         ?XD?ANGLE
            XDATA   04D1H     0007H     UNIT         ?XD?_SETPULSE?FIXEDPULSER
            XDATA   04D8H     0007H     UNIT         ?XD?_EEPROM_READ_N?STC15_EEPROM
            XDATA   04DFH     0007H     UNIT         ?XD?_EEPROM_WRITE_N?STC15_EEPROM
            XDATA   04E6H     0006H     UNIT         ?XD?_SETSTEPMOTORWITHANGLE?STEP_MOTOR
            XDATA   04ECH     0005H     UNIT         ?XD?_PID_SETKI?PID
            XDATA   04F1H     0005H     UNIT         ?XD?_PID_SETKP?PID
            XDATA   04F6H     0005H     UNIT         ?XD?_PID_SETKD?PID
            XDATA   04FBH     0005H     UNIT         ?XD?_WRITEDATA?STORAGE
            XDATA   0500H     0004H     UNIT         ?XD?MOTOR
            XDATA   0504H     0004H     UNIT         ?XD?_HC595_INIT?74HC595
            XDATA   0508H     0003H     UNIT         ?XD?RELAY
            XDATA   050BH     0003H     UNIT         ?XD?_LCD1602_WRITE_WORD?LCD1602
            XDATA   050EH     0003H     UNIT         ?XD?_PCA_INIT?PCA
            XDATA   0511H     0003H     UNIT         ?XD?_PWMOUTPUT?PCA
            XDATA   0514H     0002H     UNIT         ?XD?BOARD_LED_INIT?LED
            XDATA   0516H     0001H     UNIT         ?XD?_BLINK?LED
            XDATA   0517H     0001H     UNIT         ?XD?_BOARD_LED_PWM?LED
            XDATA   0518H     0001H     UNIT         ?XD?_CLOSE_DC_MOTOR?MOTOR
            XDATA   0519H     0001H     UNIT         ?XD?_OPEN_STR?SERVO
            XDATA   051AH     0001H     UNIT         ?XD?_CLOSE_STR?SERVO
            XDATA   051BH     0001H     UNIT         ?XD?_SETSTEPMOTORWITHROUND?STEP_MOTOR
            XDATA   051CH     0001H     UNIT         ?XD?_SETSTEPMOTORDIVERSION?STEP_MOTOR
            XDATA   051DH     0001H     UNIT         ?XD?_CLOSE_STEPMOTOR?STEP_MOTOR
            XDATA   051EH     0001H     UNIT         ?XD?_OPEN_STEPMOTOR?STEP_MOTOR
            XDATA   051FH     0001H     UNIT         ?XD?_FREESTEPMOTOR?STEP_MOTOR
            XDATA   0520H     0001H     UNIT         ?XD?_LOCKSTEPMOTOR?STEP_MOTOR
            XDATA   0521H     0001H     UNIT         ?XD?_LCD1602_WRITE_CHAR?LCD1602
            XDATA   0522H     0001H     UNIT         ?XD?_LCD1602_WRITE_COM?LCD1602
            XDATA   0523H     0001H     UNIT         ?XD?_HC595SENDDATA?74HC595
            XDATA   0524H     0001H     UNIT         ?XD?_OPENPULSER?FIXEDPULSER
            XDATA   0525H     0001H     UNIT         ?XD?_CLOSEPULSER?FIXEDPULSER

            * * * * * * *   C O D E   M E M O R Y   * * * * * * *
            CODE    0000H     0003H     ABSOLUTE     
                    0003H     0008H                  *** GAP ***
            CODE    000BH     0003H     ABSOLUTE     
                    000EH     000DH                  *** GAP ***
            CODE    001BH     0003H     ABSOLUTE     
                    001EH     0005H                  *** GAP ***
            CODE    0023H     0003H     ABSOLUTE     
                    0026H     0005H                  *** GAP ***
            CODE    002BH     0003H     ABSOLUTE     
                    002EH     000DH                  *** GAP ***
            CODE    003BH     0003H     ABSOLUTE     
                    003EH     0005H                  *** GAP ***
BL51 BANKED LINKER/LOCATER V6.00                                                      07/18/2017  19:52:09  PAGE 4


            CODE    0043H     0003H     ABSOLUTE     
                    0046H     0045H                  *** GAP ***
            CODE    008BH     0003H     ABSOLUTE     
                    008EH     0005H                  *** GAP ***
            CODE    0093H     0003H     ABSOLUTE     
                    0096H     0005H                  *** GAP ***
            CODE    009BH     0003H     ABSOLUTE     
                    009EH     0005H                  *** GAP ***
            CODE    00A3H     0003H     ABSOLUTE     
                    00A6H     000DH                  *** GAP ***
            CODE    00B3H     0003H     ABSOLUTE     
                    00B6H     074AH                  *** GAP ***
            CODE    0800H     0720H     UNIT         ?C?LIB_CODE
            CODE    0F20H     06E0H     UNIT         ?PR?_USART_CONFIGURATION?USART1
            CODE    1600H     039AH     UNIT         ?PR?_PWM_INILIZE?STC15_PWM
            CODE    199AH     02EDH     UNIT         ?PR?_PID?PID
            CODE    1C87H     02E3H     UNIT         ?RTX?CODE
            CODE    1F6AH     0233H     UNIT         ?PR?_TIMER_INILIZE?TIMER
            CODE    219DH     01D4H     UNIT         ?PR?_INIT_STR_MOTOR?SERVO
            CODE    2371H     01C4H     UNIT         ?PR?_GPIO_INILIZE?GPIO
            CODE    2535H     019FH     UNIT         ?PR?_PCA_INIT?PCA
            CODE    26D4H     013DH     UNIT         ?PR?_PWMOUTPUT?PCA
            CODE    2811H     0136H     UNIT         ?PR?_FILTER?FILTER
            CODE    2947H     0134H     UNIT         ?PR?_DATASCOPE_GET_CHANNEL_DATA?DATASCOPE_DP
            CODE    2A7BH     0131H     UNIT         ?PR?_PID_CONFIG?PID
            CODE    2BACH     0116H     UNIT         ?PR?_SET_STR_ANGLE?SERVO
            CODE    2CC2H     010FH     UNIT         ?PR?_SET_PWM_DUTY?STC15_PWM
            CODE    2DD1H     00DBH     UNIT         ?PR?MODE1?MODE
            CODE    2EACH     00BAH     UNIT         ?PR?PWM_ROUTINE?FIXEDPULSER
            CODE    2F66H     00B1H     UNIT         ?CO?TIMER
            CODE    3017H     00AEH     UNIT         ?PR?_PWMN_UPDATE?PCA
            CODE    30C5H     00ACH     UNIT         ?PR?_SETBOARDWITHANGLE?TASK
            CODE    3171H     00AAH     UNIT         ?PR?_FLOAT2BYTE?DATASCOPE_DP
            CODE    321BH     00A9H     UNIT         ?PR?TIMERINIT?TIMER
            CODE    32C4H     00A7H     UNIT         ?PR?GETANGLE?ANGLE
            CODE    336BH     00A5H     UNIT         ?PR?_DATASCOPE_DATA_GENERATE?DATASCOPE_DP
            CODE    3410H     00A3H     UNIT         ?C_INITSEG
            CODE    34B3H     00A3H     UNIT         ?PR?PCA_HANDLER?PCA
            CODE    3556H     009EH     UNIT         ?PR?_SETSTEPMOTORWITHANGLE?STEP_MOTOR
            CODE    35F4H     009AH     UNIT         ?PR?_PWM_SET_T12_PERIOD?STC15_PWM
            CODE    368EH     008EH     UNIT         ?PR?_SETDC_MOTORSPEED?MOTOR
            CODE    371CH     008CH     UNIT         ?C_C51STARTUP
            CODE    37A8H     008AH     UNIT         ?PR?TIMER4_INT?TIMER
            CODE    3832H     0085H     UNIT         ?PR?UART2_INT?USART1
            CODE    38B7H     0085H     UNIT         ?PR?UART3_INT?USART1
            CODE    393CH     0085H     UNIT         ?PR?UART4_INT?USART1
            CODE    39C1H     007FH     UNIT         ?PR?UART1_INT?USART1
            CODE    3A40H     007BH     UNIT         ?PR?DC_MOTOR_CONFIG?MOTOR
            CODE    3ABBH     0069H     UNIT         ?PR?PULSERINIT?FIXEDPULSER
            CODE    3B24H     0061H     UNIT         ?PR?_SET_PWM_PERIOD?STC15_PWM
            CODE    3B85H     005FH     UNIT         ?PR?TASK_ANGLE?ABSTASK
            CODE    3BE4H     005EH     UNIT         ?PR?_GET_ADC10BITRESULT?ADC
            CODE    3C42H     0059H     UNIT         ?PR?SETUP?SETUP
            CODE    3C9BH     0058H     UNIT         ?PR?_SETPULSE?FIXEDPULSER
            CODE    3CF3H     0057H     UNIT         ?PR?BUTTONSCAN?BUTTON
            CODE    3D4AH     0054H     UNIT         ?PR?_STEPMOTOR_INIT?STEP_MOTOR
            CODE    3D9EH     0053H     UNIT         ?PR?_ADC_INILIZE?ADC
BL51 BANKED LINKER/LOCATER V6.00                                                      07/18/2017  19:52:09  PAGE 5


            CODE    3DF1H     0048H     UNIT         ?PR?TIMER3_INT?TIMER
            CODE    3E39H     0047H     UNIT         ?PR?TIMER1_ISR?TIMER
            CODE    3E80H     0044H     UNIT         ?C?LDIV
            CODE    3EC4H     003FH     UNIT         ?PR?_EEPROM_READ_N?STC15_EEPROM
            CODE    3F03H     003FH     UNIT         ?PR?_EEPROM_WRITE_N?STC15_EEPROM
            CODE    3F42H     0039H     UNIT         ?PR?_SENDSCOPEDATA?DATASCOPE_DP
            CODE    3F7BH     0035H     UNIT         ?PR?_UART1_INIT?SETUP
            CODE    3FB0H     002FH     UNIT         ?PR?_SETSTEPMOTORWITHROUND?STEP_MOTOR
            CODE    3FDFH     002FH     UNIT         ?PR?_LCD1602_WRITE_WORD?LCD1602
            CODE    400EH     0028H     UNIT         ?PR?BOARD_LED_INIT?LED
            CODE    4036H     0028H     UNIT         ?PR?_OPEN_PWM_N?STC15_PWM
            CODE    405EH     0028H     UNIT         ?PR?_TX2_WRITE2BUFF?USART1
            CODE    4086H     0028H     UNIT         ?PR?_TX3_WRITE2BUFF?USART1
            CODE    40AEH     0028H     UNIT         ?PR?_TX4_WRITE2BUFF?USART1
            CODE    40D6H     0027H     UNIT         ?CO?MODE
            CODE    40FDH     0027H     UNIT         ?PR?_TX1_WRITE2BUFF?USART1
            CODE    4124H     0025H     UNIT         ?PR?_CLOSE_PWM_N?STC15_PWM
            CODE    4149H     0025H     UNIT         ?PR?_SETTIMEOUT?TIMER
            CODE    416EH     0022H     UNIT         ?PR?_BLINK?LED
            CODE    4190H     0021H     UNIT         ?PR?_PID_SETPARAMETERINFERIORLIMIT?PID
            CODE    41B1H     0021H     UNIT         ?PR?_PID_SETPARAMETERUPPERLIMIT?PID
            CODE    41D2H     0021H     UNIT         ?PR?_PID_SETACTUALPARAMETER?PID
            CODE    41F3H     0021H     UNIT         ?PR?_PID_SETKI?PID
            CODE    4214H     0021H     UNIT         ?PR?_PID_SETKP?PID
            CODE    4235H     0021H     UNIT         ?PR?_PID_SETKD?PID
            CODE    4256H     0021H     UNIT         ?PR?_PID_SETTARGETPARAMETER?PID
            CODE    4277H     0020H     UNIT         ?CO?SETUP
            CODE    4297H     0020H     UNIT         ?PR?_OPEN_STR?SERVO
            CODE    42B7H     0020H     UNIT         ?PR?_OPENPULSER?FIXEDPULSER
            CODE    42D7H     0020H     UNIT         ?PR?_CLOSEPULSER?FIXEDPULSER
            CODE    42F7H     0020H     UNIT         ?PR?_RESTARTTIMER?TIMER
            CODE    4317H     0020H     UNIT         ?PR?_EEPROM_SECTORERASE?STC15_EEPROM
            CODE    4337H     001FH     UNIT         ?PR?BUTTON_CONFIG?BUTTON
            CODE    4356H     001FH     UNIT         ?PR?_CLOSE_STR?SERVO
            CODE    4375H     001FH     UNIT         ?PR?_ISEXPIREDTIMER?TIMER
            CODE    4394H     001FH     UNIT         ?PR?_ISSTOPPED?TIMER
            CODE    43B3H     001EH     UNIT         ?PR?LCD1602_GPIO_CONFIG?LCD1602
            CODE    43D1H     001DH     UNIT         ?PR?_GETBUTTONSTATE?BUTTON
            CODE    43EEH     001DH     UNIT         ?PR?_OPEN_STEPMOTOR?STEP_MOTOR
            CODE    440BH     001DH     UNIT         ?PR?LCD1602_INIT?LCD1602
            CODE    4428H     001DH     UNIT         ?PR?_ISACTIVETIMER?TIMER
            CODE    4445H     001CH     UNIT         ?PR?_CLOSE_STEPMOTOR?STEP_MOTOR
            CODE    4461H     001CH     UNIT         ?PR?_ADC_CONFIG?ANGLE
            CODE    447DH     001CH     UNIT         ?PR?_LCD1602_WRITE_CHAR?LCD1602
            CODE    4499H     001CH     UNIT         ?PR?_LCD1602_WRITE_COM?LCD1602
            CODE    44B5H     001CH     UNIT         ?PR?_SETTIMERHERTZ?TIMER
            CODE    44D1H     001BH     UNIT         ?PR?_OPEN_DC_MOTOR?MOTOR
            CODE    44ECH     001AH     UNIT         ?PR?DEBUG?ABSTASK
            CODE    4506H     001AH     UNIT         ?PR?_PID_GETPARAMETER?PID
            CODE    4520H     001AH     UNIT         ?PR?_PID_GETERR?PID
            CODE    453AH     001AH     UNIT         ?PR?_PID_GETERRLAST?PID
            CODE    4554H     001AH     UNIT         ?PR?_PID_GETKP?PID
            CODE    456EH     001AH     UNIT         ?PR?_PID_GETKI?PID
            CODE    4588H     001AH     UNIT         ?PR?_PID_GETKD?PID
            CODE    45A2H     001AH     UNIT         ?PR?_PID_GETOUTPUT?PID
            CODE    45BCH     001AH     UNIT         ?PR?_PID_GETINTEGRAL?PID
            CODE    45D6H     001AH     UNIT         ?PR?_CLOSE_DC_MOTOR?MOTOR
BL51 BANKED LINKER/LOCATER V6.00                                                      07/18/2017  19:52:09  PAGE 6


            CODE    45F0H     001AH     UNIT         ?PR?_READ_STR_ANGLE?SERVO
            CODE    460AH     001AH     UNIT         ?PR?_GET_PWM_PERIOD?STC15_PWM
            CODE    4624H     001AH     UNIT         ?PR?_GET_PWM_N_DUTY?STC15_PWM
            CODE    463EH     001AH     UNIT         ?PR?_GETTIMEROUT?TIMER
            CODE    4658H     001AH     UNIT         ?PR?_GETTIMERHERTZ?TIMER
            CODE    4672H     0019H     UNIT         ?PR?_HC595_INIT?74HC595
            CODE    468BH     0019H     UNIT         ?PR?_STOPTIMER?TIMER
            CODE    46A4H     0018H     UNIT         ?PR?_PWM_SET_PERIOD?STC15_PWM
            CODE    46BCH     0017H     UNIT         ?PR?_PRINTSTRING1?USART1
            CODE    46D3H     0013H     UNIT         ?PR?_PRINTSTRING2?USART1
            CODE    46E6H     0013H     UNIT         ?PR?_PRINTSTRING3?USART1
            CODE    46F9H     0013H     UNIT         ?PR?_PRINTSTRING4?USART1
            CODE    470CH     0012H     UNIT         ?PR?TASK_INIT?ABSTASK
            CODE    471EH     0012H     UNIT         ?PR?_OPENPID?PID
            CODE    4730H     0012H     UNIT         ?PR?_PID_GETSTATE?PID
            CODE    4742H     0012H     UNIT         ?PR?_WRITEDATA?STORAGE
            CODE    4754H     0012H     UNIT         ?PR?_GETPULSERSTATE?FIXEDPULSER
            CODE    4766H     0012H     UNIT         ?PR?_GET_PWM_N_STATE?STC15_PWM
            CODE    4778H     0011H     UNIT         ?PR?_CLOSEPID?PID
            CODE    4789H     0011H     UNIT         ?PR?_GETSTEPMOTORSTATE?STEP_MOTOR
            CODE    479AH     0011H     UNIT         ?PR?_HC595SENDDATA?74HC595
            CODE    47ABH     0011H     UNIT         ?PR?_SETPWM_DIV?STC15_PWM
            CODE    47BCH     0011H     UNIT         ?PR?_GETPWM_DIV?STC15_PWM
            CODE    47CDH     0010H     UNIT         ?RTX?TASKENT?S
            CODE    47DDH     0010H     UNIT         ?PR?_GETDC_MOTORSTATE?MOTOR
            CODE    47EDH     0010H     UNIT         ?PR?_DELAY_MS?DELAY
            CODE    47FDH     000FH     UNIT         ?PR?_SETRELAY?RELAY
            CODE    480CH     000EH     UNIT         ?PR?_UNSETRELAY?RELAY
            CODE    481AH     000EH     UNIT         ?PR?_ONRESTARTTIMER?TIMER
            CODE    4828H     000EH     UNIT         ?PR?DISABLEEEPROM?STC15_EEPROM
            CODE    4836H     000CH     UNIT         ?PR?_ADC_POWERCONTROL?ADC
            CODE    4842H     000CH     UNIT         ?PR?_ABS?ABS
            CODE    484EH     000AH     UNIT         ?PR?_DIGITALREAD?BUTTON
            CODE    4858H     000AH     UNIT         ?PR?OPEN_PWM_ALL?STC15_PWM
            CODE    4862H     000AH     UNIT         ?PR?CLOSE_PWM_ALL?STC15_PWM
            CODE    486CH     0009H     UNIT         ?PR?GETMICROS?TIMER
            CODE    4875H     0009H     UNIT         ?PR?GETMILLIS?TIMER
            CODE    487EH     0007H     UNIT         ?PR?_SETSTEPMOTORDIVERSION?STEP_MOTOR
            CODE    4885H     0007H     UNIT         ?PR?_FREESTEPMOTOR?STEP_MOTOR
            CODE    488CH     0007H     UNIT         ?PR?_LOCKSTEPMOTOR?STEP_MOTOR
            CODE    4893H     0006H     UNIT         ?PR?_BOARD_LED_PWM?LED
            CODE    4899H     0006H     UNIT         ?PR?GETSECONDS?TIMER
            CODE    489FH     0006H     UNIT         ?PR?GETMINUTES?TIMER
            CODE    48A5H     0006H     UNIT         ?PR?GETHOURS?TIMER
            CODE    48ABH     0006H     UNIT         ?PR?GETDAYS?TIMER
            CODE    48B1H     0005H     UNIT         ?PR?OPEN_BOARD_LED?LED
            CODE    48B6H     0005H     UNIT         ?PR?CLOSE_BOARD_LED?LED
            CODE    48BBH     0004H     UNIT         ?PR?ADC_INT?ADC
            CODE    48BFH     0003H     UNIT         ?PR?GETBOARD_LED_STATE?LED
            CODE    48C2H     0003H     UNIT         ?PR?_SETPINSTATE?GPIO
            CODE    48C5H     0001H     UNIT         ?PR?TASK_BUTTON?ABSTASK
            CODE    48C6H     0001H     UNIT         ?PR?TASK_MODE_1?ABSTASK
            CODE    48C7H     0001H     UNIT         ?PR?TASK_MODE_2?ABSTASK
            CODE    48C8H     0001H     UNIT         ?PR?MODE2?MODE
            CODE    48C9H     0001H     UNIT         ?PR?MODE3?MODE
            CODE    48CAH     0001H     UNIT         ?PR?MODE4?MODE
            CODE    48CBH     0001H     UNIT         ?PR?MODELAUNCHER?MODE
BL51 BANKED LINKER/LOCATER V6.00                                                      07/18/2017  19:52:09  PAGE 7


            CODE    48CCH     0001H     UNIT         ?PR?RELAY_INIT?RELAY



OVERLAY MAP OF MODULE:   风板控制装置 (ABSTASK)


SEGMENT                                             BIT_GROUP          XDATA_GROUP
  +--> CALLED SEGMENT                            START    LENGTH     START    LENGTH
------------------------------------------------------------------------------------
?PR?TASK_INIT?ABSTASK                            -----    -----      -----    -----
  +--> ?PR?SETUP?SETUP

?PR?SETUP?SETUP                                  -----    -----      -----    -----
  +--> ?PR?_UART1_INIT?SETUP
  +--> ?PR?BUTTON_CONFIG?BUTTON
  +--> ?PR?_ADC_CONFIG?ANGLE
  +--> ?PR?DC_MOTOR_CONFIG?MOTOR
  +--> ?PR?_PID_CONFIG?PID
  +--> ?PR?_PID_SETPARAMETERINFERIORLIMIT?PID
  +--> ?PR?_PID_SETPARAMETERUPPERLIMIT?PID

?PR?_UART1_INIT?SETUP                            -----    -----      02FEH    000DH
  +--> ?PR?_USART_CONFIGURATION?USART1
  +--> ?CO?SETUP
  +--> ?PR?_PRINTSTRING1?USART1

?PR?_USART_CONFIGURATION?USART1                  -----    -----      030BH    0009H

?PR?_PRINTSTRING1?USART1                         -----    -----      -----    -----
  +--> ?PR?_TX1_WRITE2BUFF?USART1

?PR?BUTTON_CONFIG?BUTTON                         -----    -----      02FEH    0002H
  +--> ?PR?_GPIO_INILIZE?GPIO

?PR?_ADC_CONFIG?ANGLE                            -----    -----      02FEH    0006H
  +--> ?PR?_ADC_INILIZE?ADC

?PR?DC_MOTOR_CONFIG?MOTOR                        -----    -----      02FEH    0012H
  +--> ?PR?_GPIO_INILIZE?GPIO
  +--> ?PR?_PWM_INILIZE?STC15_PWM
  +--> ?PR?_SET_PWM_PERIOD?STC15_PWM

?PR?_PWM_INILIZE?STC15_PWM                       -----    -----      0310H    0002H

?PR?_SET_PWM_PERIOD?STC15_PWM                    -----    -----      0310H    0002H
  +--> ?PR?_PWM_SET_PERIOD?STC15_PWM

?PR?_PID_CONFIG?PID                              -----    -----      02FEH    000DH

?PR?_PID_SETPARAMETERINFERIORLIMIT?PID           -----    -----      02FEH    0005H

?PR?_PID_SETPARAMETERUPPERLIMIT?PID              -----    -----      02FEH    0005H

*** NEW ROOT ***************************************************

?PR?TASK_ANGLE?ABSTASK                           -----    -----      -----    -----
BL51 BANKED LINKER/LOCATER V6.00                                                      07/18/2017  19:52:09  PAGE 8


  +--> ?PR?_OPENPID?PID
  +--> ?PR?_OPEN_DC_MOTOR?MOTOR
  +--> ?PR?_PID_SETTARGETPARAMETER?PID
  +--> ?PR?GETANGLE?ANGLE
  +--> ?PR?_PID_SETACTUALPARAMETER?PID
  +--> ?PR?_PID?PID
  +--> ?PR?_PID_GETPARAMETER?PID
  +--> ?PR?_PID_GETOUTPUT?PID
  +--> ?PR?_SETBOARDWITHANGLE?TASK

?PR?_OPEN_DC_MOTOR?MOTOR                         -----    -----      0314H    0001H
  +--> ?PR?_OPEN_PWM_N?STC15_PWM

?PR?_PID_SETTARGETPARAMETER?PID                  -----    -----      0314H    0005H

?PR?GETANGLE?ANGLE                               0021H.3  0000H.1    0339H    0015H
  +--> ?PR?_GET_ADC10BITRESULT?ADC
  +--> ?PR?_FILTER?FILTER

?PR?_FILTER?FILTER                               -----    -----      034EH    0010H

?PR?_PID_SETACTUALPARAMETER?PID                  -----    -----      0314H    0005H

?PR?_PID?PID                                     -----    -----      0314H    0001H
  +--> ?PR?_ABS?ABS

?PR?_SETBOARDWITHANGLE?TASK                      -----    -----      0314H    0004H
  +--> ?PR?_SETDC_MOTORSPEED?MOTOR

?PR?_SETDC_MOTORSPEED?MOTOR                      -----    -----      0318H    0005H
  +--> ?PR?_SET_PWM_DUTY?STC15_PWM

?PR?_SET_PWM_DUTY?STC15_PWM                      -----    -----      031DH    0005H
  +--> ?PR?_PWM_SET_T12_PERIOD?STC15_PWM

*** NEW ROOT ***************************************************

?PR?DEBUG?ABSTASK                                -----    -----      -----    -----
  +--> ?PR?GETANGLE?ANGLE
  +--> ?PR?_SENDSCOPEDATA?DATASCOPE_DP

?PR?_SENDSCOPEDATA?DATASCOPE_DP                  -----    -----      0339H    0006H
  +--> ?PR?_DATASCOPE_GET_CHANNEL_DATA?DATAS...
  +--> ?PR?_DATASCOPE_DATA_GENERATE?DATASCOP...
  +--> ?PR?_TX1_WRITE2BUFF?USART1

?PR?_DATASCOPE_GET_CHANNEL_DATA?DATAS...         -----    -----      033FH    0005H
  +--> ?PR?_FLOAT2BYTE?DATASCOPE_DP

?PR?_FLOAT2BYTE?DATASCOPE_DP                     -----    -----      0344H    000AH

*** NEW ROOT ***************************************************

?PR?PWM_ROUTINE?FIXEDPULSER                      -----    -----      -----    -----
  +--> ?PR?_CLOSE_PWM_N?STC15_PWM

*** NEW ROOT ***************************************************
BL51 BANKED LINKER/LOCATER V6.00                                                      07/18/2017  19:52:09  PAGE 9



?C_C51STARTUP                                    -----    -----      -----    -----
  +--> ?C_INITSEG



SYMBOL TABLE OF MODULE:  风板控制装置 (ABSTASK)

  VALUE           TYPE          NAME
  ----------------------------------

  -------         MODULE        ABSTASK
  C:0000H         SYMBOL        _ICE_DUMMY_
  D:0080H         PUBLIC        P0
  D:0090H         PUBLIC        P1
  D:00A0H         PUBLIC        P2
  D:00B0H         PUBLIC        P3
  D:00C0H         PUBLIC        P4
  D:00C8H         PUBLIC        P5
  D:00E8H         PUBLIC        P6
  D:00F8H         PUBLIC        P7
  C:470CH         PUBLIC        Task_Init
  C:48C6H         PUBLIC        Task_Mode_1
  D:00A8H         PUBLIC        IE
  C:48C7H         PUBLIC        Task_Mode_2
  D:00B8H         PUBLIC        IP
  D:00D8H         PUBLIC        CCON
  D:0098H         PUBLIC        SCON
  D:0088H         PUBLIC        TCON
  D:00F0H         PUBLIC        B
  D:00E0H         PUBLIC        ACC
  C:3B85H         PUBLIC        Task_Angle
  C:44ECH         PUBLIC        Debug
  C:48C5H         PUBLIC        Task_Button
  D:00D0H         PUBLIC        PSW
  -------         PROC          TASK_INIT
  C:470CH         LINE#         28
  C:470CH         LINE#         30
  C:470FH         LINE#         32
  C:4714H         LINE#         33
  C:4719H         LINE#         35
  -------         ENDPROC       TASK_INIT
  -------         PROC          TASK_BUTTON
  C:48C5H         LINE#         39
  C:48C5H         LINE#         62
  -------         ENDPROC       TASK_BUTTON
  -------         PROC          TASK_ANGLE
  C:3B85H         LINE#         64
  C:3B85H         LINE#         66
  C:3B8AH         LINE#         67
  C:3B8FH         LINE#         68
  C:3B94H         LINE#         69
  C:3BA3H         LINE#         70
  C:3BA3H         LINE#         71
  C:3BA3H         LINE#         73
  C:3BB3H         LINE#         75
  C:3BB3H         LINE#         76
BL51 BANKED LINKER/LOCATER V6.00                                                      07/18/2017  19:52:09  PAGE 10


  C:3BB8H         LINE#         77
  C:3BD8H         LINE#         79
  C:3BD8H         LINE#         80
  C:3BE2H         LINE#         82
  -------         ENDPROC       TASK_ANGLE
  -------         PROC          TASK_MODE_1
  C:48C6H         LINE#         85
  C:48C6H         LINE#         88
  -------         ENDPROC       TASK_MODE_1
  -------         PROC          TASK_MODE_2
  C:48C7H         LINE#         90
  C:48C7H         LINE#         93
  -------         ENDPROC       TASK_MODE_2
  -------         PROC          DEBUG
  C:44ECH         LINE#         94
  C:44ECH         LINE#         95
  C:44ECH         LINE#         96
  C:44ECH         LINE#         97
  C:44FAH         LINE#         98
  C:4504H         LINE#         100
  -------         ENDPROC       DEBUG
  -------         ENDMOD        ABSTASK

  -------         MODULE        TASK
  C:0000H         SYMBOL        _ICE_DUMMY_
  D:0080H         PUBLIC        P0
  D:0090H         PUBLIC        P1
  D:00A0H         PUBLIC        P2
  D:00B0H         PUBLIC        P3
  D:00C0H         PUBLIC        P4
  D:00C8H         PUBLIC        P5
  D:00E8H         PUBLIC        P6
  D:00F8H         PUBLIC        P7
  D:00A8H         PUBLIC        IE
  D:00B8H         PUBLIC        IP
  D:00D8H         PUBLIC        CCON
  D:0098H         PUBLIC        SCON
  D:0088H         PUBLIC        TCON
  D:00F0H         PUBLIC        B
  C:30C5H         PUBLIC        _setBoardWithAngle
  D:00E0H         PUBLIC        ACC
  D:00D0H         PUBLIC        PSW
  -------         PROC          _SETBOARDWITHANGLE
  X:0314H         SYMBOL        angle
  C:30C5H         LINE#         4
  C:30CBH         LINE#         5
  C:30CBH         LINE#         7
  C:30E6H         LINE#         8
  C:30E6H         LINE#         9
  C:30F0H         LINE#         13
  C:30F0H         LINE#         14
  C:310DH         LINE#         15
  C:310DH         LINE#         16
  C:3117H         LINE#         20
  C:3117H         LINE#         21
  C:313AH         LINE#         22
  C:316FH         LINE#         23
BL51 BANKED LINKER/LOCATER V6.00                                                      07/18/2017  19:52:09  PAGE 11


  C:3170H         LINE#         24
  -------         ENDPROC       _SETBOARDWITHANGLE
  -------         ENDMOD        TASK

  -------         MODULE        SETUP
  C:0000H         SYMBOL        _ICE_DUMMY_
  D:0080H         PUBLIC        P0
  D:0090H         PUBLIC        P1
  D:00A0H         PUBLIC        P2
  D:00B0H         PUBLIC        P3
  D:00C0H         PUBLIC        P4
  D:00C8H         PUBLIC        P5
  D:00E8H         PUBLIC        P6
  C:3F7BH         PUBLIC        _UART1_init
  D:00F8H         PUBLIC        P7
  D:00A8H         PUBLIC        IE
  D:00B8H         PUBLIC        IP
  D:00D8H         PUBLIC        CCON
  D:0098H         PUBLIC        SCON
  C:3C42H         PUBLIC        setup
  D:0088H         PUBLIC        TCON
  D:00F0H         PUBLIC        B
  D:00E0H         PUBLIC        ACC
  D:00D0H         PUBLIC        PSW
  -------         PROC          _UART1_INIT
  D:0004H         SYMBOL        BandRate
  -------         DO            
  X:02FEH         SYMBOL        COMx_InitStructure
  -------         ENDDO         
  C:3F7BH         LINE#         42
  C:3F7BH         LINE#         43
  C:3F7BH         LINE#         45
  C:3F81H         LINE#         46
  C:3F85H         LINE#         47
  C:3F89H         LINE#         48
  C:3F8FH         LINE#         49
  C:3F92H         LINE#         50
  C:3F95H         LINE#         51
  C:3F97H         LINE#         52
  C:3F9AH         LINE#         53
  C:3F9CH         LINE#         54
  C:3FA7H         LINE#         55
  -------         ENDPROC       _UART1_INIT
  -------         PROC          SETUP
  C:3C42H         LINE#         58
  C:3C42H         LINE#         59
  C:3C42H         LINE#         61
  C:3C4DH         LINE#         64
  C:3C50H         LINE#         65
  C:3C57H         LINE#         66
  C:3C5AH         LINE#         68
  C:3C7DH         LINE#         69
  C:3C8CH         LINE#         70
  -------         ENDPROC       SETUP
  -------         ENDMOD        SETUP

  -------         MODULE        MODE
BL51 BANKED LINKER/LOCATER V6.00                                                      07/18/2017  19:52:09  PAGE 12


  C:0000H         SYMBOL        _ICE_DUMMY_
  D:0080H         PUBLIC        P0
  D:0090H         PUBLIC        P1
  D:00A0H         PUBLIC        P2
  D:00B0H         PUBLIC        P3
  D:00C0H         PUBLIC        P4
  D:00C8H         PUBLIC        P5
  D:00E8H         PUBLIC        P6
  D:00F8H         PUBLIC        P7
  D:00A8H         PUBLIC        IE
  D:00B8H         PUBLIC        IP
  D:00D8H         PUBLIC        CCON
  D:0098H         PUBLIC        SCON
  D:0088H         PUBLIC        TCON
  D:00F0H         PUBLIC        B
  D:00E0H         PUBLIC        ACC
  C:2DD1H         PUBLIC        mode1
  C:48C8H         PUBLIC        mode2
  C:48C9H         PUBLIC        mode3
  C:48CAH         PUBLIC        mode4
  C:48CBH         PUBLIC        modeLauncher
  D:00D0H         PUBLIC        PSW
  -------         PROC          MODE1
  -------         DO            
  B:0020H.4       SYMBOL        step1
  B:0020H.5       SYMBOL        step2
  B:0020H.6       SYMBOL        step3
  -------         ENDDO         
  C:2DD1H         LINE#         6
  C:2DD1H         LINE#         7
  C:2DD1H         LINE#         12
  C:2DD4H         LINE#         13
  C:2DD4H         LINE#         15
  C:2DD7H         LINE#         16
  C:2DD7H         LINE#         17
  C:2DDAH         LINE#         18
  C:2DDAH         LINE#         21
  C:2DDCH         LINE#         22
  C:2DDEH         LINE#         23
  C:2DE0H         LINE#         25
  C:2DE1H         LINE#         27
  C:2DE1H         LINE#         28
  C:2DE6H         LINE#         29
  C:2DEBH         LINE#         31
  C:2DEDH         LINE#         32
  C:2DF3H         LINE#         34
  C:2DF3H         LINE#         36
  C:2DF6H         LINE#         38
  C:2DF6H         LINE#         39
  C:2DFFH         LINE#         41
  C:2E06H         LINE#         42
  C:2E06H         LINE#         44
  C:2E15H         LINE#         45
  C:2E24H         LINE#         46
  C:2E29H         LINE#         47
  C:2E2EH         LINE#         48
  C:2E30H         LINE#         49
BL51 BANKED LINKER/LOCATER V6.00                                                      07/18/2017  19:52:09  PAGE 13


  C:2E36H         LINE#         50
  C:2E38H         LINE#         52
  C:2E38H         LINE#         54
  C:2E3FH         LINE#         55
  C:2E3FH         LINE#         56
  C:2E3FH         LINE#         58
  C:2E3FH         LINE#         59
  C:2E3FH         LINE#         62
  C:2E3FH         LINE#         63
  C:2E41H         LINE#         65
  C:2E41H         LINE#         66
  C:2E50H         LINE#         67
  C:2E59H         LINE#         68
  C:2E5EH         LINE#         69
  C:2E63H         LINE#         70
  C:2E68H         LINE#         71
  C:2E88H         LINE#         72
  C:2E88H         LINE#         74
  C:2E8FH         LINE#         75
  C:2E8FH         LINE#         76
  C:2E94H         LINE#         77
  C:2E96H         LINE#         78
  C:2E9FH         LINE#         79
  C:2E9FH         LINE#         81
  C:2E9FH         LINE#         83
  C:2EA6H         LINE#         84
  C:2EA6H         LINE#         85
  C:2EABH         LINE#         87
  C:2EABH         LINE#         88
  C:2EABH         LINE#         90
  C:2EABH         LINE#         91
  C:2EABH         LINE#         93
  -------         ENDPROC       MODE1
  -------         PROC          MODE2
  C:48C8H         LINE#         95
  C:48C8H         LINE#         96
  C:48C8H         LINE#         98
  -------         ENDPROC       MODE2
  -------         PROC          MODE3
  C:48C9H         LINE#         101
  C:48C9H         LINE#         102
  C:48C9H         LINE#         104
  -------         ENDPROC       MODE3
  -------         PROC          MODE4
  C:48CAH         LINE#         106
  C:48CAH         LINE#         107
  C:48CAH         LINE#         109
  -------         ENDPROC       MODE4
  -------         PROC          MODELAUNCHER
  C:48CBH         LINE#         110
  C:48CBH         LINE#         111
  C:48CBH         LINE#         113
  -------         ENDPROC       MODELAUNCHER
  -------         ENDMOD        MODE

  -------         MODULE        ?RTX51_TINY_KERNAL
  C:47CDH         SEGMENT       ?RTX?TASKENT?S
BL51 BANKED LINKER/LOCATER V6.00                                                      07/18/2017  19:52:09  PAGE 14


  I:0022H         SEGMENT       ?RTX?TASKSP?S
  I:000EH         SEGMENT       ?RTX?TASKSTATE?S
  B:0021H.4       SEGMENT       ?RTX?BITS
  C:1C87H         SEGMENT       ?RTX?CODE
  C:1CD6H         PUBLIC        ?RTX?SET_ISR
  D:000CH         PUBLIC        ?RTX_CURRENTTASK
  D:0007H         PUBLIC        ?RTX_NEXTID
  C:1D19H         PUBLIC        ?RTX_NEXTTASK
  N:00FFH         PUBLIC        ?RTX_RAMTOP
  C:47CDH         PUBLIC        ?RTX_TASKENTRY
  C:1DF8H         PUBLIC        ?RTX_TASKIDX
  I:0022H         PUBLIC        ?RTX_TASKSP
  I:000EH         PUBLIC        ?RTX_TASKSTATUS
  C:1DBCH         PUBLIC        MAIN
  C:1D02H         PUBLIC        OS_SWITCH_TASK
  C:1D0BH         SYMBOL        ?C0001
  C:1D15H         SYMBOL        ?C0003
  C:1D1AH         SYMBOL        ?C0005
  C:1D34H         SYMBOL        ?C0007
  C:1D36H         SYMBOL        ?C0009
  C:1D40H         SYMBOL        ?C0011
  C:1D6DH         SYMBOL        ?C0012
  C:1D53H         SYMBOL        ?C0013
  C:1D58H         SYMBOL        ?C0015
  C:1D63H         SYMBOL        ?C0016
  N:0000H         SYMBOL        ?RTX51_TINY_KERNAL
  N:F736H         SYMBOL        ?RTX_CLOCK
  N:0008H         SYMBOL        ?RTX_REGISTERBANK
  D:000DH         SYMBOL        ?RTX_ROBINTIME
  D:000AH         SYMBOL        ?RTX_SAVEACC
  D:000BH         SYMBOL        ?RTX_SAVEPSW
  C:1C87H         SYMBOL        ?RTX_STACKERROR
  C:1CDAH         SYMBOL        ?RTX_TASKSWITCHING
  B:0021H.4       SYMBOL        ?RTX_TS_DELAY
  D:00E0H         SYMBOL        ACC
  D:00F0H         SYMBOL        B
  N:0005H         SYMBOL        B_ACTIVE
  N:0007H         SYMBOL        B_IVL
  N:0007H         SYMBOL        B_RDY
  N:0004H         SYMBOL        B_READY
  N:0006H         SYMBOL        B_ROBIN
  N:0002H         SYMBOL        B_SIGNAL
  N:0003H         SYMBOL        B_TIMEOUT
  N:0000H         SYMBOL        B_WAITSIG
  N:0001H         SYMBOL        B_WAITTIM
  C:1CD7H         SYMBOL        CHECKROBINTIME
  C:1CB1H         SYMBOL        CHECKSTACK
  N:0000H         SYMBOL        CODE_BANKING
  N:0000H         SYMBOL        CPU_IDLE_CODE
  D:0083H         SYMBOL        DPH
  D:0082H         SYMBOL        DPL
  B:00A8H.7       SYMBOL        EA
  B:00A8H.4       SYMBOL        ES
  B:00A8H.1       SYMBOL        ET0
  B:00A8H.3       SYMBOL        ET1
  B:00A8H.0       SYMBOL        EX0
  B:00A8H.2       SYMBOL        EX1
BL51 BANKED LINKER/LOCATER V6.00                                                      07/18/2017  19:52:09  PAGE 15


  N:0014H         SYMBOL        FREE_STACK
  C:1C8BH         SYMBOL        HW_TIMER
  D:00A8H         SYMBOL        IE
  B:0088H.1       SYMBOL        IE0
  B:0088H.3       SYMBOL        IE1
  N:08CAH         SYMBOL        INT_CLOCK
  N:0001H         SYMBOL        INT_REGBANK
  B:0088H.0       SYMBOL        IT0
  B:0088H.2       SYMBOL        IT1
  N:0020H         SYMBOL        K_ACTIVE
  N:0080H         SYMBOL        K_IVL
  N:0080H         SYMBOL        K_RDY
  N:0010H         SYMBOL        K_READY
  N:0040H         SYMBOL        K_ROBIN
  N:0001H         SYMBOL        K_SIG
  N:0002H         SYMBOL        K_TMO
  N:0000H         SYMBOL        LONG_USR_INTR
  C:1DC5H         SYMBOL        MAIN1
  C:1DCFH         SYMBOL        MAIN1X
  C:1DCAH         SYMBOL        MAIN2
  C:1D90H         SYMBOL        NOEVENT
  C:1CD6H         SYMBOL        NOROBINTIMEOUT
  C:1CCDH         SYMBOL        NOTIMEOUT
  C:1CCBH         SYMBOL        NOWAITTIMEOUT
  C:1D02H         SYMBOL        OS_SWITCH_TASK1
  D:0087H         SYMBOL        PCON
  D:00D0H         SYMBOL        PSW
  N:00FFH         SYMBOL        RAMTOP
  N:0080H         SYMBOL        RDY_EVENT
  C:1D9CH         SYMBOL        ROBINON
  C:1D84H         SYMBOL        SIGNALOFF
  C:1D90H         SYMBOL        SIGNALON
  N:0004H         SYMBOL        SIG_EVENT
  D:0081H         SYMBOL        SP
  I:000FH         SYMBOL        TASKSTATE
  D:0088H         SYMBOL        TCON
  B:0088H.5       SYMBOL        TF0
  B:0088H.7       SYMBOL        TF1
  D:008CH         SYMBOL        TH0
  D:008DH         SYMBOL        TH1
  C:1D8CH         SYMBOL        TIMEOUTON
  C:1C8CH         SYMBOL        TIMERINT
  C:1CBDH         SYMBOL        TIMERLOOP
  I:000EH         SYMBOL        TIMERVAL
  N:000AH         SYMBOL        TIMESHARING
  D:008AH         SYMBOL        TL0
  D:008BH         SYMBOL        TL1
  D:0089H         SYMBOL        TMOD
  N:0008H         SYMBOL        TMO_EVENT
  B:0088H.4       SYMBOL        TR0
  B:0088H.6       SYMBOL        TR1
  C:000BH         LINE#         271
  C:1C87H         LINE#         279
  C:1C8BH         LINE#         282
  C:1C8CH         LINE#         299
  C:1C8FH         LINE#         301
  C:1C92H         LINE#         302
BL51 BANKED LINKER/LOCATER V6.00                                                      07/18/2017  19:52:09  PAGE 16


  C:1C95H         LINE#         303
  C:1C97H         LINE#         305
  C:1C99H         LINE#         306
  C:1C9BH         LINE#         307
  C:1C9DH         LINE#         308
  C:1C9FH         LINE#         309
  C:1CA1H         LINE#         310
  C:1CA3H         LINE#         311
  C:1CA5H         LINE#         312
  C:1CA7H         LINE#         316
  C:1CA8H         LINE#         317
  C:1CAAH         LINE#         318
  C:1CABH         LINE#         319
  C:1CACH         LINE#         320
  C:1CAFH         LINE#         321
  C:1CB1H         LINE#         322
  C:1CB2H         LINE#         323
  C:1CB4H         LINE#         324
  C:1CB7H         LINE#         325
  C:1CB9H         LINE#         329
  C:1CBBH         LINE#         330
  C:1CBDH         LINE#         331
  C:1CBEH         LINE#         332
  C:1CBFH         LINE#         333
  C:1CC0H         LINE#         334
  C:1CC2H         LINE#         335
  C:1CC4H         LINE#         336
  C:1CC5H         LINE#         337
  C:1CC8H         LINE#         338
  C:1CCAH         LINE#         339
  C:1CCBH         LINE#         340
  C:1CCDH         LINE#         341
  C:1CCEH         LINE#         342
  C:1CD0H         LINE#         344
  C:1CD1H         LINE#         345
  C:1CD3H         LINE#         360
  C:1CD6H         LINE#         366
  C:1CD7H         LINE#         367
  C:1CDAH         LINE#         370
  C:1CDCH         LINE#         371
  C:1CDEH         LINE#         372
  C:1CE0H         LINE#         373
  C:1CE2H         LINE#         374
  C:1CE4H         LINE#         375
  C:1CE6H         LINE#         376
  C:1CE8H         LINE#         377
  C:1CEAH         LINE#         378
  C:1CECH         LINE#         379
  C:1CEEH         LINE#         380
  C:1CF0H         LINE#         381
  C:1CF2H         LINE#         382
  C:1CF4H         LINE#         387
  C:1CF6H         LINE#         388
  C:1CF7H         LINE#         389
  C:1CF9H         LINE#         390
  C:1CFAH         LINE#         391
  C:1CFCH         LINE#         392
BL51 BANKED LINKER/LOCATER V6.00                                                      07/18/2017  19:52:09  PAGE 17


  C:1CFEH         LINE#         393
  C:1CFFH         LINE#         394
  C:1D00H         LINE#         395
  C:1D02H         LINE#         424
  C:1D04H         LINE#         426
  C:1D06H         LINE#         427
  C:1D07H         LINE#         429
  C:1D08H         LINE#         430
  C:1D0AH         LINE#         431
  C:1D0BH         LINE#         434
  C:1D0CH         LINE#         435
  C:1D0DH         LINE#         436
  C:1D0EH         LINE#         444
  C:1D11H         LINE#         445
  C:1D13H         LINE#         446
  C:1D15H         LINE#         449
  C:1D16H         LINE#         450
  C:1D19H         LINE#         458
  C:1D1AH         LINE#         462
  C:1D1CH         LINE#         463
  C:1D1DH         LINE#         464
  C:1D1EH         LINE#         465
  C:1D20H         LINE#         468
  C:1D22H         LINE#         470
  C:1D24H         LINE#         471
  C:1D26H         LINE#         472
  C:1D27H         LINE#         473
  C:1D28H         LINE#         474
  C:1D29H         LINE#         476
  C:1D2BH         LINE#         478
  C:1D2CH         LINE#         479
  C:1D2DH         LINE#         480
  C:1D2FH         LINE#         481
  C:1D32H         LINE#         482
  C:1D34H         LINE#         484
  C:1D35H         LINE#         485
  C:1D36H         LINE#         490
  C:1D37H         LINE#         491
  C:1D38H         LINE#         492
  C:1D3AH         LINE#         496
  C:1D3BH         LINE#         497
  C:1D3CH         LINE#         498
  C:1D3EH         LINE#         499
  C:1D40H         LINE#         505
  C:1D42H         LINE#         506
  C:1D43H         LINE#         507
  C:1D44H         LINE#         508
  C:1D46H         LINE#         510
  C:1D48H         LINE#         511
  C:1D4AH         LINE#         512
  C:1D4BH         LINE#         513
  C:1D4CH         LINE#         516
  C:1D4EH         LINE#         517
  C:1D51H         LINE#         518
  C:1D53H         LINE#         520
  C:1D54H         LINE#         522
  C:1D55H         LINE#         523
BL51 BANKED LINKER/LOCATER V6.00                                                      07/18/2017  19:52:09  PAGE 18


  C:1D56H         LINE#         524
  C:1D57H         LINE#         525
  C:1D58H         LINE#         529
  C:1D5AH         LINE#         530
  C:1D5BH         LINE#         531
  C:1D5DH         LINE#         535
  C:1D5FH         LINE#         536
  C:1D60H         LINE#         537
  C:1D61H         LINE#         539
  C:1D63H         LINE#         543
  C:1D65H         LINE#         544
  C:1D67H         LINE#         545
  C:1D68H         LINE#         546
  C:1D69H         LINE#         548
  C:1D6BH         LINE#         549
  C:1D6DH         LINE#         555
  C:1D70H         LINE#         559
  C:1D72H         LINE#         560
  C:1D73H         LINE#         561
  C:1D75H         LINE#         562
  C:1D76H         LINE#         563
  C:1D78H         LINE#         564
  C:1D7AH         LINE#         565
  C:1D7BH         LINE#         567
  C:1D7EH         LINE#         571
  C:1D81H         LINE#         572
  C:1D84H         LINE#         576
  C:1D86H         LINE#         577
  C:1D89H         LINE#         578
  C:1D8CH         LINE#         580
  C:1D8EH         LINE#         581
  C:1D90H         LINE#         583
  C:1D92H         LINE#         584
  C:1D93H         LINE#         585
  C:1D95H         LINE#         587
  C:1D97H         LINE#         588
  C:1D99H         LINE#         594
  C:1D9BH         LINE#         595
  C:1D9CH         LINE#         608
  C:1D9DH         LINE#         609
  C:1D9FH         LINE#         614
  C:1DA1H         LINE#         615
  C:1DA3H         LINE#         616
  C:1DA5H         LINE#         617
  C:1DA7H         LINE#         618
  C:1DA9H         LINE#         619
  C:1DABH         LINE#         620
  C:1DADH         LINE#         621
  C:1DAFH         LINE#         622
  C:1DB1H         LINE#         623
  C:1DB3H         LINE#         624
  C:1DB5H         LINE#         625
  C:1DB7H         LINE#         626
  C:1DB9H         LINE#         627
  C:1DBBH         LINE#         628
  C:1DBCH         LINE#         642
  C:1DBEH         LINE#         643
BL51 BANKED LINKER/LOCATER V6.00                                                      07/18/2017  19:52:09  PAGE 19


  C:1DC0H         LINE#         644
  C:1DC2H         LINE#         645
  C:1DC4H         LINE#         646
  C:1DC5H         LINE#         647
  C:1DC6H         LINE#         648
  C:1DC8H         LINE#         649
  C:1DCAH         LINE#         650
  C:1DCCH         LINE#         651
  C:1DCDH         LINE#         652
  C:1DCFH         LINE#         653
  C:1DD0H         LINE#         654
  C:1DD1H         LINE#         655
  C:1DD2H         LINE#         656
  C:1DD3H         LINE#         657
  C:1DD5H         LINE#         658
  C:1DD7H         LINE#         659
  C:1DD9H         LINE#         660
  C:1DDCH         LINE#         661
  C:1DDEH         LINE#         662
  C:1DDFH         LINE#         663
  C:1DE1H         LINE#         664
  C:1DE2H         LINE#         665
  C:1DE3H         LINE#         666
  C:1DE5H         LINE#         668
  C:1DE8H         LINE#         670
  C:1DEBH         LINE#         671
  C:1DEEH         LINE#         672
  C:1DF1H         LINE#         673
  C:1DF3H         LINE#         674
  C:1DF5H         LINE#         675
  C:1DF7H         LINE#         676
  -------         ENDMOD        ?RTX51_TINY_KERNAL

  -------         MODULE        PID
  C:0000H         SYMBOL        _ICE_DUMMY_
  D:0080H         PUBLIC        P0
  D:0090H         PUBLIC        P1
  D:00A0H         PUBLIC        P2
  D:00B0H         PUBLIC        P3
  D:00C0H         PUBLIC        P4
  C:4730H         PUBLIC        _PID_getState
  D:00C8H         PUBLIC        P5
  D:00E8H         PUBLIC        P6
  D:00F8H         PUBLIC        P7
  D:00A8H         PUBLIC        IE
  C:41D2H         PUBLIC        _PID_setActualParameter
  C:471EH         PUBLIC        _openPID
  C:45A2H         PUBLIC        _PID_getOutput
  D:00B8H         PUBLIC        IP
  C:4256H         PUBLIC        _PID_setTargetParameter
  D:00D8H         PUBLIC        CCON
  C:4506H         PUBLIC        _PID_getParameter
  C:4520H         PUBLIC        _PID_getErr
  C:4588H         PUBLIC        _PID_getKd
  D:0098H         PUBLIC        SCON
  C:456EH         PUBLIC        _PID_getKi
  D:0088H         PUBLIC        TCON
BL51 BANKED LINKER/LOCATER V6.00                                                      07/18/2017  19:52:09  PAGE 20


  C:2A7BH         PUBLIC        _PID_config
  C:45BCH         PUBLIC        _PID_getIntegral
  C:4554H         PUBLIC        _PID_getKp
  C:4235H         PUBLIC        _PID_setKd
  C:41F3H         PUBLIC        _PID_setKi
  D:00F0H         PUBLIC        B
  C:453AH         PUBLIC        _PID_getErrLast
  C:41B1H         PUBLIC        _PID_setParameterUpperLimit
  D:00E0H         PUBLIC        ACC
  C:4214H         PUBLIC        _PID_setKp
  C:199AH         PUBLIC        _PID
  X:028CH         SYMBOL        g_pid_n_info
  C:4778H         PUBLIC        _closePID
  D:00D0H         PUBLIC        PSW
  C:4190H         PUBLIC        _PID_setParameterInferiorLimit
  -------         PROC          _PID_CONFIG
  D:0003H         SYMBOL        PID_N
  X:02FFH         SYMBOL        kp
  X:0303H         SYMBOL        ki
  X:0307H         SYMBOL        kd
  C:2A7BH         LINE#         49
  C:2A7DH         LINE#         50
  C:2A7DH         LINE#         51
  C:2A92H         LINE#         52
  C:2AA7H         LINE#         53
  C:2ABCH         LINE#         54
  C:2AD1H         LINE#         55
  C:2AF0H         LINE#         56
  C:2B0FH         LINE#         57
  C:2B2EH         LINE#         58
  C:2B58H         LINE#         59
  C:2B82H         LINE#         60
  -------         ENDPROC       _PID_CONFIG
  -------         PROC          _OPENPID
  D:0007H         SYMBOL        PID_N
  C:471EH         LINE#         70
  C:471EH         LINE#         71
  C:471EH         LINE#         72
  C:472FH         LINE#         74
  -------         ENDPROC       _OPENPID
  -------         PROC          _CLOSEPID
  D:0007H         SYMBOL        PID_N
  C:4778H         LINE#         83
  C:4778H         LINE#         84
  C:4778H         LINE#         85
  C:4788H         LINE#         88
  -------         ENDPROC       _CLOSEPID
  -------         PROC          _PID
  X:0314H         SYMBOL        PID_N
  C:199AH         LINE#         97
  C:199FH         LINE#         98
  C:199FH         LINE#         102
  C:19EAH         LINE#         104
  C:1A25H         LINE#         105
  C:1A25H         LINE#         106
  C:1A50H         LINE#         107
  C:1A96H         LINE#         108
BL51 BANKED LINKER/LOCATER V6.00                                                      07/18/2017  19:52:09  PAGE 21


  C:1AD1H         LINE#         109
  C:1AF0H         LINE#         110
  C:1AF2H         LINE#         112
  C:1AF2H         LINE#         113
  C:1B08H         LINE#         114
  C:1B1DH         LINE#         115
  C:1B56H         LINE#         116
  C:1B56H         LINE#         121
  C:1C5BH         LINE#         124
  C:1C85H         LINE#         127
  C:1C86H         LINE#         129
  -------         ENDPROC       _PID
  -------         PROC          _PID_SETPARAMETERINFERIORLIMIT
  D:0003H         SYMBOL        PID_N
  X:02FFH         SYMBOL        value
  C:4190H         LINE#         139
  C:4192H         LINE#         140
  C:4192H         LINE#         141
  -------         ENDPROC       _PID_SETPARAMETERINFERIORLIMIT
  -------         PROC          _PID_SETPARAMETERUPPERLIMIT
  D:0003H         SYMBOL        PID_N
  X:02FFH         SYMBOL        value
  C:41B1H         LINE#         153
  C:41B3H         LINE#         154
  C:41B3H         LINE#         155
  -------         ENDPROC       _PID_SETPARAMETERUPPERLIMIT
  -------         PROC          _PID_SETACTUALPARAMETER
  D:0003H         SYMBOL        PID_N
  X:0315H         SYMBOL        value
  C:41D2H         LINE#         168
  C:41D4H         LINE#         169
  C:41D4H         LINE#         170
  -------         ENDPROC       _PID_SETACTUALPARAMETER
  -------         PROC          _PID_SETKI
  D:0003H         SYMBOL        PID_N
  X:04EDH         SYMBOL        value
  C:41F3H         LINE#         183
  C:41F5H         LINE#         184
  C:41F5H         LINE#         185
  -------         ENDPROC       _PID_SETKI
  -------         PROC          _PID_SETKP
  D:0003H         SYMBOL        PID_N
  X:04F2H         SYMBOL        value
  C:4214H         LINE#         197
  C:4216H         LINE#         198
  C:4216H         LINE#         199
  -------         ENDPROC       _PID_SETKP
  -------         PROC          _PID_SETKD
  D:0003H         SYMBOL        PID_N
  X:04F7H         SYMBOL        value
  C:4235H         LINE#         211
  C:4237H         LINE#         212
  C:4237H         LINE#         213
  -------         ENDPROC       _PID_SETKD
  -------         PROC          _PID_SETTARGETPARAMETER
  D:0003H         SYMBOL        PID_N
  X:0315H         SYMBOL        value
BL51 BANKED LINKER/LOCATER V6.00                                                      07/18/2017  19:52:09  PAGE 22


  C:4256H         LINE#         225
  C:4258H         LINE#         226
  C:4258H         LINE#         227
  -------         ENDPROC       _PID_SETTARGETPARAMETER
  -------         PROC          _PID_GETPARAMETER
  D:0007H         SYMBOL        PID_N
  C:4506H         LINE#         239
  C:4506H         LINE#         240
  C:4506H         LINE#         241
  C:451FH         LINE#         242
  -------         ENDPROC       _PID_GETPARAMETER
  -------         PROC          _PID_GETERR
  D:0007H         SYMBOL        PID_N
  C:4520H         LINE#         252
  C:4520H         LINE#         253
  C:4520H         LINE#         254
  C:4539H         LINE#         255
  -------         ENDPROC       _PID_GETERR
  -------         PROC          _PID_GETERRLAST
  D:0007H         SYMBOL        PID_N
  C:453AH         LINE#         265
  C:453AH         LINE#         266
  C:453AH         LINE#         267
  C:4553H         LINE#         268
  -------         ENDPROC       _PID_GETERRLAST
  -------         PROC          _PID_GETKP
  D:0007H         SYMBOL        PID_N
  C:4554H         LINE#         277
  C:4554H         LINE#         278
  C:4554H         LINE#         279
  C:456DH         LINE#         280
  -------         ENDPROC       _PID_GETKP
  -------         PROC          _PID_GETKI
  D:0007H         SYMBOL        PID_N
  C:456EH         LINE#         290
  C:456EH         LINE#         291
  C:456EH         LINE#         292
  C:4587H         LINE#         293
  -------         ENDPROC       _PID_GETKI
  -------         PROC          _PID_GETKD
  D:0007H         SYMBOL        PID_N
  C:4588H         LINE#         303
  C:4588H         LINE#         304
  C:4588H         LINE#         305
  C:45A1H         LINE#         306
  -------         ENDPROC       _PID_GETKD
  -------         PROC          _PID_GETOUTPUT
  D:0007H         SYMBOL        PID_N
  C:45A2H         LINE#         316
  C:45A2H         LINE#         317
  C:45A2H         LINE#         318
  C:45BBH         LINE#         319
  -------         ENDPROC       _PID_GETOUTPUT
  -------         PROC          _PID_GETINTEGRAL
  D:0007H         SYMBOL        PID_N
  C:45BCH         LINE#         329
  C:45BCH         LINE#         330
BL51 BANKED LINKER/LOCATER V6.00                                                      07/18/2017  19:52:09  PAGE 23


  C:45BCH         LINE#         331
  C:45D5H         LINE#         332
  -------         ENDPROC       _PID_GETINTEGRAL
  -------         PROC          _PID_GETSTATE
  D:0007H         SYMBOL        PID_N
  C:4730H         LINE#         333
  C:4730H         LINE#         334
  C:4730H         LINE#         335
  C:4741H         LINE#         336
  -------         ENDPROC       _PID_GETSTATE
  -------         ENDMOD        PID

  -------         MODULE        FILTER
  C:0000H         SYMBOL        _ICE_DUMMY_
  D:0080H         PUBLIC        P0
  D:0090H         PUBLIC        P1
  D:00A0H         PUBLIC        P2
  D:00B0H         PUBLIC        P3
  D:00C0H         PUBLIC        P4
  D:00C8H         PUBLIC        P5
  D:00E8H         PUBLIC        P6
  D:00F8H         PUBLIC        P7
  C:2811H         PUBLIC        _filter
  D:00A8H         PUBLIC        IE
  D:00B8H         PUBLIC        IP
  D:00D8H         PUBLIC        CCON
  D:0098H         PUBLIC        SCON
  D:0088H         PUBLIC        TCON
  D:00F0H         PUBLIC        B
  D:00E0H         PUBLIC        ACC
  D:00D0H         PUBLIC        PSW
  -------         PROC          _FILTER
  D:0001H         SYMBOL        ary
  X:0351H         SYMBOL        num
  X:0352H         SYMBOL        MaxValue
  X:0354H         SYMBOL        MinValue
  -------         DO            
  X:0356H         SYMBOL        angleDataloopTemp2
  X:0358H         SYMBOL        finalData
  X:035AH         SYMBOL        maxValue
  X:035CH         SYMBOL        minValue
  -------         ENDDO         
  C:2811H         LINE#         2
  C:2816H         LINE#         3
  C:2816H         LINE#         5
  C:281DH         LINE#         6
  C:282CH         LINE#         7
  C:283BH         LINE#         8
  C:285DH         LINE#         9
  C:285DH         LINE#         10
  C:2879H         LINE#         11
  C:2879H         LINE#         12
  C:2896H         LINE#         13
  C:2896H         LINE#         14
  C:28B8H         LINE#         15
  C:28B8H         LINE#         16
  C:28D5H         LINE#         17
BL51 BANKED LINKER/LOCATER V6.00                                                      07/18/2017  19:52:09  PAGE 24


  C:28D5H         LINE#         18
  C:28F7H         LINE#         19
  C:290BH         LINE#         20
  C:2930H         LINE#         21
  C:2946H         LINE#         22
  C:2946H         LINE#         23
  -------         ENDPROC       _FILTER
  -------         ENDMOD        FILTER

  -------         MODULE        DATASCOPE_DP
  C:0000H         SYMBOL        _ICE_DUMMY_
  D:0080H         PUBLIC        P0
  D:0090H         PUBLIC        P1
  D:00A0H         PUBLIC        P2
  D:00B0H         PUBLIC        P3
  D:00C0H         PUBLIC        P4
  D:00C8H         PUBLIC        P5
  D:00E8H         PUBLIC        P6
  D:00F8H         PUBLIC        P7
  X:03E4H         PUBLIC        DataScope_OutPut_Buffer
  D:00A8H         PUBLIC        IE
  D:00B8H         PUBLIC        IP
  D:00D8H         PUBLIC        CCON
  C:3F42H         PUBLIC        _sendScopeData
  D:0098H         PUBLIC        SCON
  D:0088H         PUBLIC        TCON
  D:00F0H         PUBLIC        B
  C:3171H         PUBLIC        _Float2Byte
  D:00E0H         PUBLIC        ACC
  C:336BH         PUBLIC        _DataScope_Data_Generate
  C:2947H         PUBLIC        _DataScope_Get_Channel_Data
  D:00D0H         PUBLIC        PSW
  -------         PROC          _FLOAT2BYTE
  D:0001H         SYMBOL        target
  X:0347H         SYMBOL        buf
  X:034AH         SYMBOL        beg
  -------         DO            
  X:034BH         SYMBOL        point
  -------         ENDDO         
  C:3171H         LINE#         26
  C:3171H         LINE#         27
  C:3171H         LINE#         29
  C:317CH         LINE#         30
  C:319AH         LINE#         31
  C:31C6H         LINE#         32
  C:31F2H         LINE#         33
  -------         ENDPROC       _FLOAT2BYTE
  -------         PROC          _SENDSCOPEDATA
  D:0004H         SYMBOL        Data
  X:033DH         SYMBOL        channel
  -------         DO            
  X:033EH         SYMBOL        a
  -------         ENDDO         
  C:3F42H         LINE#         43
  C:3F42H         LINE#         44
  C:3F42H         LINE#         47
  C:3F4DH         LINE#         49
BL51 BANKED LINKER/LOCATER V6.00                                                      07/18/2017  19:52:09  PAGE 25


  C:3F63H         LINE#         50
  C:3F63H         LINE#         51
  C:3F72H         LINE#         52
  C:3F7AH         LINE#         54
  -------         ENDPROC       _SENDSCOPEDATA
  -------         PROC          _DATASCOPE_GET_CHANNEL_DATA
  X:033FH         SYMBOL        Data
  X:0343H         SYMBOL        Channel
  C:2947H         LINE#         60
  C:294DH         LINE#         61
  C:294DH         LINE#         62
  C:2960H         LINE#         63
  C:2960H         LINE#         65
  C:2960H         LINE#         67
  C:2960H         LINE#         68
  C:2996H         LINE#         69
  C:2996H         LINE#         70
  C:2996H         LINE#         71
  C:29A9H         LINE#         72
  C:29ACH         LINE#         73
  C:29ACH         LINE#         74
  C:29C0H         LINE#         75
  C:29C3H         LINE#         76
  C:29C3H         LINE#         77
  C:29D7H         LINE#         78
  C:29DAH         LINE#         79
  C:29DAH         LINE#         80
  C:29EEH         LINE#         81
  C:29F1H         LINE#         82
  C:29F1H         LINE#         83
  C:2A05H         LINE#         84
  C:2A07H         LINE#         85
  C:2A07H         LINE#         86
  C:2A1BH         LINE#         87
  C:2A1DH         LINE#         88
  C:2A1DH         LINE#         89
  C:2A31H         LINE#         90
  C:2A33H         LINE#         91
  C:2A33H         LINE#         92
  C:2A47H         LINE#         93
  C:2A49H         LINE#         94
  C:2A49H         LINE#         95
  C:2A5DH         LINE#         96
  C:2A5FH         LINE#         97
  C:2A5FH         LINE#         98
  C:2A7AH         LINE#         99
  C:2A7AH         LINE#         100
  C:2A7AH         LINE#         101
  C:2A7AH         LINE#         102
  -------         ENDPROC       _DATASCOPE_GET_CHANNEL_DATA
  -------         PROC          _DATASCOPE_DATA_GENERATE
  D:0007H         SYMBOL        Channel_Number
  C:336BH         LINE#         107
  C:336BH         LINE#         108
  C:336BH         LINE#         109
  C:3374H         LINE#         110
  C:3374H         LINE#         111
BL51 BANKED LINKER/LOCATER V6.00                                                      07/18/2017  19:52:09  PAGE 26


  C:3377H         LINE#         112
  C:3377H         LINE#         114
  C:3377H         LINE#         115
  C:337DH         LINE#         116
  C:33B3H         LINE#         117
  C:33B3H         LINE#         118
  C:33B3H         LINE#         119
  C:33B9H         LINE#         120
  C:33BCH         LINE#         121
  C:33BCH         LINE#         122
  C:33BCH         LINE#         123
  C:33C2H         LINE#         124
  C:33C5H         LINE#         125
  C:33C5H         LINE#         126
  C:33C5H         LINE#         127
  C:33CBH         LINE#         128
  C:33CEH         LINE#         129
  C:33CEH         LINE#         130
  C:33CEH         LINE#         131
  C:33D4H         LINE#         132
  C:33D7H         LINE#         133
  C:33D7H         LINE#         134
  C:33D7H         LINE#         135
  C:33DDH         LINE#         136
  C:33E0H         LINE#         137
  C:33E0H         LINE#         138
  C:33E0H         LINE#         139
  C:33E6H         LINE#         140
  C:33E9H         LINE#         141
  C:33E9H         LINE#         142
  C:33E9H         LINE#         143
  C:33EFH         LINE#         144
  C:33F2H         LINE#         145
  C:33F2H         LINE#         146
  C:33F2H         LINE#         147
  C:33F8H         LINE#         148
  C:33FBH         LINE#         149
  C:33FBH         LINE#         150
  C:33FBH         LINE#         151
  C:3401H         LINE#         152
  C:3404H         LINE#         153
  C:3404H         LINE#         154
  C:3404H         LINE#         155
  C:340AH         LINE#         156
  C:340DH         LINE#         157
  C:340DH         LINE#         158
  C:340DH         LINE#         159
  C:340DH         LINE#         160
  C:340FH         LINE#         161
  -------         ENDPROC       _DATASCOPE_DATA_GENERATE
  -------         ENDMOD        DATASCOPE_DP

  -------         MODULE        STORAGE
  C:0000H         SYMBOL        _ICE_DUMMY_
  D:0080H         PUBLIC        P0
  D:0090H         PUBLIC        P1
  D:00A0H         PUBLIC        P2
BL51 BANKED LINKER/LOCATER V6.00                                                      07/18/2017  19:52:09  PAGE 27


  D:00B0H         PUBLIC        P3
  D:00C0H         PUBLIC        P4
  D:00C8H         PUBLIC        P5
  D:00E8H         PUBLIC        P6
  D:00F8H         PUBLIC        P7
  D:00A8H         PUBLIC        IE
  D:00B8H         PUBLIC        IP
  D:00D8H         PUBLIC        CCON
  C:4742H         PUBLIC        _writeData
  D:0098H         PUBLIC        SCON
  D:0088H         PUBLIC        TCON
  D:00F0H         PUBLIC        B
  D:00E0H         PUBLIC        ACC
  D:00D0H         PUBLIC        PSW
  -------         PROC          _WRITEDATA
  X:04FBH         SYMBOL        add
  X:04FDH         SYMBOL        Data
  C:4742H         LINE#         3
  C:4753H         LINE#         4
  C:4753H         LINE#         6
  -------         ENDPROC       _WRITEDATA
  -------         ENDMOD        STORAGE

  -------         MODULE        BUTTON
  C:0000H         SYMBOL        _ICE_DUMMY_
  D:0080H         PUBLIC        P0
  D:0090H         PUBLIC        P1
  D:00A0H         PUBLIC        P2
  D:00B0H         PUBLIC        P3
  D:00C0H         PUBLIC        P4
  D:00C8H         PUBLIC        P5
  D:00E8H         PUBLIC        P6
  D:00F8H         PUBLIC        P7
  D:00A8H         PUBLIC        IE
  D:00B8H         PUBLIC        IP
  D:00D8H         PUBLIC        CCON
  C:3CF3H         PUBLIC        buttonScan
  B:0020H.0       SYMBOL        BUTTON1_bit
  B:0020H.1       SYMBOL        BUTTON2_bit
  B:0020H.2       SYMBOL        BUTTON3_bit
  B:0020H.3       SYMBOL        BUTTON4_bit
  D:0098H         PUBLIC        SCON
  B:00A0H.3       PUBLIC        P23
  D:0088H         PUBLIC        TCON
  B:00A0H.4       PUBLIC        P24
  B:00A0H.5       PUBLIC        P25
  B:00A0H.6       PUBLIC        P26
  D:00F0H         PUBLIC        B
  C:43D1H         PUBLIC        _getButtonState
  D:00E0H         PUBLIC        ACC
  C:4337H         PUBLIC        Button_config
  C:484EH         SYMBOL        _digitalRead
  D:00D0H         PUBLIC        PSW
  -------         PROC          BUTTON_CONFIG
  -------         DO            
  X:02FEH         SYMBOL        GPIO_InitStructure
  -------         ENDDO         
BL51 BANKED LINKER/LOCATER V6.00                                                      07/18/2017  19:52:09  PAGE 28


  C:4337H         LINE#         25
  C:4337H         LINE#         26
  C:4337H         LINE#         28
  C:433DH         LINE#         29
  C:4342H         LINE#         30
  C:434DH         LINE#         31
  C:434FH         LINE#         32
  C:4351H         LINE#         33
  C:4353H         LINE#         34
  C:4355H         LINE#         35
  -------         ENDPROC       BUTTON_CONFIG
  -------         PROC          _DIGITALREAD
  D:0006H         SYMBOL        pin
  C:484EH         LINE#         43
  C:484EH         LINE#         44
  C:484EH         LINE#         45
  C:4852H         LINE#         46
  C:4852H         LINE#         47
  C:4857H         LINE#         48
  C:4857H         LINE#         49
  -------         ENDPROC       _DIGITALREAD
  -------         PROC          _GETBUTTONSTATE
  D:0007H         SYMBOL        BUTTON_data
  C:43D1H         LINE#         61
  C:43D1H         LINE#         62
  C:43D1H         LINE#         63
  C:43E2H         LINE#         64
  C:43E2H         LINE#         65
  C:43E2H         LINE#         66
  C:43E5H         LINE#         67
  C:43E5H         LINE#         68
  C:43E5H         LINE#         69
  C:43E8H         LINE#         70
  C:43E8H         LINE#         71
  C:43E8H         LINE#         72
  C:43EBH         LINE#         73
  C:43EBH         LINE#         74
  C:43EBH         LINE#         75
  C:43EDH         LINE#         76
  C:43EDH         LINE#         77
  C:43EDH         LINE#         78
  -------         ENDPROC       _GETBUTTONSTATE
  -------         PROC          BUTTONSCAN
  C:3CF3H         LINE#         88
  C:3CF3H         LINE#         89
  C:3CF3H         LINE#         90
  C:3CFEH         LINE#         91
  C:3CFEH         LINE#         92
  C:3D08H         LINE#         93
  C:3D08H         LINE#         97
  C:3D0AH         LINE#         98
  C:3D0AH         LINE#         99
  C:3D0CH         LINE#         101
  C:3D0CH         LINE#         102
  C:3D0EH         LINE#         103
  C:3D0EH         LINE#         104
  C:3D19H         LINE#         105
BL51 BANKED LINKER/LOCATER V6.00                                                      07/18/2017  19:52:09  PAGE 29


  C:3D19H         LINE#         106
  C:3D1CH         LINE#         107
  C:3D1CH         LINE#         111
  C:3D1EH         LINE#         112
  C:3D1EH         LINE#         113
  C:3D20H         LINE#         115
  C:3D20H         LINE#         116
  C:3D22H         LINE#         117
  C:3D22H         LINE#         118
  C:3D2DH         LINE#         119
  C:3D2DH         LINE#         120
  C:3D30H         LINE#         121
  C:3D30H         LINE#         125
  C:3D32H         LINE#         127
  C:3D32H         LINE#         128
  C:3D34H         LINE#         130
  C:3D34H         LINE#         131
  C:3D36H         LINE#         132
  C:3D36H         LINE#         133
  C:3D41H         LINE#         134
  C:3D41H         LINE#         135
  C:3D44H         LINE#         136
  C:3D44H         LINE#         140
  C:3D46H         LINE#         142
  C:3D46H         LINE#         143
  C:3D47H         LINE#         145
  C:3D47H         LINE#         146
  C:3D49H         LINE#         147
  C:3D49H         LINE#         148
  -------         ENDPROC       BUTTONSCAN
  -------         ENDMOD        BUTTON

  -------         MODULE        LED
  C:0000H         SYMBOL        _ICE_DUMMY_
  D:0080H         PUBLIC        P0
  D:0090H         PUBLIC        P1
  D:00A0H         PUBLIC        P2
  D:00B0H         PUBLIC        P3
  D:00C0H         PUBLIC        P4
  D:00C8H         PUBLIC        P5
  B:0021H.5       SYMBOL        Board_LED_State
  D:00E8H         PUBLIC        P6
  D:00F8H         PUBLIC        P7
  D:00A8H         PUBLIC        IE
  C:416EH         PUBLIC        _blink
  C:400EH         PUBLIC        Board_LED_Init
  D:00B8H         PUBLIC        IP
  C:48B6H         PUBLIC        close_Board_LED
  D:00D8H         PUBLIC        CCON
  D:0098H         PUBLIC        SCON
  D:0088H         PUBLIC        TCON
  C:48B1H         PUBLIC        open_Board_LED
  B:00C8H.5       PUBLIC        P55
  D:00F0H         PUBLIC        B
  D:00E0H         PUBLIC        ACC
  C:48BFH         PUBLIC        getBoard_LED_State
  C:4893H         PUBLIC        _Board_LED_PWM
BL51 BANKED LINKER/LOCATER V6.00                                                      07/18/2017  19:52:09  PAGE 30


  D:00D0H         PUBLIC        PSW
  -------         PROC          BOARD_LED_INIT
  -------         DO            
  X:0514H         SYMBOL        GPIO_InitStructure
  -------         ENDDO         
  C:400EH         LINE#         8
  C:400EH         LINE#         9
  C:400EH         LINE#         11
  C:4014H         LINE#         12
  C:4019H         LINE#         13
  C:4024H         LINE#         14
  C:4027H         LINE#         15
  C:402CH         LINE#         16
  C:402FH         LINE#         17
  C:4034H         LINE#         18
  C:4035H         LINE#         19
  -------         ENDPROC       BOARD_LED_INIT
  -------         PROC          OPEN_BOARD_LED
  C:48B1H         LINE#         20
  C:48B1H         LINE#         21
  C:48B1H         LINE#         22
  C:48B3H         LINE#         23
  C:48B5H         LINE#         24
  -------         ENDPROC       OPEN_BOARD_LED
  -------         PROC          CLOSE_BOARD_LED
  C:48B6H         LINE#         25
  C:48B6H         LINE#         26
  C:48B6H         LINE#         27
  C:48B8H         LINE#         28
  C:48BAH         LINE#         30
  -------         ENDPROC       CLOSE_BOARD_LED
  -------         PROC          _BLINK
  X:0516H         SYMBOL        time
  C:416EH         LINE#         31
  C:4173H         LINE#         32
  C:4173H         LINE#         33
  C:417DH         LINE#         34
  C:417DH         LINE#         35
  C:4180H         LINE#         36
  C:4185H         LINE#         37
  C:4188H         LINE#         38
  C:418DH         LINE#         40
  C:418FH         LINE#         41
  -------         ENDPROC       _BLINK
  -------         PROC          GETBOARD_LED_STATE
  C:48BFH         LINE#         42
  C:48BFH         LINE#         43
  C:48BFH         LINE#         44
  C:48C1H         LINE#         45
  -------         ENDPROC       GETBOARD_LED_STATE
  -------         PROC          _BOARD_LED_PWM
  X:0517H         SYMBOL        luminance
  C:4893H         LINE#         46
  C:4898H         LINE#         47
  C:4898H         LINE#         48
  C:4898H         LINE#         49
  C:4898H         LINE#         52
BL51 BANKED LINKER/LOCATER V6.00                                                      07/18/2017  19:52:09  PAGE 31


  C:4898H         LINE#         54
  -------         ENDPROC       _BOARD_LED_PWM
  -------         ENDMOD        LED

  -------         MODULE        MOTOR
  C:0000H         SYMBOL        _ICE_DUMMY_
  D:0080H         PUBLIC        P0
  D:0090H         PUBLIC        P1
  D:00A0H         PUBLIC        P2
  D:00B0H         PUBLIC        P3
  D:00C0H         PUBLIC        P4
  D:00C8H         PUBLIC        P5
  D:00E8H         PUBLIC        P6
  D:00F8H         PUBLIC        P7
  D:00BAH         PUBLIC        P_SW2
  D:00A8H         PUBLIC        IE
  C:44D1H         PUBLIC        _open_DC_Motor
  D:00B8H         PUBLIC        IP
  D:00D8H         PUBLIC        CCON
  B:00A0H.1       PUBLIC        P21
  D:0098H         PUBLIC        SCON
  D:0088H         PUBLIC        TCON
  B:00B0H.7       PUBLIC        P37
  C:368EH         PUBLIC        _setDC_MotorSpeed
  D:00F0H         PUBLIC        B
  X:0500H         SYMBOL        g_DC_Motor
  C:47DDH         PUBLIC        _getDC_MotorState
  D:00E0H         PUBLIC        ACC
  C:3A40H         PUBLIC        DC_MOTOR_config
  C:45D6H         PUBLIC        _close_DC_Motor
  D:00D0H         PUBLIC        PSW
  -------         PROC          _SETDC_MOTORSPEED
  X:0318H         SYMBOL        motor
  X:0319H         SYMBOL        speed
  C:368EH         LINE#         38
  C:3693H         LINE#         39
  C:3693H         LINE#         41
  C:36AEH         LINE#         42
  C:36AEH         LINE#         43
  C:36B8H         LINE#         44
  C:36B8H         LINE#         45
  C:36D3H         LINE#         46
  C:36D3H         LINE#         48
  C:36DDH         LINE#         49
  C:36DDH         LINE#         52
  C:36F9H         LINE#         53
  C:371BH         LINE#         54
  -------         ENDPROC       _SETDC_MOTORSPEED
  -------         PROC          _OPEN_DC_MOTOR
  X:0314H         SYMBOL        motor
  C:44D1H         LINE#         55
  C:44D6H         LINE#         56
  C:44D6H         LINE#         57
  C:44D9H         LINE#         58
  C:44EBH         LINE#         59
  -------         ENDPROC       _OPEN_DC_MOTOR
  -------         PROC          _CLOSE_DC_MOTOR
BL51 BANKED LINKER/LOCATER V6.00                                                      07/18/2017  19:52:09  PAGE 32


  X:0518H         SYMBOL        motor
  C:45D6H         LINE#         60
  C:45DBH         LINE#         61
  C:45DBH         LINE#         62
  C:45DEH         LINE#         63
  C:45EFH         LINE#         67
  -------         ENDPROC       _CLOSE_DC_MOTOR
  -------         PROC          _GETDC_MOTORSTATE
  D:0007H         SYMBOL        motor
  C:47DDH         LINE#         68
  C:47DDH         LINE#         69
  C:47DDH         LINE#         70
  C:47ECH         LINE#         72
  -------         ENDPROC       _GETDC_MOTORSTATE
  -------         PROC          DC_MOTOR_CONFIG
  -------         DO            
  X:02FEH         SYMBOL        GPIO_InitStructure
  X:0300H         SYMBOL        PWM_InitStructure
  -------         ENDDO         
  C:3A40H         LINE#         80
  C:3A40H         LINE#         81
  C:3A40H         LINE#         85
  C:3A45H         LINE#         88
  C:3A49H         LINE#         89
  C:3A54H         LINE#         93
  C:3A5AH         LINE#         94
  C:3A64H         LINE#         95
  C:3A66H         LINE#         96
  C:3A68H         LINE#         99
  C:3A6BH         LINE#         100
  C:3A70H         LINE#         101
  C:3A72H         LINE#         102
  C:3A74H         LINE#         103
  C:3A77H         LINE#         104
  C:3A7AH         LINE#         105
  C:3A7CH         LINE#         106
  C:3A7EH         LINE#         107
[...]
  C:39DBH         LINE#         332
  C:39E6H         LINE#         333
  C:39FAH         LINE#         334
  C:3A00H         LINE#         335
  C:3A00H         LINE#         336
  C:3A00H         LINE#         338
  C:3A03H         LINE#         339
  C:3A03H         LINE#         340
  C:3A05H         LINE#         341
  C:3A12H         LINE#         342
  C:3A12H         LINE#         343
  C:3A1FH         LINE#         344
  C:3A2CH         LINE#         345
  C:3A2EH         LINE#         346
  C:3A33H         LINE#         347
  C:3A33H         LINE#         348
  -------         ENDPROC       UART1_INT
  -------         PROC          UART2_INT
  C:3832H         LINE#         351
  C:3841H         LINE#         353
  C:3846H         LINE#         354
  C:3846H         LINE#         355
  C:3849H         LINE#         356
  C:384FH         LINE#         357
  C:384FH         LINE#         358
  C:385AH         LINE#         359
  C:386EH         LINE#         360
  C:3874H         LINE#         361
  C:3874H         LINE#         362
  C:3874H         LINE#         364
  C:3879H         LINE#         365
  C:3879H         LINE#         366
  C:387CH         LINE#         367
  C:3889H         LINE#         368
  C:3889H         LINE#         369
  C:3896H         LINE#         370
  C:38A3H         LINE#         371
  C:38A5H         LINE#         372
  C:38AAH         LINE#         373
  C:38AAH         LINE#         375
  -------         ENDPROC       UART2_INT
  -------         PROC          UART3_INT
  C:38B7H         LINE#         379
  C:38C6H         LINE#         381
  C:38CBH         LINE#         382
  C:38CBH         LINE#         383
  C:38CEH         LINE#         384
  C:38D4H         LINE#         385
BL51 BANKED LINKER/LOCATER V6.00                                                      07/18/2017  19:52:09  PAGE 80


  C:38D4H         LINE#         386
  C:38DFH         LINE#         387
  C:38F3H         LINE#         388
  C:38F9H         LINE#         389
  C:38F9H         LINE#         390
  C:38F9H         LINE#         392
  C:38FEH         LINE#         393
  C:38FEH         LINE#         394
  C:3901H         LINE#         395
  C:390EH         LINE#         396
  C:390EH         LINE#         397
  C:391BH         LINE#         398
  C:3928H         LINE#         399
  C:392AH         LINE#         400
  C:392FH         LINE#         401
  C:392FH         LINE#         403
  -------         ENDPROC       UART3_INT
  -------         PROC          UART4_INT
  C:393CH         LINE#         407
  C:394BH         LINE#         409
  C:3950H         LINE#         410
  C:3950H         LINE#         411
  C:3953H         LINE#         412
  C:3959H         LINE#         413
  C:3959H         LINE#         414
  C:3964H         LINE#         415
  C:3978H         LINE#         416
  C:397EH         LINE#         417
  C:397EH         LINE#         418
  C:397EH         LINE#         420
  C:3983H         LINE#         421
  C:3983H         LINE#         422
  C:3986H         LINE#         423
  C:3993H         LINE#         424
  C:3993H         LINE#         425
  C:39A0H         LINE#         426
  C:39ADH         LINE#         427
  C:39AFH         LINE#         428
  C:39B4H         LINE#         429
  C:39B4H         LINE#         431
  -------         ENDPROC       UART4_INT
  -------         ENDMOD        USART1

  -------         MODULE        STC15_EEPROM
  C:0000H         SYMBOL        _ICE_DUMMY_
  D:0080H         PUBLIC        P0
  D:0090H         PUBLIC        P1
  D:00A0H         PUBLIC        P2
  D:00B0H         PUBLIC        P3
  C:4828H         PUBLIC        DisableEEPROM
  D:00C0H         PUBLIC        P4
  D:00C8H         PUBLIC        P5
  D:00C6H         PUBLIC        ISP_TRIG
  B:00A8H.7       PUBLIC        EA
  D:00E8H         PUBLIC        P6
  D:00F8H         PUBLIC        P7
  D:00A8H         PUBLIC        IE
BL51 BANKED LINKER/LOCATER V6.00                                                      07/18/2017  19:52:09  PAGE 81


  C:4317H         PUBLIC        _EEPROM_SectorErase
  C:3EC4H         PUBLIC        _EEPROM_read_n
  D:00B8H         PUBLIC        IP
  D:00C5H         PUBLIC        ISP_CMD
  D:00D8H         PUBLIC        CCON
  C:3F03H         PUBLIC        _EEPROM_write_n
  D:00C3H         PUBLIC        ISP_ADDRH
  D:0098H         PUBLIC        SCON
  D:0088H         PUBLIC        TCON
  D:00C4H         PUBLIC        ISP_ADDRL
  D:00F0H         PUBLIC        B
  D:00E0H         PUBLIC        ACC
  D:00C7H         PUBLIC        ISP_CONTR
  D:00C2H         PUBLIC        ISP_DATA
  D:00D0H         PUBLIC        PSW
  -------         PROC          DISABLEEEPROM
  C:4828H         LINE#         30
  C:4828H         LINE#         31
  C:4828H         LINE#         32
  C:482BH         LINE#         33
  C:482DH         LINE#         34
  C:482FH         LINE#         35
  C:4832H         LINE#         36
  C:4835H         LINE#         37
  -------         ENDPROC       DISABLEEEPROM
  -------         PROC          _EEPROM_READ_N
  D:0004H         SYMBOL        EE_address
  D:0001H         SYMBOL        DataAddress
  X:04DDH         SYMBOL        number
  C:3EC4H         LINE#         49
  C:3EC8H         LINE#         50
  C:3EC8H         LINE#         51
  C:3ECAH         LINE#         52
  C:3ECDH         LINE#         53
  C:3ED0H         LINE#         55
  C:3ED0H         LINE#         56
  C:3ED3H         LINE#         57
  C:3ED7H         LINE#         58
  C:3EDDH         LINE#         61
  C:3EDEH         LINE#         62
  C:3EE3H         LINE#         63
  C:3EE8H         LINE#         64
  C:3EEFH         LINE#         65
  C:3EFDH         LINE#         67
  C:3F00H         LINE#         68
  C:3F02H         LINE#         69
  -------         ENDPROC       _EEPROM_READ_N
  -------         PROC          _EEPROM_SECTORERASE
  D:0004H         SYMBOL        EE_address
  C:4317H         LINE#         80
  C:431BH         LINE#         81
  C:431BH         LINE#         82
  C:431DH         LINE#         85
  C:4320H         LINE#         86
  C:4324H         LINE#         87
  C:4327H         LINE#         88
  C:432AH         LINE#         89
BL51 BANKED LINKER/LOCATER V6.00                                                      07/18/2017  19:52:09  PAGE 82


  C:4330H         LINE#         90
  C:4331H         LINE#         91
  C:4334H         LINE#         92
  C:4336H         LINE#         93
  -------         ENDPROC       _EEPROM_SECTORERASE
  -------         PROC          _EEPROM_WRITE_N
  D:0004H         SYMBOL        EE_address
  D:0001H         SYMBOL        DataAddress
  X:04E4H         SYMBOL        number
  C:3F03H         LINE#         104
  C:3F07H         LINE#         105
  C:3F07H         LINE#         106
  C:3F09H         LINE#         108
  C:3F0CH         LINE#         109
  C:3F0FH         LINE#         111
  C:3F0FH         LINE#         112
  C:3F12H         LINE#         113
  C:3F16H         LINE#         114
  C:3F1BH         LINE#         115
  C:3F21H         LINE#         116
  C:3F22H         LINE#         117
  C:3F27H         LINE#         118
  C:3F2EH         LINE#         119
  C:3F3CH         LINE#         121
  C:3F3FH         LINE#         122
  C:3F41H         LINE#         123
  -------         ENDPROC       _EEPROM_WRITE_N
  -------         ENDMOD        STC15_EEPROM

  -------         MODULE        ?C?FPADD
  C:0807H         PUBLIC        ?C?FPADD
  C:0803H         PUBLIC        ?C?FPSUB
  -------         ENDMOD        ?C?FPADD

  -------         MODULE        ?C?FPMUL
  C:08F8H         PUBLIC        ?C?FPMUL
  -------         ENDMOD        ?C?FPMUL

  -------         MODULE        ?C?FPDIV
  C:0A01H         PUBLIC        ?C?FPDIV
  -------         ENDMOD        ?C?FPDIV

  -------         MODULE        ?C?FPCMP
  C:0AA0H         PUBLIC        ?C?FPCMP
  C:0A9EH         PUBLIC        ?C?FPCMP3
  -------         ENDMOD        ?C?FPCMP

  -------         MODULE        ?C?FCAST
  C:0B15H         PUBLIC        ?C?FCASTC
  C:0B10H         PUBLIC        ?C?FCASTI
  C:0B0BH         PUBLIC        ?C?FCASTL
  -------         ENDMOD        ?C?FCAST

  -------         MODULE        ?C?CASTF
  C:0B49H         PUBLIC        ?C?CASTF
  -------         ENDMOD        ?C?CASTF

BL51 BANKED LINKER/LOCATER V6.00                                                      07/18/2017  19:52:09  PAGE 83


  -------         MODULE        ?C?CLDPTR
  C:0BCAH         PUBLIC        ?C?CLDPTR
  -------         ENDMOD        ?C?CLDPTR

  -------         MODULE        ?C?CLDOPTR
  C:0BE3H         PUBLIC        ?C?CLDOPTR
  -------         ENDMOD        ?C?CLDOPTR

  -------         MODULE        ?C?CSTPTR
  C:0C10H         PUBLIC        ?C?CSTPTR
  -------         ENDMOD        ?C?CSTPTR

  -------         MODULE        ?C?CSTOPTR
  C:0C22H         PUBLIC        ?C?CSTOPTR
  -------         ENDMOD        ?C?CSTOPTR

  -------         MODULE        ?C?IMUL
  C:0C44H         PUBLIC        ?C?IMUL
  -------         ENDMOD        ?C?IMUL

  -------         MODULE        ?C?UIDIV
  C:0C56H         PUBLIC        ?C?UIDIV
  -------         ENDMOD        ?C?UIDIV

  -------         MODULE        ?C?IILDX
  C:0CABH         PUBLIC        ?C?IILDX
  -------         ENDMOD        ?C?IILDX

  -------         MODULE        ?C?ILDOPTR
  C:0CC1H         PUBLIC        ?C?ILDOPTR
  -------         ENDMOD        ?C?ILDOPTR

  -------         MODULE        ?C?LMUL
  C:0CF9H         PUBLIC        ?C?LMUL
  -------         ENDMOD        ?C?LMUL

  -------         MODULE        ?C?ULDIV
  C:0D84H         PUBLIC        ?C?ULDIV
  -------         ENDMOD        ?C?ULDIV

  -------         MODULE        ?C?SLDIV
  C:3E80H         PUBLIC        ?C?SLDIV
  -------         ENDMOD        ?C?SLDIV

  -------         MODULE        ?C?LNEG
  C:0E16H         PUBLIC        ?C?LNEG
  -------         ENDMOD        ?C?LNEG

  -------         MODULE        ?C?ULCMP
  C:0E24H         PUBLIC        ?C?ULCMP
  -------         ENDMOD        ?C?ULCMP

  -------         MODULE        ?C?ULSHR
  C:0E35H         PUBLIC        ?C?ULSHR
  -------         ENDMOD        ?C?ULSHR

  -------         MODULE        ?C?LLDOPTR0
BL51 BANKED LINKER/LOCATER V6.00                                                      07/18/2017  19:52:09  PAGE 84


  C:0E48H         PUBLIC        ?C?LLDOPTR0
  -------         ENDMOD        ?C?LLDOPTR0

  -------         MODULE        ?C?LLDIXDATA
  C:0E81H         PUBLIC        ?C?LLDIXDATA
  C:0E78H         PUBLIC        ?C?LLDIXDATA1
  C:0E7AH         PUBLIC        ?C?LLDIXDATA8
  -------         ENDMOD        ?C?LLDIXDATA

  -------         MODULE        ?C?LSTXDATA
  C:0EADH         PUBLIC        ?C?LSTXDATA
  -------         ENDMOD        ?C?LSTXDATA

  -------         MODULE        ?C?LSTKXDATA
  C:0EB9H         PUBLIC        ?C?LSTKXDATA
  -------         ENDMOD        ?C?LSTKXDATA

  -------         MODULE        ABS
  C:4842H         PUBLIC        _ABS
  -------         ENDMOD        ABS

  -------         MODULE        ?C?LLDIDATA0
  C:0EEAH         PUBLIC        ?C?LLDIDATA0
  -------         ENDMOD        ?C?LLDIDATA0

  -------         MODULE        ?C?LLDXDATA0
  C:0EF7H         PUBLIC        ?C?LLDXDATA0
  -------         ENDMOD        ?C?LLDXDATA0

  -------         MODULE        ?C?LLDPDATA0
  C:0F03H         PUBLIC        ?C?LLDPDATA0
  -------         ENDMOD        ?C?LLDPDATA0

  -------         MODULE        ?C?LLDCODE0
  C:0F10H         PUBLIC        ?C?LLDCODE0
  -------         ENDMOD        ?C?LLDCODE0

*** WARNING L16: UNCALLED SEGMENT, IGNORED FOR OVERLAY PROCESS
    SEGMENT: ?PR?MODE1?MODE

*** WARNING L16: UNCALLED SEGMENT, IGNORED FOR OVERLAY PROCESS
    SEGMENT: ?PR?MODE2?MODE

*** WARNING L16: UNCALLED SEGMENT, IGNORED FOR OVERLAY PROCESS
    SEGMENT: ?PR?MODE3?MODE

*** WARNING L16: UNCALLED SEGMENT, IGNORED FOR OVERLAY PROCESS
    SEGMENT: ?PR?MODE4?MODE

*** WARNING L16: UNCALLED SEGMENT, IGNORED FOR OVERLAY PROCESS
    SEGMENT: ?PR?MODELAUNCHER?MODE

*** WARNING L16: UNCALLED SEGMENT, IGNORED FOR OVERLAY PROCESS
    SEGMENT: ?PR?_CLOSEPID?PID

*** WARNING L16: UNCALLED SEGMENT, IGNORED FOR OVERLAY PROCESS
    SEGMENT: ?PR?_PID_SETKI?PID
BL51 BANKED LINKER/LOCATER V6.00                                                      07/18/2017  19:52:09  PAGE 85



*** WARNING L16: UNCALLED SEGMENT, IGNORED FOR OVERLAY PROCESS
    SEGMENT: ?PR?_PID_SETKP?PID

*** WARNING L16: UNCALLED SEGMENT, IGNORED FOR OVERLAY PROCESS
    SEGMENT: ?PR?_PID_SETKD?PID

*** WARNING L16: UNCALLED SEGMENT, IGNORED FOR OVERLAY PROCESS
    SEGMENT: ?PR?_PID_GETERRLAST?PID

*** WARNING L16: UNCALLED SEGMENT, IGNORED FOR OVERLAY PROCESS
    SEGMENT: ?PR?_PID_GETKP?PID

*** WARNING L16: UNCALLED SEGMENT, IGNORED FOR OVERLAY PROCESS
    SEGMENT: ?PR?_PID_GETKI?PID

*** WARNING L16: UNCALLED SEGMENT, IGNORED FOR OVERLAY PROCESS
    SEGMENT: ?PR?_PID_GETKD?PID

*** WARNING L16: UNCALLED SEGMENT, IGNORED FOR OVERLAY PROCESS
    SEGMENT: ?PR?_PID_GETINTEGRAL?PID

*** WARNING L16: UNCALLED SEGMENT, IGNORED FOR OVERLAY PROCESS
    SEGMENT: ?PR?_PID_GETSTATE?PID

*** WARNING L16: UNCALLED SEGMENT, IGNORED FOR OVERLAY PROCESS
    SEGMENT: ?PR?_WRITEDATA?STORAGE

*** WARNING L16: UNCALLED SEGMENT, IGNORED FOR OVERLAY PROCESS
    SEGMENT: ?PR?_GETBUTTONSTATE?BUTTON

*** WARNING L16: UNCALLED SEGMENT, IGNORED FOR OVERLAY PROCESS
    SEGMENT: ?PR?BUTTONSCAN?BUTTON

*** WARNING L16: UNCALLED SEGMENT, IGNORED FOR OVERLAY PROCESS
    SEGMENT: ?PR?BOARD_LED_INIT?LED

*** WARNING L16: UNCALLED SEGMENT, IGNORED FOR OVERLAY PROCESS
    SEGMENT: ?PR?_BLINK?LED

*** WARNING L16: UNCALLED SEGMENT, IGNORED FOR OVERLAY PROCESS
    SEGMENT: ?PR?GETBOARD_LED_STATE?LED

*** WARNING L16: UNCALLED SEGMENT, IGNORED FOR OVERLAY PROCESS
    SEGMENT: ?PR?_BOARD_LED_PWM?LED

*** WARNING L16: UNCALLED SEGMENT, IGNORED FOR OVERLAY PROCESS
    SEGMENT: ?PR?_GETDC_MOTORSTATE?MOTOR

*** WARNING L16: UNCALLED SEGMENT, IGNORED FOR OVERLAY PROCESS
    SEGMENT: ?PR?_INIT_STR_MOTOR?SERVO

*** WARNING L16: UNCALLED SEGMENT, IGNORED FOR OVERLAY PROCESS
    SEGMENT: ?PR?_SET_STR_ANGLE?SERVO

*** WARNING L16: UNCALLED SEGMENT, IGNORED FOR OVERLAY PROCESS
    SEGMENT: ?PR?_READ_STR_ANGLE?SERVO
BL51 BANKED LINKER/LOCATER V6.00                                                      07/18/2017  19:52:09  PAGE 86



*** WARNING L16: UNCALLED SEGMENT, IGNORED FOR OVERLAY PROCESS
    SEGMENT: ?PR?_OPEN_STR?SERVO

*** WARNING L16: UNCALLED SEGMENT, IGNORED FOR OVERLAY PROCESS
    SEGMENT: ?PR?_CLOSE_STR?SERVO

*** WARNING L16: UNCALLED SEGMENT, IGNORED FOR OVERLAY PROCESS
    SEGMENT: ?PR?_SETSTEPMOTORWITHROUND?STEP_MOTOR

*** WARNING L16: UNCALLED SEGMENT, IGNORED FOR OVERLAY PROCESS
    SEGMENT: ?PR?_GETSTEPMOTORSTATE?STEP_MOTOR

*** WARNING L16: UNCALLED SEGMENT, IGNORED FOR OVERLAY PROCESS
    SEGMENT: ?PR?_SETSTEPMOTORDIVERSION?STEP_MOTOR

*** WARNING L16: UNCALLED SEGMENT, IGNORED FOR OVERLAY PROCESS
    SEGMENT: ?PR?_CLOSE_STEPMOTOR?STEP_MOTOR

*** WARNING L16: UNCALLED SEGMENT, IGNORED FOR OVERLAY PROCESS
    SEGMENT: ?PR?_OPEN_STEPMOTOR?STEP_MOTOR

*** WARNING L16: UNCALLED SEGMENT, IGNORED FOR OVERLAY PROCESS
    SEGMENT: ?PR?_FREESTEPMOTOR?STEP_MOTOR

*** WARNING L16: UNCALLED SEGMENT, IGNORED FOR OVERLAY PROCESS
    SEGMENT: ?PR?_LOCKSTEPMOTOR?STEP_MOTOR

*** WARNING L16: UNCALLED SEGMENT, IGNORED FOR OVERLAY PROCESS
    SEGMENT: ?PR?_STEPMOTOR_INIT?STEP_MOTOR

*** WARNING L16: UNCALLED SEGMENT, IGNORED FOR OVERLAY PROCESS
    SEGMENT: ?PR?_SETRELAY?RELAY

*** WARNING L16: UNCALLED SEGMENT, IGNORED FOR OVERLAY PROCESS
    SEGMENT: ?PR?_UNSETRELAY?RELAY

*** WARNING L16: UNCALLED SEGMENT, IGNORED FOR OVERLAY PROCESS
    SEGMENT: ?PR?RELAY_INIT?RELAY

*** WARNING L16: UNCALLED SEGMENT, IGNORED FOR OVERLAY PROCESS
    SEGMENT: ?PR?_LCD1602_WRITE_WORD?LCD1602

*** WARNING L16: UNCALLED SEGMENT, IGNORED FOR OVERLAY PROCESS
    SEGMENT: ?PR?LCD1602_INIT?LCD1602

*** WARNING L16: UNCALLED SEGMENT, IGNORED FOR OVERLAY PROCESS
    SEGMENT: ?PR?_HC595_INIT?74HC595

*** WARNING L16: UNCALLED SEGMENT, IGNORED FOR OVERLAY PROCESS
    SEGMENT: ?PR?_HC595SENDDATA?74HC595

*** WARNING L16: UNCALLED SEGMENT, IGNORED FOR OVERLAY PROCESS
    SEGMENT: ?PR?_GETPULSERSTATE?FIXEDPULSER

*** WARNING L16: UNCALLED SEGMENT, IGNORED FOR OVERLAY PROCESS
    SEGMENT: ?PR?_ADC_POWERCONTROL?ADC
BL51 BANKED LINKER/LOCATER V6.00                                                      07/18/2017  19:52:09  PAGE 87



*** WARNING L16: UNCALLED SEGMENT, IGNORED FOR OVERLAY PROCESS
    SEGMENT: ?PR?_SETPINSTATE?GPIO

*** WARNING L16: UNCALLED SEGMENT, IGNORED FOR OVERLAY PROCESS
    SEGMENT: ?PR?_PWMN_UPDATE?PCA

*** WARNING L16: UNCALLED SEGMENT, IGNORED FOR OVERLAY PROCESS
    SEGMENT: ?PR?_PCA_INIT?PCA

*** WARNING L16: UNCALLED SEGMENT, IGNORED FOR OVERLAY PROCESS
    SEGMENT: ?PR?_PWMOUTPUT?PCA

*** WARNING L16: UNCALLED SEGMENT, IGNORED FOR OVERLAY PROCESS
    SEGMENT: ?PR?_GET_PWM_PERIOD?STC15_PWM

*** WARNING L16: UNCALLED SEGMENT, IGNORED FOR OVERLAY PROCESS
    SEGMENT: ?PR?_GET_PWM_N_DUTY?STC15_PWM

*** WARNING L16: UNCALLED SEGMENT, IGNORED FOR OVERLAY PROCESS
    SEGMENT: ?PR?_GETPWM_DIV?STC15_PWM

*** WARNING L16: UNCALLED SEGMENT, IGNORED FOR OVERLAY PROCESS
    SEGMENT: ?PR?OPEN_PWM_ALL?STC15_PWM

*** WARNING L16: UNCALLED SEGMENT, IGNORED FOR OVERLAY PROCESS
    SEGMENT: ?PR?CLOSE_PWM_ALL?STC15_PWM

*** WARNING L16: UNCALLED SEGMENT, IGNORED FOR OVERLAY PROCESS
    SEGMENT: ?PR?_GET_PWM_N_STATE?STC15_PWM

*** WARNING L16: UNCALLED SEGMENT, IGNORED FOR OVERLAY PROCESS
    SEGMENT: ?PR?TIMERINIT?TIMER

*** WARNING L16: UNCALLED SEGMENT, IGNORED FOR OVERLAY PROCESS
    SEGMENT: ?PR?_GETTIMEROUT?TIMER

*** WARNING L16: UNCALLED SEGMENT, IGNORED FOR OVERLAY PROCESS
    SEGMENT: ?PR?_SETTIMERHERTZ?TIMER

*** WARNING L16: UNCALLED SEGMENT, IGNORED FOR OVERLAY PROCESS
    SEGMENT: ?PR?_GETTIMERHERTZ?TIMER

*** WARNING L16: UNCALLED SEGMENT, IGNORED FOR OVERLAY PROCESS
    SEGMENT: ?PR?_ONRESTARTTIMER?TIMER

*** WARNING L16: UNCALLED SEGMENT, IGNORED FOR OVERLAY PROCESS
    SEGMENT: ?PR?GETMICROS?TIMER

*** WARNING L16: UNCALLED SEGMENT, IGNORED FOR OVERLAY PROCESS
    SEGMENT: ?PR?GETMILLIS?TIMER

*** WARNING L16: UNCALLED SEGMENT, IGNORED FOR OVERLAY PROCESS
    SEGMENT: ?PR?GETSECONDS?TIMER

*** WARNING L16: UNCALLED SEGMENT, IGNORED FOR OVERLAY PROCESS
    SEGMENT: ?PR?GETMINUTES?TIMER
BL51 BANKED LINKER/LOCATER V6.00                                                      07/18/2017  19:52:09  PAGE 88



*** WARNING L16: UNCALLED SEGMENT, IGNORED FOR OVERLAY PROCESS
    SEGMENT: ?PR?GETHOURS?TIMER

*** WARNING L16: UNCALLED SEGMENT, IGNORED FOR OVERLAY PROCESS
    SEGMENT: ?PR?GETDAYS?TIMER

*** WARNING L16: UNCALLED SEGMENT, IGNORED FOR OVERLAY PROCESS
    SEGMENT: ?PR?_PRINTSTRING2?USART1

*** WARNING L16: UNCALLED SEGMENT, IGNORED FOR OVERLAY PROCESS
    SEGMENT: ?PR?_PRINTSTRING3?USART1

*** WARNING L16: UNCALLED SEGMENT, IGNORED FOR OVERLAY PROCESS
    SEGMENT: ?PR?_PRINTSTRING4?USART1

*** WARNING L16: UNCALLED SEGMENT, IGNORED FOR OVERLAY PROCESS
    SEGMENT: ?PR?_EEPROM_READ_N?STC15_EEPROM

*** WARNING L16: UNCALLED SEGMENT, IGNORED FOR OVERLAY PROCESS
    SEGMENT: ?PR?_EEPROM_SECTORERASE?STC15_EEPROM

*** WARNING L16: UNCALLED SEGMENT, IGNORED FOR OVERLAY PROCESS
    SEGMENT: ?PR?_EEPROM_WRITE_N?STC15_EEPROM

*** WARNING L15: MULTIPLE CALL TO SEGMENT
    SEGMENT: ?PR?GETANGLE?ANGLE
    CALLER1: ?PR?TASK_ANGLE?ABSTASK
    CALLER2: ?PR?DEBUG?ABSTASK

*** WARNING L15: MULTIPLE CALL TO SEGMENT
    SEGMENT: ?PR?_FILTER?FILTER
    CALLER1: ?PR?TASK_ANGLE?ABSTASK
    CALLER2: ?PR?DEBUG?ABSTASK

******************************************************************************
* RESTRICTED VERSION WITH FFFFH BYTE CODE SIZE LIMIT; USED: 3770H BYTE (21%) *
******************************************************************************

Program Size: data=40.7 xdata=1318 code=16625
LINK/LOCATE RUN COMPLETE.  74 WARNING(S),  0 ERROR(S)
