BL51 BANKED LINKER/LOCATER V6.00                                                        07/18/2017  17:18:40  PAGE 1


BL51 BANKED LINKER/LOCATER V6.00, INVOKED BY:
C:\KEIL_V5\C51\BIN\BL51.EXE .\absTask.obj, .\task.obj, .\setup.obj, .\mode.obj, .\Conf_tny.obj, .\PID.obj, .\FILTER.obj,
>>  .\DataScope_DP.obj, .\storage.obj, .\BUTTON.obj, .\LED.obj, .\MOTOR.obj, .\SERVO.obj, .\STEP_MOTOR.obj, .\RELAY.obj,
>>  .\ANGLE.obj, .\LCD1602.obj, .\74HC595.obj, .\fixedPulser.obj, .\ADC.obj, .\delay.obj, .\GPIO.obj, .\PCA.obj, .\stc15
>> _pwm.obj, .\timer.obj, .\USART1.obj, .\stc15_eeprom.obj TO 风板控制装置 RTX51TINY RAMSIZE (256)


MEMORY MODEL: LARGE WITH FLOATING POINT ARITHMETIC


INPUT MODULES INCLUDED:
  .\absTask.obj (ABSTASK)
  .\task.obj (TASK)
  .\setup.obj (SETUP)
  .\mode.obj (MODE)
  .\Conf_tny.obj (?RTX51_TINY_KERNAL)
  .\PID.obj (PID)
  .\FILTER.obj (FILTER)
  .\DataScope_DP.obj (DATASCOPE_DP)
  .\storage.obj (STORAGE)
  .\BUTTON.obj (BUTTON)
  .\LED.obj (LED)
  .\MOTOR.obj (MOTOR)
  .\SERVO.obj (SERVO)
  .\STEP_MOTOR.obj (STEP_MOTOR)
  .\RELAY.obj (RELAY)
  .\ANGLE.obj (ANGLE)
  .\LCD1602.obj (LCD1602)
  .\74HC595.obj (74HC595)
  .\fixedPulser.obj (FIXEDPULSER)
  .\ADC.obj (ADC)
  .\delay.obj (DELAY)
  .\GPIO.obj (GPIO)
  .\PCA.obj (PCA)
  .\stc15_pwm.obj (STC15_PWM)
  .\timer.obj (TIMER)
  .\USART1.obj (USART1)
  .\stc15_eeprom.obj (STC15_EEPROM)
  C:\KEIL_V5\C51\LIB\RTX51TNY.LIB (?RTX51_TINY_OS_WAIT)
  C:\KEIL_V5\C51\LIB\C51FPL.LIB (?C?FPADD)
  C:\KEIL_V5\C51\LIB\C51FPL.LIB (?C?FPMUL)
  C:\KEIL_V5\C51\LIB\C51FPL.LIB (?C?FPDIV)
  C:\KEIL_V5\C51\LIB\C51FPL.LIB (?C?FPCMP)
  C:\KEIL_V5\C51\LIB\C51FPL.LIB (?C?FCAST)
  C:\KEIL_V5\C51\LIB\C51FPL.LIB (?C?CASTF)
  C:\KEIL_V5\C51\LIB\C51FPL.LIB (?C?FPGETOPN)
  C:\KEIL_V5\C51\LIB\C51L.LIB (?C_STARTUP)
  C:\KEIL_V5\C51\LIB\C51L.LIB (?C?CLDPTR)
  C:\KEIL_V5\C51\LIB\C51L.LIB (?C?CLDOPTR)
  C:\KEIL_V5\C51\LIB\C51L.LIB (?C?CSTPTR)
  C:\KEIL_V5\C51\LIB\C51L.LIB (?C?CSTOPTR)
  C:\KEIL_V5\C51\LIB\C51L.LIB (?C?IMUL)
  C:\KEIL_V5\C51\LIB\C51L.LIB (?C?UIDIV)
  C:\KEIL_V5\C51\LIB\C51L.LIB (?C?IILDX)
  C:\KEIL_V5\C51\LIB\C51L.LIB (?C?ILDOPTR)
  C:\KEIL_V5\C51\LIB\C51L.LIB (?C?LMUL)
  C:\KEIL_V5\C51\LIB\C51L.LIB (?C?ULDIV)
  C:\KEIL_V5\C51\LIB\C51L.LIB (?C?SLDIV)
BL51 BANKED LINKER/LOCATER V6.00                                                      07/18/2017  17:18:40  PAGE 2


  C:\KEIL_V5\C51\LIB\C51L.LIB (?C?LNEG)
  C:\KEIL_V5\C51\LIB\C51L.LIB (?C?ULCMP)
  C:\KEIL_V5\C51\LIB\C51L.LIB (?C?ULSHR)
  C:\KEIL_V5\C51\LIB\C51L.LIB (?C?LLDOPTR0)
  C:\KEIL_V5\C51\LIB\C51L.LIB (?C?LLDIXDATA)
  C:\KEIL_V5\C51\LIB\C51L.LIB (?C?LSTXDATA)
  C:\KEIL_V5\C51\LIB\C51L.LIB (?C?LSTKXDATA)
  C:\KEIL_V5\C51\LIB\C51L.LIB (ABS)
  C:\KEIL_V5\C51\LIB\C51L.LIB (?C_INIT)
  C:\KEIL_V5\C51\LIB\C51L.LIB (?C?LLDIDATA0)
  C:\KEIL_V5\C51\LIB\C51L.LIB (?C?LLDXDATA0)
  C:\KEIL_V5\C51\LIB\C51L.LIB (?C?LLDPDATA0)
  C:\KEIL_V5\C51\LIB\C51L.LIB (?C?LLDCODE0)


TASK TABLE OF MODULE:  风板控制装置 (ABSTASK)

TASKID   PRIORITY   REG-BANK   SEGMENT NAME
-------------------------------------------
0        0          0          ?PR?TASK_INIT?ABSTASK
1        0          0          ?PR?TASK_BUTTON?ABSTASK
2        0          0          ?PR?TASK_ANGLE?ABSTASK
3        0          0          ?PR?TASK_MODE_1?ABSTASK
4        0          0          ?PR?TASK_MODE_2?ABSTASK



LINK MAP OF MODULE:  风板控制装置 (ABSTASK)


            TYPE    BASE      LENGTH    RELOCATION   SEGMENT NAME
            -----------------------------------------------------

            * * * * * * *   D A T A   M E M O R Y   * * * * * * *
            REG     0000H     0008H     ABSOLUTE     "REG BANK 0"
            DATA    0008H     0006H     ABSOLUTE     
            IDATA   000EH     000AH     UNIT         ?RTX?TASKSTATE?S
            IDATA   0018H     0005H     UNIT         ?RTX?TASKSP?S
                    001DH     0003H                  *** GAP ***
            BIT     0020H.0   0000H.4   UNIT         ?BI?BUTTON
            BIT     0020H.4   0000H.3   UNIT         ?BI?MODE
            BIT     0020H.7   0000H.3   UNIT         ?BI?PCA
            BIT     0021H.2   0000H.1   UNIT         ?RTX?BITS
            BIT     0021H.3   0000H.1   UNIT         ?BI?LED
            BIT     0021H.4   0000H.1   UNIT         ?BI?_SETPINSTATE?GPIO
            BIT     0021H.5   0000H.1   UNIT         _BIT_GROUP_
                    0021H.6   0000H.2                *** GAP ***
            IDATA   0022H     0001H     UNIT         ?STACK

            * * * * * * *  X D A T A   M E M O R Y  * * * * * * *
            XDATA   0000H     028CH     UNIT         ?XD?USART1
            XDATA   028CH     0072H     UNIT         ?XD?PID
            XDATA   02FEH     004AH     UNIT         ?XD?SERVO
            XDATA   0348H     003CH     UNIT         ?XD?STC15_PWM
            XDATA   0384H     002AH     UNIT         ?XD?DATASCOPE_DP
            XDATA   03AEH     0025H     UNIT         _XDATA_GROUP_
            XDATA   03D3H     0021H     UNIT         ?XD?_INIT_STR_MOTOR?SERVO
BL51 BANKED LINKER/LOCATER V6.00                                                      07/18/2017  17:18:40  PAGE 3


            XDATA   03F4H     001FH     UNIT         ?XD?FIXEDPULSER
            XDATA   0413H     001CH     UNIT         ?XD?STEP_MOTOR
            XDATA   042FH     0016H     UNIT         ?XD?TIMER
            XDATA   0445H     0015H     UNIT         ?XD?PCA
            XDATA   045AH     0012H     UNIT         ?XD?DC_MOTOR_CONFIG?MOTOR
            XDATA   046CH     0012H     UNIT         ?XD?PULSERINIT?FIXEDPULSER
            XDATA   047EH     0011H     UNIT         ?XD?TIMERINIT?TIMER
            XDATA   048FH     000DH     UNIT         ?XD?_UART1_INIT?SETUP
            XDATA   049CH     000DH     UNIT         ?XD?_PID_CONFIG?PID
            XDATA   04A9H     000AH     UNIT         ?XD?_FLOAT2BYTE?DATASCOPE_DP
            XDATA   04B3H     0009H     UNIT         ?XD?_SET_STR_ANGLE?SERVO
            XDATA   04BCH     0009H     UNIT         ?XD?_USART_CONFIGURATION?USART1
            XDATA   04C5H     0008H     UNIT         ?XD?_STEPMOTOR_INIT?STEP_MOTOR
            XDATA   04CDH     0008H     UNIT         ?XD?ANGLE
            XDATA   04D5H     0007H     UNIT         ?XD?_SETPULSE?FIXEDPULSER
            XDATA   04DCH     0007H     UNIT         ?XD?_EEPROM_READ_N?STC15_EEPROM
            XDATA   04E3H     0007H     UNIT         ?XD?_EEPROM_WRITE_N?STC15_EEPROM
            XDATA   04EAH     0006H     UNIT         ?XD?_SENDSCOPEDATA?DATASCOPE_DP
            XDATA   04F0H     0006H     UNIT         ?XD?_SETSTEPMOTORWITHANGLE?STEP_MOTOR
            XDATA   04F6H     0006H     UNIT         ?XD?_ADC_CONFIG?ANGLE
            XDATA   04FCH     0005H     UNIT         ?XD?_PID_SETPARAMETERINFERIORLIMIT?PID
            XDATA   0501H     0005H     UNIT         ?XD?_PID_SETPARAMETERUPPERLIMIT?PID
            XDATA   0506H     0005H     UNIT         ?XD?_PID_SETKI?PID
            XDATA   050BH     0005H     UNIT         ?XD?_PID_SETKP?PID
            XDATA   0510H     0005H     UNIT         ?XD?_PID_SETKD?PID
            XDATA   0515H     0005H     UNIT         ?XD?_PID_SETTARGETPARAMETER?PID
            XDATA   051AH     0005H     UNIT         ?XD?_DATASCOPE_GET_CHANNEL_DATA?DATASCOPE_DP
            XDATA   051FH     0005H     UNIT         ?XD?_WRITEDATA?STORAGE
            XDATA   0524H     0004H     UNIT         ?XD?MOTOR
            XDATA   0528H     0004H     UNIT         ?XD?_HC595_INIT?74HC595
            XDATA   052CH     0003H     UNIT         ?XD?RELAY
            XDATA   052FH     0003H     UNIT         ?XD?_LCD1602_WRITE_WORD?LCD1602
            XDATA   0532H     0003H     UNIT         ?XD?_PCA_INIT?PCA
            XDATA   0535H     0003H     UNIT         ?XD?_PWMOUTPUT?PCA
            XDATA   0538H     0002H     UNIT         ?XD?BUTTON_CONFIG?BUTTON
            XDATA   053AH     0002H     UNIT         ?XD?BOARD_LED_INIT?LED
            XDATA   053CH     0002H     UNIT         ?XD?_PWM_INILIZE?STC15_PWM
            XDATA   053EH     0002H     UNIT         ?XD?_SET_PWM_PERIOD?STC15_PWM
            XDATA   0540H     0001H     UNIT         ?XD?_BLINK?LED
            XDATA   0541H     0001H     UNIT         ?XD?_BOARD_LED_PWM?LED
            XDATA   0542H     0001H     UNIT         ?XD?_OPEN_DC_MOTOR?MOTOR
            XDATA   0543H     0001H     UNIT         ?XD?_CLOSE_DC_MOTOR?MOTOR
            XDATA   0544H     0001H     UNIT         ?XD?_OPEN_STR?SERVO
            XDATA   0545H     0001H     UNIT         ?XD?_CLOSE_STR?SERVO
            XDATA   0546H     0001H     UNIT         ?XD?_SETSTEPMOTORWITHROUND?STEP_MOTOR
            XDATA   0547H     0001H     UNIT         ?XD?_SETSTEPMOTORDIVERSION?STEP_MOTOR
            XDATA   0548H     0001H     UNIT         ?XD?_CLOSE_STEPMOTOR?STEP_MOTOR
            XDATA   0549H     0001H     UNIT         ?XD?_OPEN_STEPMOTOR?STEP_MOTOR
            XDATA   054AH     0001H     UNIT         ?XD?_FREESTEPMOTOR?STEP_MOTOR
            XDATA   054BH     0001H     UNIT         ?XD?_LOCKSTEPMOTOR?STEP_MOTOR
            XDATA   054CH     0001H     UNIT         ?XD?_LCD1602_WRITE_CHAR?LCD1602
            XDATA   054DH     0001H     UNIT         ?XD?_LCD1602_WRITE_COM?LCD1602
            XDATA   054EH     0001H     UNIT         ?XD?_HC595SENDDATA?74HC595
            XDATA   054FH     0001H     UNIT         ?XD?_OPENPULSER?FIXEDPULSER
            XDATA   0550H     0001H     UNIT         ?XD?_CLOSEPULSER?FIXEDPULSER

            * * * * * * *   C O D E   M E M O R Y   * * * * * * *
BL51 BANKED LINKER/LOCATER V6.00                                                      07/18/2017  17:18:40  PAGE 4


            CODE    0000H     0003H     ABSOLUTE     
                    0003H     0008H                  *** GAP ***
            CODE    000BH     0003H     ABSOLUTE     
                    000EH     000DH                  *** GAP ***
            CODE    001BH     0003H     ABSOLUTE     
                    001EH     0005H                  *** GAP ***
            CODE    0023H     0003H     ABSOLUTE     
                    0026H     0005H                  *** GAP ***
            CODE    002BH     0003H     ABSOLUTE     
                    002EH     000DH                  *** GAP ***
            CODE    003BH     0003H     ABSOLUTE     
                    003EH     0005H                  *** GAP ***
            CODE    0043H     0003H     ABSOLUTE     
                    0046H     0045H                  *** GAP ***
            CODE    008BH     0003H     ABSOLUTE     
                    008EH     0005H                  *** GAP ***
            CODE    0093H     0003H     ABSOLUTE     
                    0096H     0005H                  *** GAP ***
            CODE    009BH     0003H     ABSOLUTE     
                    009EH     0005H                  *** GAP ***
            CODE    00A3H     0003H     ABSOLUTE     
                    00A6H     000DH                  *** GAP ***
            CODE    00B3H     0003H     ABSOLUTE     
                    00B6H     074AH                  *** GAP ***
            CODE    0800H     0720H     UNIT         ?C?LIB_CODE
            CODE    0F20H     06E0H     UNIT         ?PR?_USART_CONFIGURATION?USART1
            CODE    1600H     039AH     UNIT         ?PR?_PWM_INILIZE?STC15_PWM
            CODE    199AH     02EDH     UNIT         ?PR?_PID?PID
            CODE    1C87H     0233H     UNIT         ?PR?_TIMER_INILIZE?TIMER
            CODE    1EBAH     01D4H     UNIT         ?PR?_INIT_STR_MOTOR?SERVO
            CODE    208EH     01D1H     UNIT         ?RTX?CODE
            CODE    225FH     01C4H     UNIT         ?PR?_GPIO_INILIZE?GPIO
            CODE    2423H     019FH     UNIT         ?PR?_PCA_INIT?PCA
            CODE    25C2H     013DH     UNIT         ?PR?_PWMOUTPUT?PCA
            CODE    26FFH     0136H     UNIT         ?PR?_FILTER?FILTER
            CODE    2835H     0134H     UNIT         ?PR?_DATASCOPE_GET_CHANNEL_DATA?DATASCOPE_DP
            CODE    2969H     0131H     UNIT         ?PR?_PID_CONFIG?PID
            CODE    2A9AH     0116H     UNIT         ?PR?_SET_STR_ANGLE?SERVO
            CODE    2BB0H     010FH     UNIT         ?PR?_SET_PWM_DUTY?STC15_PWM
            CODE    2CBFH     00DBH     UNIT         ?PR?MODE1?MODE
            CODE    2D9AH     00BAH     UNIT         ?PR?PWM_ROUTINE?FIXEDPULSER
            CODE    2E54H     00B1H     UNIT         ?CO?TIMER
            CODE    2F05H     00AEH     UNIT         ?PR?_PWMN_UPDATE?PCA
            CODE    2FB3H     00ACH     UNIT         ?PR?_SETBOARDWITHANGLE?TASK
            CODE    305FH     00AAH     UNIT         ?PR?_FLOAT2BYTE?DATASCOPE_DP
            CODE    3109H     00A9H     UNIT         ?PR?TIMERINIT?TIMER
            CODE    31B2H     00A5H     UNIT         ?PR?_DATASCOPE_DATA_GENERATE?DATASCOPE_DP
            CODE    3257H     00A3H     UNIT         ?C_INITSEG
            CODE    32FAH     00A3H     UNIT         ?PR?PCA_HANDLER?PCA
            CODE    339DH     009EH     UNIT         ?PR?_SETSTEPMOTORWITHANGLE?STEP_MOTOR
            CODE    343BH     009AH     UNIT         ?PR?_PWM_SET_T12_PERIOD?STC15_PWM
            CODE    34D5H     008EH     UNIT         ?PR?_SETDC_MOTORSPEED?MOTOR
            CODE    3563H     008CH     UNIT         ?C_C51STARTUP
            CODE    35EFH     008AH     UNIT         ?PR?TIMER4_INT?TIMER
            CODE    3679H     0085H     UNIT         ?PR?UART2_INT?USART1
            CODE    36FEH     0085H     UNIT         ?PR?UART3_INT?USART1
            CODE    3783H     0085H     UNIT         ?PR?UART4_INT?USART1
BL51 BANKED LINKER/LOCATER V6.00                                                      07/18/2017  17:18:40  PAGE 5


            CODE    3808H     007FH     UNIT         ?PR?UART1_INT?USART1
            CODE    3887H     007AH     UNIT         ?PR?GETANGLE?ANGLE
            CODE    3901H     006AH     UNIT         ?PR?DC_MOTOR_CONFIG?MOTOR
            CODE    396BH     0069H     UNIT         ?PR?PULSERINIT?FIXEDPULSER
            CODE    39D4H     0065H     UNIT         ?PR?SETUP?SETUP
            CODE    3A39H     0061H     UNIT         ?PR?_SET_PWM_PERIOD?STC15_PWM
            CODE    3A9AH     005EH     UNIT         ?PR?_GET_ADC10BITRESULT?ADC
            CODE    3AF8H     005BH     UNIT         ?PR?TASK_ANGLE?ABSTASK
            CODE    3B53H     0058H     UNIT         ?PR?_SETPULSE?FIXEDPULSER
            CODE    3BABH     0057H     UNIT         ?PR?BUTTONSCAN?BUTTON
            CODE    3C02H     0054H     UNIT         ?PR?_STEPMOTOR_INIT?STEP_MOTOR
            CODE    3C56H     0053H     UNIT         ?PR?_ADC_INILIZE?ADC
            CODE    3CA9H     0048H     UNIT         ?PR?TIMER3_INT?TIMER
            CODE    3CF1H     0047H     UNIT         ?PR?TIMER1_ISR?TIMER
            CODE    3D38H     0044H     UNIT         ?C?LDIV
            CODE    3D7CH     003FH     UNIT         ?PR?_EEPROM_READ_N?STC15_EEPROM
            CODE    3DBBH     003FH     UNIT         ?PR?_EEPROM_WRITE_N?STC15_EEPROM
            CODE    3DFAH     0039H     UNIT         ?PR?_SENDSCOPEDATA?DATASCOPE_DP
            CODE    3E33H     002FH     UNIT         ?PR?_SETSTEPMOTORWITHROUND?STEP_MOTOR
            CODE    3E62H     002FH     UNIT         ?PR?_LCD1602_WRITE_WORD?LCD1602
            CODE    3E91H     002CH     UNIT         ?PR?_UART1_INIT?SETUP
            CODE    3EBDH     0028H     UNIT         ?PR?BOARD_LED_INIT?LED
            CODE    3EE5H     0028H     UNIT         ?PR?_OPEN_PWM_N?STC15_PWM
            CODE    3F0DH     0028H     UNIT         ?PR?_TX2_WRITE2BUFF?USART1
            CODE    3F35H     0028H     UNIT         ?PR?_TX3_WRITE2BUFF?USART1
            CODE    3F5DH     0028H     UNIT         ?PR?_TX4_WRITE2BUFF?USART1
            CODE    3F85H     0027H     UNIT         ?CO?MODE
            CODE    3FACH     0027H     UNIT         ?PR?_TX1_WRITE2BUFF?USART1
            CODE    3FD3H     0025H     UNIT         ?PR?_CLOSE_PWM_N?STC15_PWM
            CODE    3FF8H     0025H     UNIT         ?PR?_SETTIMEOUT?TIMER
            CODE    401DH     0022H     UNIT         ?PR?_BLINK?LED
            CODE    403FH     0021H     UNIT         ?PR?_PID_SETPARAMETERINFERIORLIMIT?PID
            CODE    4060H     0021H     UNIT         ?PR?_PID_SETPARAMETERUPPERLIMIT?PID
            CODE    4081H     0021H     UNIT         ?PR?_PID_SETACTUALPARAMETER?PID
            CODE    40A2H     0021H     UNIT         ?PR?_PID_SETKI?PID
            CODE    40C3H     0021H     UNIT         ?PR?_PID_SETKP?PID
            CODE    40E4H     0021H     UNIT         ?PR?_PID_SETKD?PID
            CODE    4105H     0021H     UNIT         ?PR?_PID_SETTARGETPARAMETER?PID
            CODE    4126H     0020H     UNIT         ?PR?_OPEN_STR?SERVO
            CODE    4146H     0020H     UNIT         ?PR?_OPENPULSER?FIXEDPULSER
            CODE    4166H     0020H     UNIT         ?PR?_CLOSEPULSER?FIXEDPULSER
            CODE    4186H     0020H     UNIT         ?PR?_RESTARTTIMER?TIMER
            CODE    41A6H     0020H     UNIT         ?PR?_EEPROM_SECTORERASE?STC15_EEPROM
            CODE    41C6H     001FH     UNIT         ?PR?BUTTON_CONFIG?BUTTON
            CODE    41E5H     001FH     UNIT         ?PR?_CLOSE_STR?SERVO
            CODE    4204H     001FH     UNIT         ?PR?_ISEXPIREDTIMER?TIMER
            CODE    4223H     001FH     UNIT         ?PR?_ISSTOPPED?TIMER
            CODE    4242H     001EH     UNIT         ?PR?LCD1602_GPIO_CONFIG?LCD1602
            CODE    4260H     001DH     UNIT         ?PR?_GETBUTTONSTATE?BUTTON
            CODE    427DH     001DH     UNIT         ?PR?_OPEN_STEPMOTOR?STEP_MOTOR
            CODE    429AH     001DH     UNIT         ?PR?LCD1602_INIT?LCD1602
            CODE    42B7H     001DH     UNIT         ?PR?_ISACTIVETIMER?TIMER
            CODE    42D4H     001CH     UNIT         ?PR?_CLOSE_STEPMOTOR?STEP_MOTOR
            CODE    42F0H     001CH     UNIT         ?PR?_ADC_CONFIG?ANGLE
            CODE    430CH     001CH     UNIT         ?PR?_LCD1602_WRITE_CHAR?LCD1602
            CODE    4328H     001CH     UNIT         ?PR?_LCD1602_WRITE_COM?LCD1602
            CODE    4344H     001CH     UNIT         ?PR?_SETTIMERHERTZ?TIMER
BL51 BANKED LINKER/LOCATER V6.00                                                      07/18/2017  17:18:40  PAGE 6


            CODE    4360H     001BH     UNIT         ?PR?_OPEN_DC_MOTOR?MOTOR
            CODE    437BH     001AH     UNIT         ?PR?_PID_GETPARAMETER?PID
            CODE    4395H     001AH     UNIT         ?PR?_PID_GETERR?PID
            CODE    43AFH     001AH     UNIT         ?PR?_PID_GETERRLAST?PID
            CODE    43C9H     001AH     UNIT         ?PR?_PID_GETKP?PID
            CODE    43E3H     001AH     UNIT         ?PR?_PID_GETKI?PID
            CODE    43FDH     001AH     UNIT         ?PR?_PID_GETKD?PID
            CODE    4417H     001AH     UNIT         ?PR?_PID_GETOUTPUT?PID
            CODE    4431H     001AH     UNIT         ?PR?_PID_GETINTEGRAL?PID
            CODE    444BH     001AH     UNIT         ?PR?_CLOSE_DC_MOTOR?MOTOR
            CODE    4465H     001AH     UNIT         ?PR?_READ_STR_ANGLE?SERVO
            CODE    447FH     001AH     UNIT         ?PR?_GET_PWM_PERIOD?STC15_PWM
            CODE    4499H     001AH     UNIT         ?PR?_GET_PWM_N_DUTY?STC15_PWM
            CODE    44B3H     001AH     UNIT         ?PR?_GETTIMEROUT?TIMER
            CODE    44CDH     001AH     UNIT         ?PR?_GETTIMERHERTZ?TIMER
            CODE    44E7H     0019H     UNIT         ?PR?_HC595_INIT?74HC595
            CODE    4500H     0019H     UNIT         ?PR?_STOPTIMER?TIMER
            CODE    4519H     0018H     UNIT         ?PR?_PWM_SET_PERIOD?STC15_PWM
            CODE    4531H     0017H     UNIT         ?PR?_PRINTSTRING1?USART1
            CODE    4548H     0013H     UNIT         ?PR?_PRINTSTRING2?USART1
            CODE    455BH     0013H     UNIT         ?PR?_PRINTSTRING3?USART1
            CODE    456EH     0013H     UNIT         ?PR?_PRINTSTRING4?USART1
            CODE    4581H     0012H     UNIT         ?PR?_OPENPID?PID
            CODE    4593H     0012H     UNIT         ?PR?_PID_GETSTATE?PID
            CODE    45A5H     0012H     UNIT         ?PR?_WRITEDATA?STORAGE
            CODE    45B7H     0012H     UNIT         ?PR?_GETPULSERSTATE?FIXEDPULSER
            CODE    45C9H     0012H     UNIT         ?PR?_GET_PWM_N_STATE?STC15_PWM
            CODE    45DBH     0011H     UNIT         ?PR?_CLOSEPID?PID
            CODE    45ECH     0011H     UNIT         ?PR?_GETSTEPMOTORSTATE?STEP_MOTOR
            CODE    45FDH     0011H     UNIT         ?PR?_HC595SENDDATA?74HC595
            CODE    460EH     0011H     UNIT         ?PR?_SETPWM_DIV?STC15_PWM
            CODE    461FH     0011H     UNIT         ?PR?_GETPWM_DIV?STC15_PWM
            CODE    4630H     0010H     UNIT         ?PR?_GETDC_MOTORSTATE?MOTOR
            CODE    4640H     0010H     UNIT         ?PR?_DELAY_MS?DELAY
            CODE    4650H     000FH     UNIT         ?PR?_SETRELAY?RELAY
            CODE    465FH     000EH     UNIT         ?PR?_UNSETRELAY?RELAY
            CODE    466DH     000EH     UNIT         ?PR?_ONRESTARTTIMER?TIMER
            CODE    467BH     000EH     UNIT         ?PR?DISABLEEEPROM?STC15_EEPROM
            CODE    4689H     000CH     UNIT         ?PR?_ADC_POWERCONTROL?ADC
            CODE    4695H     000CH     UNIT         ?PR?_ABS?ABS
            CODE    46A1H     000AH     UNIT         ?RTX?TASKENT?S
            CODE    46ABH     000AH     UNIT         ?PR?_DIGITALREAD?BUTTON
            CODE    46B5H     000AH     UNIT         ?PR?OPEN_PWM_ALL?STC15_PWM
            CODE    46BFH     000AH     UNIT         ?PR?CLOSE_PWM_ALL?STC15_PWM
            CODE    46C9H     0009H     UNIT         ?PR?GETMICROS?TIMER
            CODE    46D2H     0009H     UNIT         ?PR?GETMILLIS?TIMER
            CODE    46DBH     0007H     UNIT         ?PR?_SETSTEPMOTORDIVERSION?STEP_MOTOR
            CODE    46E2H     0007H     UNIT         ?PR?_FREESTEPMOTOR?STEP_MOTOR
            CODE    46E9H     0007H     UNIT         ?PR?_LOCKSTEPMOTOR?STEP_MOTOR
            CODE    46F0H     0006H     UNIT         ?PR?_BOARD_LED_PWM?LED
            CODE    46F6H     0006H     UNIT         ?PR?GETSECONDS?TIMER
            CODE    46FCH     0006H     UNIT         ?PR?GETMINUTES?TIMER
            CODE    4702H     0006H     UNIT         ?PR?GETHOURS?TIMER
            CODE    4708H     0006H     UNIT         ?PR?GETDAYS?TIMER
            CODE    470EH     0005H     UNIT         ?PR?OPEN_BOARD_LED?LED
            CODE    4713H     0005H     UNIT         ?PR?CLOSE_BOARD_LED?LED
            CODE    4718H     0004H     UNIT         ?PR?ADC_INT?ADC
BL51 BANKED LINKER/LOCATER V6.00                                                      07/18/2017  17:18:40  PAGE 7


            CODE    471CH     0003H     UNIT         ?PR?GETBOARD_LED_STATE?LED
            CODE    471FH     0003H     UNIT         ?PR?_SETPINSTATE?GPIO
            CODE    4722H     0001H     UNIT         ?PR?TASK_INIT?ABSTASK
            CODE    4723H     0001H     UNIT         ?PR?TASK_BUTTON?ABSTASK
            CODE    4724H     0001H     UNIT         ?PR?TASK_MODE_1?ABSTASK
            CODE    4725H     0001H     UNIT         ?PR?TASK_MODE_2?ABSTASK
            CODE    4726H     0001H     UNIT         ?PR?MODE2?MODE
            CODE    4727H     0001H     UNIT         ?PR?MODE3?MODE
            CODE    4728H     0001H     UNIT         ?PR?MODE4?MODE
            CODE    4729H     0001H     UNIT         ?PR?MODELAUNCHER?MODE
            CODE    472AH     0001H     UNIT         ?PR?RELAY_INIT?RELAY



OVERLAY MAP OF MODULE:   风板控制装置 (ABSTASK)


SEGMENT                                             BIT_GROUP          XDATA_GROUP
  +--> CALLED SEGMENT                            START    LENGTH     START    LENGTH
------------------------------------------------------------------------------------
?PR?TASK_ANGLE?ABSTASK                           -----    -----      -----    -----
  +--> ?PR?_OPENPID?PID
  +--> ?PR?GETANGLE?ANGLE
  +--> ?PR?_PID_SETACTUALPARAMETER?PID
  +--> ?PR?_PID_GETSTATE?PID
  +--> ?PR?_GETDC_MOTORSTATE?MOTOR
  +--> ?PR?_PID?PID
  +--> ?PR?_PID_GETPARAMETER?PID
  +--> ?PR?_PID_GETOUTPUT?PID
  +--> ?PR?_SETBOARDWITHANGLE?TASK

?PR?GETANGLE?ANGLE                               0021H.5  0000H.1    03AEH    0015H
  +--> ?PR?_GET_ADC10BITRESULT?ADC
  +--> ?PR?_FILTER?FILTER

?PR?_FILTER?FILTER                               -----    -----      03C3H    0010H

?PR?_PID_SETACTUALPARAMETER?PID                  -----    -----      03AEH    0005H

?PR?_PID?PID                                     -----    -----      03AEH    0001H
  +--> ?PR?_ABS?ABS

?PR?_SETBOARDWITHANGLE?TASK                      -----    -----      03AEH    0004H
  +--> ?PR?_SETDC_MOTORSPEED?MOTOR

?PR?_SETDC_MOTORSPEED?MOTOR                      -----    -----      03B2H    0005H
  +--> ?PR?_SET_PWM_DUTY?STC15_PWM

?PR?_SET_PWM_DUTY?STC15_PWM                      -----    -----      03B7H    0005H
  +--> ?PR?_PWM_SET_T12_PERIOD?STC15_PWM

*** NEW ROOT ***************************************************

?PR?PWM_ROUTINE?FIXEDPULSER                      -----    -----      -----    -----
  +--> ?PR?_CLOSE_PWM_N?STC15_PWM

*** NEW ROOT ***************************************************
BL51 BANKED LINKER/LOCATER V6.00                                                      07/18/2017  17:18:40  PAGE 8



?C_C51STARTUP                                    -----    -----      -----    -----
  +--> ?C_INITSEG



SYMBOL TABLE OF MODULE:  风板控制装置 (ABSTASK)

  VALUE           TYPE          NAME
  ----------------------------------

  -------         MODULE        ABSTASK
  C:0000H         SYMBOL        _ICE_DUMMY_
  D:0080H         PUBLIC        P0
  D:0090H         PUBLIC        P1
  D:00A0H         PUBLIC        P2
  D:00B0H         PUBLIC        P3
  D:00C0H         PUBLIC        P4
  D:00C8H         PUBLIC        P5
  D:00E8H         PUBLIC        P6
  D:00F8H         PUBLIC        P7
  C:4722H         PUBLIC        Task_Init
  C:4724H         PUBLIC        Task_Mode_1
  D:00A8H         PUBLIC        IE
  C:4725H         PUBLIC        Task_Mode_2
  D:00B8H         PUBLIC        IP
  D:00D8H         PUBLIC        CCON
  D:0098H         PUBLIC        SCON
  D:0088H         PUBLIC        TCON
  D:00F0H         PUBLIC        B
  D:00E0H         PUBLIC        ACC
  C:3AF8H         PUBLIC        Task_Angle
  C:4723H         PUBLIC        Task_Button
  D:00D0H         PUBLIC        PSW
  -------         PROC          TASK_INIT
  C:4722H         LINE#         22
  C:4722H         LINE#         25
  -------         ENDPROC       TASK_INIT
  -------         PROC          TASK_BUTTON
  C:4723H         LINE#         27
  C:4723H         LINE#         30
  -------         ENDPROC       TASK_BUTTON
  -------         PROC          TASK_ANGLE
  C:3AF8H         LINE#         32
  C:3AF8H         LINE#         34
  C:3AFDH         LINE#         35
  C:3AFDH         LINE#         36
  C:3AFDH         LINE#         38
  C:3B0DH         LINE#         39
  C:3B22H         LINE#         40
  C:3B22H         LINE#         41
  C:3B27H         LINE#         42
  C:3B47H         LINE#         44
  C:3B47H         LINE#         45
  C:3B51H         LINE#         47
  -------         ENDPROC       TASK_ANGLE
  -------         PROC          TASK_MODE_1
BL51 BANKED LINKER/LOCATER V6.00                                                      07/18/2017  17:18:40  PAGE 9


  C:4724H         LINE#         50
  C:4724H         LINE#         53
  -------         ENDPROC       TASK_MODE_1
  -------         PROC          TASK_MODE_2
  C:4725H         LINE#         55
  C:4725H         LINE#         58
  -------         ENDPROC       TASK_MODE_2
  -------         ENDMOD        ABSTASK

  -------         MODULE        TASK
  C:0000H         SYMBOL        _ICE_DUMMY_
  D:0080H         PUBLIC        P0
  D:0090H         PUBLIC        P1
  D:00A0H         PUBLIC        P2
  D:00B0H         PUBLIC        P3
  D:00C0H         PUBLIC        P4
  D:00C8H         PUBLIC        P5
  D:00E8H         PUBLIC        P6
  D:00F8H         PUBLIC        P7
  D:00A8H         PUBLIC        IE
  D:00B8H         PUBLIC        IP
  D:00D8H         PUBLIC        CCON
  D:0098H         PUBLIC        SCON
  D:0088H         PUBLIC        TCON
  D:00F0H         PUBLIC        B
  C:2FB3H         PUBLIC        _setBoardWithAngle
  D:00E0H         PUBLIC        ACC
  D:00D0H         PUBLIC        PSW
  -------         PROC          _SETBOARDWITHANGLE
  X:03AEH         SYMBOL        angle
  C:2FB3H         LINE#         4
  C:2FB9H         LINE#         5
  C:2FB9H         LINE#         7
  C:2FD4H         LINE#         8
  C:2FD4H         LINE#         9
  C:2FDEH         LINE#         13
  C:2FDEH         LINE#         14
  C:2FFBH         LINE#         15
  C:2FFBH         LINE#         16
  C:3005H         LINE#         20
  C:3005H         LINE#         21
  C:3028H         LINE#         22
  C:305DH         LINE#         23
  C:305EH         LINE#         24
  -------         ENDPROC       _SETBOARDWITHANGLE
  -------         ENDMOD        TASK

  -------         MODULE        SETUP
  C:0000H         SYMBOL        _ICE_DUMMY_
  D:0080H         PUBLIC        P0
  D:0090H         PUBLIC        P1
  D:00A0H         PUBLIC        P2
  D:00B0H         PUBLIC        P3
  D:00C0H         PUBLIC        P4
  D:00C8H         PUBLIC        P5
  B:00A8H.7       PUBLIC        EA
  D:00E8H         PUBLIC        P6
BL51 BANKED LINKER/LOCATER V6.00                                                      07/18/2017  17:18:40  PAGE 10


  C:3E91H         PUBLIC        _UART1_init
  D:00F8H         PUBLIC        P7
  D:00A8H         PUBLIC        IE
  D:00B8H         PUBLIC        IP
  D:00D8H         PUBLIC        CCON
  D:0098H         PUBLIC        SCON
  C:39D4H         PUBLIC        setup
  D:0088H         PUBLIC        TCON
  D:00F0H         PUBLIC        B
  D:00E0H         PUBLIC        ACC
  D:00D0H         PUBLIC        PSW
  -------         PROC          _UART1_INIT
  D:0004H         SYMBOL        BandRate
  -------         DO            
  X:048FH         SYMBOL        COMx_InitStructure
  -------         ENDDO         
  C:3E91H         LINE#         42
  C:3E91H         LINE#         43
  C:3E91H         LINE#         45
  C:3E97H         LINE#         46
  C:3E9BH         LINE#         47
  C:3E9FH         LINE#         48
  C:3EA5H         LINE#         49
  C:3EA8H         LINE#         50
  C:3EABH         LINE#         51
  C:3EADH         LINE#         52
  C:3EB0H         LINE#         53
  C:3EB2H         LINE#         54
  -------         ENDPROC       _UART1_INIT
  -------         PROC          SETUP
  C:39D4H         LINE#         58
  C:39D4H         LINE#         59
  C:39D4H         LINE#         61
  C:39DFH         LINE#         62
  C:39E2H         LINE#         63
  C:39E5H         LINE#         64
  C:39E8H         LINE#         65
  C:39EFH         LINE#         66
  C:39F2H         LINE#         67
  C:39F5H         LINE#         68
  C:3A18H         LINE#         69
  C:3A27H         LINE#         70
  C:3A36H         LINE#         71
  C:3A38H         LINE#         74
  -------         ENDPROC       SETUP
  -------         ENDMOD        SETUP

  -------         MODULE        MODE
  C:0000H         SYMBOL        _ICE_DUMMY_
  D:0080H         PUBLIC        P0
  D:0090H         PUBLIC        P1
  D:00A0H         PUBLIC        P2
  D:00B0H         PUBLIC        P3
  D:00C0H         PUBLIC        P4
  D:00C8H         PUBLIC        P5
  D:00E8H         PUBLIC        P6
  D:00F8H         PUBLIC        P7
BL51 BANKED LINKER/LOCATER V6.00                                                      07/18/2017  17:18:40  PAGE 11


  D:00A8H         PUBLIC        IE
  D:00B8H         PUBLIC        IP
  D:00D8H         PUBLIC        CCON
  D:0098H         PUBLIC        SCON
  D:0088H         PUBLIC        TCON
  D:00F0H         PUBLIC        B
  D:00E0H         PUBLIC        ACC
  C:2CBFH         PUBLIC        mode1
  C:4726H         PUBLIC        mode2
  C:4727H         PUBLIC        mode3
  C:4728H         PUBLIC        mode4
  C:4729H         PUBLIC        modeLauncher
  D:00D0H         PUBLIC        PSW
  -------         PROC          MODE1
  -------         DO            
  B:0020H.4       SYMBOL        step1
  B:0020H.5       SYMBOL        step2
  B:0020H.6       SYMBOL        step3
  -------         ENDDO         
  C:2CBFH         LINE#         6
  C:2CBFH         LINE#         7
  C:2CBFH         LINE#         12
  C:2CC2H         LINE#         13
  C:2CC2H         LINE#         15
  C:2CC5H         LINE#         16
  C:2CC5H         LINE#         17
  C:2CC8H         LINE#         18
  C:2CC8H         LINE#         21
  C:2CCAH         LINE#         22
  C:2CCCH         LINE#         23
  C:2CCEH         LINE#         25
  C:2CCFH         LINE#         27
  C:2CCFH         LINE#         28
  C:2CD4H         LINE#         29
  C:2CD9H         LINE#         31
  C:2CDBH         LINE#         32
  C:2CE1H         LINE#         34
  C:2CE1H         LINE#         36
  C:2CE4H         LINE#         38
  C:2CE4H         LINE#         39
  C:2CEDH         LINE#         41
  C:2CF4H         LINE#         42
  C:2CF4H         LINE#         44
  C:2D03H         LINE#         45
  C:2D12H         LINE#         46
  C:2D17H         LINE#         47
  C:2D1CH         LINE#         48
  C:2D1EH         LINE#         49
  C:2D24H         LINE#         50
  C:2D26H         LINE#         52
  C:2D26H         LINE#         54
  C:2D2DH         LINE#         55
  C:2D2DH         LINE#         56
  C:2D2DH         LINE#         58
  C:2D2DH         LINE#         59
  C:2D2DH         LINE#         62
  C:2D2DH         LINE#         63
BL51 BANKED LINKER/LOCATER V6.00                                                      07/18/2017  17:18:40  PAGE 12


  C:2D2FH         LINE#         65
  C:2D2FH         LINE#         66
  C:2D3EH         LINE#         67
  C:2D47H         LINE#         68
  C:2D4CH         LINE#         69
  C:2D51H         LINE#         70
  C:2D56H         LINE#         71
  C:2D76H         LINE#         72
  C:2D76H         LINE#         74
  C:2D7DH         LINE#         75
  C:2D7DH         LINE#         76
  C:2D82H         LINE#         77
  C:2D84H         LINE#         78
  C:2D8DH         LINE#         79
  C:2D8DH         LINE#         81
  C:2D8DH         LINE#         83
  C:2D94H         LINE#         84
  C:2D94H         LINE#         85
  C:2D99H         LINE#         87
  C:2D99H         LINE#         88
  C:2D99H         LINE#         90
  C:2D99H         LINE#         91
  C:2D99H         LINE#         93
  -------         ENDPROC       MODE1
  -------         PROC          MODE2
  C:4726H         LINE#         95
  C:4726H         LINE#         96
  C:4726H         LINE#         98
  -------         ENDPROC       MODE2
  -------         PROC          MODE3
  C:4727H         LINE#         101
  C:4727H         LINE#         102
  C:4727H         LINE#         104
  -------         ENDPROC       MODE3
  -------         PROC          MODE4
  C:4728H         LINE#         106
  C:4728H         LINE#         107
  C:4728H         LINE#         109
  -------         ENDPROC       MODE4
  -------         PROC          MODELAUNCHER
  C:4729H         LINE#         110
  C:4729H         LINE#         111
  C:4729H         LINE#         113
  -------         ENDPROC       MODELAUNCHER
  -------         ENDMOD        MODE

  -------         MODULE        ?RTX51_TINY_KERNAL
  C:46A1H         SEGMENT       ?RTX?TASKENT?S
  I:0018H         SEGMENT       ?RTX?TASKSP?S
  I:000EH         SEGMENT       ?RTX?TASKSTATE?S
  B:0021H.2       SEGMENT       ?RTX?BITS
  C:208EH         SEGMENT       ?RTX?CODE
  C:20DDH         PUBLIC        ?RTX?SET_ISR
  D:000CH         PUBLIC        ?RTX_CURRENTTASK
  D:0007H         PUBLIC        ?RTX_NEXTID
  C:2120H         PUBLIC        ?RTX_NEXTTASK
  N:00FFH         PUBLIC        ?RTX_RAMTOP
BL51 BANKED LINKER/LOCATER V6.00                                                      07/18/2017  17:18:40  PAGE 13


  C:46A1H         PUBLIC        ?RTX_TASKENTRY
  C:21FFH         PUBLIC        ?RTX_TASKIDX
  I:0018H         PUBLIC        ?RTX_TASKSP
  I:000EH         PUBLIC        ?RTX_TASKSTATUS
  C:21C3H         PUBLIC        MAIN
  C:2109H         PUBLIC        OS_SWITCH_TASK
  C:2112H         SYMBOL        ?C0001
  C:211CH         SYMBOL        ?C0003
  C:2121H         SYMBOL        ?C0005
  C:213BH         SYMBOL        ?C0007
  C:213DH         SYMBOL        ?C0009
  C:2147H         SYMBOL        ?C0011
  C:2174H         SYMBOL        ?C0012
  C:215AH         SYMBOL        ?C0013
  C:215FH         SYMBOL        ?C0015
  C:216AH         SYMBOL        ?C0016
  N:0000H         SYMBOL        ?RTX51_TINY_KERNAL
  N:F736H         SYMBOL        ?RTX_CLOCK
  N:0008H         SYMBOL        ?RTX_REGISTERBANK
  D:000DH         SYMBOL        ?RTX_ROBINTIME
  D:000AH         SYMBOL        ?RTX_SAVEACC
  D:000BH         SYMBOL        ?RTX_SAVEPSW
  C:208EH         SYMBOL        ?RTX_STACKERROR
  C:20E1H         SYMBOL        ?RTX_TASKSWITCHING
  B:0021H.2       SYMBOL        ?RTX_TS_DELAY
  D:00E0H         SYMBOL        ACC
  D:00F0H         SYMBOL        B
  N:0005H         SYMBOL        B_ACTIVE
  N:0007H         SYMBOL        B_IVL
  N:0007H         SYMBOL        B_RDY
  N:0004H         SYMBOL        B_READY
  N:0006H         SYMBOL        B_ROBIN
  N:0002H         SYMBOL        B_SIGNAL
  N:0003H         SYMBOL        B_TIMEOUT
  N:0000H         SYMBOL        B_WAITSIG
  N:0001H         SYMBOL        B_WAITTIM
  C:20DEH         SYMBOL        CHECKROBINTIME
  C:20B8H         SYMBOL        CHECKSTACK
  N:0000H         SYMBOL        CODE_BANKING
  N:0000H         SYMBOL        CPU_IDLE_CODE
  D:0083H         SYMBOL        DPH
  D:0082H         SYMBOL        DPL
  B:00A8H.7       SYMBOL        EA
  B:00A8H.4       SYMBOL        ES
  B:00A8H.1       SYMBOL        ET0
  B:00A8H.3       SYMBOL        ET1
  B:00A8H.0       SYMBOL        EX0
  B:00A8H.2       SYMBOL        EX1
  N:0014H         SYMBOL        FREE_STACK
  C:2092H         SYMBOL        HW_TIMER
  D:00A8H         SYMBOL        IE
  B:0088H.1       SYMBOL        IE0
  B:0088H.3       SYMBOL        IE1
  N:08CAH         SYMBOL        INT_CLOCK
  N:0001H         SYMBOL        INT_REGBANK
  B:0088H.0       SYMBOL        IT0
  B:0088H.2       SYMBOL        IT1
BL51 BANKED LINKER/LOCATER V6.00                                                      07/18/2017  17:18:40  PAGE 14


  N:0020H         SYMBOL        K_ACTIVE
  N:0080H         SYMBOL        K_IVL
  N:0080H         SYMBOL        K_RDY
  N:0010H         SYMBOL        K_READY
  N:0040H         SYMBOL        K_ROBIN
  N:0001H         SYMBOL        K_SIG
  N:0002H         SYMBOL        K_TMO
  N:0000H         SYMBOL        LONG_USR_INTR
  C:21CCH         SYMBOL        MAIN1
  C:21D6H         SYMBOL        MAIN1X
  C:21D1H         SYMBOL        MAIN2
  C:2197H         SYMBOL        NOEVENT
  C:20DDH         SYMBOL        NOROBINTIMEOUT
  C:20D4H         SYMBOL        NOTIMEOUT
  C:20D2H         SYMBOL        NOWAITTIMEOUT
  C:2109H         SYMBOL        OS_SWITCH_TASK1
  D:0087H         SYMBOL        PCON
  D:00D0H         SYMBOL        PSW
  N:00FFH         SYMBOL        RAMTOP
  N:0080H         SYMBOL        RDY_EVENT
  C:21A3H         SYMBOL        ROBINON
  C:218BH         SYMBOL        SIGNALOFF
  C:2197H         SYMBOL        SIGNALON
  N:0004H         SYMBOL        SIG_EVENT
  D:0081H         SYMBOL        SP
  I:000FH         SYMBOL        TASKSTATE
  D:0088H         SYMBOL        TCON
  B:0088H.5       SYMBOL        TF0
  B:0088H.7       SYMBOL        TF1
  D:008CH         SYMBOL        TH0
  D:008DH         SYMBOL        TH1
  C:2193H         SYMBOL        TIMEOUTON
  C:2093H         SYMBOL        TIMERINT
  C:20C4H         SYMBOL        TIMERLOOP
  I:000EH         SYMBOL        TIMERVAL
  N:000AH         SYMBOL        TIMESHARING
  D:008AH         SYMBOL        TL0
  D:008BH         SYMBOL        TL1
  D:0089H         SYMBOL        TMOD
  N:0008H         SYMBOL        TMO_EVENT
  B:0088H.4       SYMBOL        TR0
  B:0088H.6       SYMBOL        TR1
  C:000BH         LINE#         271
  C:208EH         LINE#         279
  C:2092H         LINE#         282
  C:2093H         LINE#         299
  C:2096H         LINE#         301
  C:2099H         LINE#         302
  C:209CH         LINE#         303
  C:209EH         LINE#         305
  C:20A0H         LINE#         306
  C:20A2H         LINE#         307
  C:20A4H         LINE#         308
  C:20A6H         LINE#         309
  C:20A8H         LINE#         310
  C:20AAH         LINE#         311
  C:20ACH         LINE#         312
BL51 BANKED LINKER/LOCATER V6.00                                                      07/18/2017  17:18:40  PAGE 15


  C:20AEH         LINE#         316
  C:20AFH         LINE#         317
  C:20B1H         LINE#         318
  C:20B2H         LINE#         319
  C:20B3H         LINE#         320
  C:20B6H         LINE#         321
  C:20B8H         LINE#         322
  C:20B9H         LINE#         323
  C:20BBH         LINE#         324
  C:20BEH         LINE#         325
  C:20C0H         LINE#         329
  C:20C2H         LINE#         330
  C:20C4H         LINE#         331
  C:20C5H         LINE#         332
  C:20C6H         LINE#         333
  C:20C7H         LINE#         334
  C:20C9H         LINE#         335
  C:20CBH         LINE#         336
  C:20CCH         LINE#         337
  C:20CFH         LINE#         338
  C:20D1H         LINE#         339
  C:20D2H         LINE#         340
  C:20D4H         LINE#         341
  C:20D5H         LINE#         342
  C:20D7H         LINE#         344
  C:20D8H         LINE#         345
  C:20DAH         LINE#         360
  C:20DDH         LINE#         366
  C:20DEH         LINE#         367
  C:20E1H         LINE#         370
  C:20E3H         LINE#         371
  C:20E5H         LINE#         372
  C:20E7H         LINE#         373
  C:20E9H         LINE#         374
  C:20EBH         LINE#         375
  C:20EDH         LINE#         376
  C:20EFH         LINE#         377
  C:20F1H         LINE#         378
  C:20F3H         LINE#         379
  C:20F5H         LINE#         380
  C:20F7H         LINE#         381
  C:20F9H         LINE#         382
  C:20FBH         LINE#         387
  C:20FDH         LINE#         388
  C:20FEH         LINE#         389
  C:2100H         LINE#         390
  C:2101H         LINE#         391
  C:2103H         LINE#         392
  C:2105H         LINE#         393
  C:2106H         LINE#         394
  C:2107H         LINE#         395
  C:2109H         LINE#         424
  C:210BH         LINE#         426
  C:210DH         LINE#         427
  C:210EH         LINE#         429
  C:210FH         LINE#         430
  C:2111H         LINE#         431
BL51 BANKED LINKER/LOCATER V6.00                                                      07/18/2017  17:18:40  PAGE 16


  C:2112H         LINE#         434
  C:2113H         LINE#         435
  C:2114H         LINE#         436
  C:2115H         LINE#         444
  C:2118H         LINE#         445
  C:211AH         LINE#         446
  C:211CH         LINE#         449
  C:211DH         LINE#         450
  C:2120H         LINE#         458
  C:2121H         LINE#         462
  C:2123H         LINE#         463
  C:2124H         LINE#         464
  C:2125H         LINE#         465
  C:2127H         LINE#         468
  C:2129H         LINE#         470
  C:212BH         LINE#         471
  C:212DH         LINE#         472
  C:212EH         LINE#         473
  C:212FH         LINE#         474
  C:2130H         LINE#         476
  C:2132H         LINE#         478
  C:2133H         LINE#         479
  C:2134H         LINE#         480
  C:2136H         LINE#         481
  C:2139H         LINE#         482
  C:213BH         LINE#         484
  C:213CH         LINE#         485
  C:213DH         LINE#         490
  C:213EH         LINE#         491
  C:213FH         LINE#         492
  C:2141H         LINE#         496
  C:2142H         LINE#         497
  C:2143H         LINE#         498
  C:2145H         LINE#         499
  C:2147H         LINE#         505
  C:2149H         LINE#         506
  C:214AH         LINE#         507
  C:214BH         LINE#         508
  C:214DH         LINE#         510
  C:214FH         LINE#         511
  C:2151H         LINE#         512
  C:2152H         LINE#         513
  C:2153H         LINE#         516
  C:2155H         LINE#         517
  C:2158H         LINE#         518
  C:215AH         LINE#         520
  C:215BH         LINE#         522
  C:215CH         LINE#         523
  C:215DH         LINE#         524
  C:215EH         LINE#         525
  C:215FH         LINE#         529
  C:2161H         LINE#         530
  C:2162H         LINE#         531
  C:2164H         LINE#         535
  C:2166H         LINE#         536
  C:2167H         LINE#         537
  C:2168H         LINE#         539
BL51 BANKED LINKER/LOCATER V6.00                                                      07/18/2017  17:18:40  PAGE 17


  C:216AH         LINE#         543
  C:216CH         LINE#         544
  C:216EH         LINE#         545
  C:216FH         LINE#         546
  C:2170H         LINE#         548
  C:2172H         LINE#         549
  C:2174H         LINE#         555
  C:2177H         LINE#         559
  C:2179H         LINE#         560
  C:217AH         LINE#         561
  C:217CH         LINE#         562
  C:217DH         LINE#         563
  C:217FH         LINE#         564
  C:2181H         LINE#         565
  C:2182H         LINE#         567
  C:2185H         LINE#         571
  C:2188H         LINE#         572
  C:218BH         LINE#         576
  C:218DH         LINE#         577
  C:2190H         LINE#         578
  C:2193H         LINE#         580
  C:2195H         LINE#         581
  C:2197H         LINE#         583
  C:2199H         LINE#         584
  C:219AH         LINE#         585
  C:219CH         LINE#         587
  C:219EH         LINE#         588
  C:21A0H         LINE#         594
  C:21A2H         LINE#         595
  C:21A3H         LINE#         608
  C:21A4H         LINE#         609
  C:21A6H         LINE#         614
  C:21A8H         LINE#         615
  C:21AAH         LINE#         616
  C:21ACH         LINE#         617
  C:21AEH         LINE#         618
  C:21B0H         LINE#         619
  C:21B2H         LINE#         620
  C:21B4H         LINE#         621
  C:21B6H         LINE#         622
  C:21B8H         LINE#         623
  C:21BAH         LINE#         624
  C:21BCH         LINE#         625
  C:21BEH         LINE#         626
  C:21C0H         LINE#         627
  C:21C2H         LINE#         628
  C:21C3H         LINE#         642
  C:21C5H         LINE#         643
  C:21C7H         LINE#         644
  C:21C9H         LINE#         645
  C:21CBH         LINE#         646
  C:21CCH         LINE#         647
  C:21CDH         LINE#         648
  C:21CFH         LINE#         649
  C:21D1H         LINE#         650
  C:21D3H         LINE#         651
  C:21D4H         LINE#         652
BL51 BANKED LINKER/LOCATER V6.00                                                      07/18/2017  17:18:40  PAGE 18


  C:21D6H         LINE#         653
  C:21D7H         LINE#         654
  C:21D8H         LINE#         655
  C:21D9H         LINE#         656
  C:21DAH         LINE#         657
  C:21DCH         LINE#         658
  C:21DEH         LINE#         659
  C:21E0H         LINE#         660
  C:21E3H         LINE#         661
  C:21E5H         LINE#         662
  C:21E6H         LINE#         663
  C:21E8H         LINE#         664
  C:21E9H         LINE#         665
  C:21EAH         LINE#         666
  C:21ECH         LINE#         668
  C:21EFH         LINE#         670
  C:21F2H         LINE#         671
  C:21F5H         LINE#         672
  C:21F8H         LINE#         673
  C:21FAH         LINE#         674
  C:21FCH         LINE#         675
  C:21FEH         LINE#         676
  -------         ENDMOD        ?RTX51_TINY_KERNAL

  -------         MODULE        PID
  C:0000H         SYMBOL        _ICE_DUMMY_
  D:0080H         PUBLIC        P0
  D:0090H         PUBLIC        P1
  D:00A0H         PUBLIC        P2
  D:00B0H         PUBLIC        P3
  D:00C0H         PUBLIC        P4
  C:4593H         PUBLIC        _PID_getState
  D:00C8H         PUBLIC        P5
  D:00E8H         PUBLIC        P6
  D:00F8H         PUBLIC        P7
  D:00A8H         PUBLIC        IE
  C:4081H         PUBLIC        _PID_setActualParameter
  C:4581H         PUBLIC        _openPID
  C:4417H         PUBLIC        _PID_getOutput
  D:00B8H         PUBLIC        IP
  C:4105H         PUBLIC        _PID_setTargetParameter
  D:00D8H         PUBLIC        CCON
  C:437BH         PUBLIC        _PID_getParameter
  C:4395H         PUBLIC        _PID_getErr
  C:43FDH         PUBLIC        _PID_getKd
  D:0098H         PUBLIC        SCON
  C:43E3H         PUBLIC        _PID_getKi
  D:0088H         PUBLIC        TCON
  C:2969H         PUBLIC        _PID_config
  C:4431H         PUBLIC        _PID_getIntegral
  C:43C9H         PUBLIC        _PID_getKp
  C:40E4H         PUBLIC        _PID_setKd
  C:40A2H         PUBLIC        _PID_setKi
  D:00F0H         PUBLIC        B
  C:43AFH         PUBLIC        _PID_getErrLast
  C:4060H         PUBLIC        _PID_setParameterUpperLimit
  D:00E0H         PUBLIC        ACC
BL51 BANKED LINKER/LOCATER V6.00                                                      07/18/2017  17:18:40  PAGE 19


  C:40C3H         PUBLIC        _PID_setKp
  C:199AH         PUBLIC        _PID
  X:028CH         SYMBOL        g_pid_n_info
  C:45DBH         PUBLIC        _closePID
  D:00D0H         PUBLIC        PSW
  C:403FH         PUBLIC        _PID_setParameterInferiorLimit
  -------         PROC          _PID_CONFIG
  D:0003H         SYMBOL        PID_N
  X:049DH         SYMBOL        kp
  X:04A1H         SYMBOL        ki
  X:04A5H         SYMBOL        kd
  C:2969H         LINE#         49
  C:296BH         LINE#         50
  C:296BH         LINE#         51
  C:2980H         LINE#         52
  C:2995H         LINE#         53
  C:29AAH         LINE#         54
  C:29BFH         LINE#         55
  C:29DEH         LINE#         56
  C:29FDH         LINE#         57
  C:2A1CH         LINE#         58
  C:2A46H         LINE#         59
  C:2A70H         LINE#         60
  -------         ENDPROC       _PID_CONFIG
  -------         PROC          _OPENPID
  D:0007H         SYMBOL        PID_N
  C:4581H         LINE#         70
  C:4581H         LINE#         71
  C:4581H         LINE#         72
  C:4592H         LINE#         74
  -------         ENDPROC       _OPENPID
  -------         PROC          _CLOSEPID
  D:0007H         SYMBOL        PID_N
  C:45DBH         LINE#         83
  C:45DBH         LINE#         84
  C:45DBH         LINE#         85
  C:45EBH         LINE#         88
  -------         ENDPROC       _CLOSEPID
  -------         PROC          _PID
  X:03AEH         SYMBOL        PID_N
  C:199AH         LINE#         97
  C:199FH         LINE#         98
  C:199FH         LINE#         102
  C:19EAH         LINE#         104
  C:1A25H         LINE#         105
  C:1A25H         LINE#         106
  C:1A50H         LINE#         107
  C:1A96H         LINE#         108
  C:1AD1H         LINE#         109
  C:1AF0H         LINE#         110
  C:1AF2H         LINE#         112
  C:1AF2H         LINE#         113
  C:1B08H         LINE#         114
  C:1B1DH         LINE#         115
  C:1B56H         LINE#         116
  C:1B56H         LINE#         121
  C:1C5BH         LINE#         124
BL51 BANKED LINKER/LOCATER V6.00                                                      07/18/2017  17:18:40  PAGE 20


  C:1C85H         LINE#         127
  C:1C86H         LINE#         129
  -------         ENDPROC       _PID
  -------         PROC          _PID_SETPARAMETERINFERIORLIMIT
  D:0003H         SYMBOL        PID_N
  X:04FDH         SYMBOL        value
  C:403FH         LINE#         139
  C:4041H         LINE#         140
  C:4041H         LINE#         141
  -------         ENDPROC       _PID_SETPARAMETERINFERIORLIMIT
  -------         PROC          _PID_SETPARAMETERUPPERLIMIT
  D:0003H         SYMBOL        PID_N
  X:0502H         SYMBOL        value
  C:4060H         LINE#         153
  C:4062H         LINE#         154
  C:4062H         LINE#         155
  -------         ENDPROC       _PID_SETPARAMETERUPPERLIMIT
  -------         PROC          _PID_SETACTUALPARAMETER
  D:0003H         SYMBOL        PID_N
  X:03AFH         SYMBOL        value
  C:4081H         LINE#         168
  C:4083H         LINE#         169
  C:4083H         LINE#         170
  -------         ENDPROC       _PID_SETACTUALPARAMETER
  -------         PROC          _PID_SETKI
  D:0003H         SYMBOL        PID_N
  X:0507H         SYMBOL        value
  C:40A2H         LINE#         183
  C:40A4H         LINE#         184
  C:40A4H         LINE#         185
  -------         ENDPROC       _PID_SETKI
  -------         PROC          _PID_SETKP
  D:0003H         SYMBOL        PID_N
  X:050CH         SYMBOL        value
  C:40C3H         LINE#         197
  C:40C5H         LINE#         198
  C:40C5H         LINE#         199
  -------         ENDPROC       _PID_SETKP
  -------         PROC          _PID_SETKD
  D:0003H         SYMBOL        PID_N
  X:0511H         SYMBOL        value
  C:40E4H         LINE#         211
  C:40E6H         LINE#         212
  C:40E6H         LINE#         213
  -------         ENDPROC       _PID_SETKD
  -------         PROC          _PID_SETTARGETPARAMETER
  D:0003H         SYMBOL        PID_N
  X:0516H         SYMBOL        value
  C:4105H         LINE#         225
  C:4107H         LINE#         226
  C:4107H         LINE#         227
  -------         ENDPROC       _PID_SETTARGETPARAMETER
  -------         PROC          _PID_GETPARAMETER
  D:0007H         SYMBOL        PID_N
  C:437BH         LINE#         239
  C:437BH         LINE#         240
  C:437BH         LINE#         241
BL51 BANKED LINKER/LOCATER V6.00                                                      07/18/2017  17:18:40  PAGE 21


  C:4394H         LINE#         242
  -------         ENDPROC       _PID_GETPARAMETER
  -------         PROC          _PID_GETERR
  D:0007H         SYMBOL        PID_N
  C:4395H         LINE#         252
  C:4395H         LINE#         253
  C:4395H         LINE#         254
  C:43AEH         LINE#         255
  -------         ENDPROC       _PID_GETERR
  -------         PROC          _PID_GETERRLAST
  D:0007H         SYMBOL        PID_N
  C:43AFH         LINE#         265
  C:43AFH         LINE#         266
  C:43AFH         LINE#         267
  C:43C8H         LINE#         268
  -------         ENDPROC       _PID_GETERRLAST
  -------         PROC          _PID_GETKP
  D:0007H         SYMBOL        PID_N
  C:43C9H         LINE#         277
  C:43C9H         LINE#         278
  C:43C9H         LINE#         279
  C:43E2H         LINE#         280
  -------         ENDPROC       _PID_GETKP
  -------         PROC          _PID_GETKI
  D:0007H         SYMBOL        PID_N
  C:43E3H         LINE#         290
  C:43E3H         LINE#         291
  C:43E3H         LINE#         292
  C:43FCH         LINE#         293
  -------         ENDPROC       _PID_GETKI
  -------         PROC          _PID_GETKD
  D:0007H         SYMBOL        PID_N
  C:43FDH         LINE#         303
  C:43FDH         LINE#         304
  C:43FDH         LINE#         305
  C:4416H         LINE#         306
  -------         ENDPROC       _PID_GETKD
  -------         PROC          _PID_GETOUTPUT
  D:0007H         SYMBOL        PID_N
  C:4417H         LINE#         316
  C:4417H         LINE#         317
  C:4417H         LINE#         318
  C:4430H         LINE#         319
  -------         ENDPROC       _PID_GETOUTPUT
  -------         PROC          _PID_GETINTEGRAL
  D:0007H         SYMBOL        PID_N
  C:4431H         LINE#         329
  C:4431H         LINE#         330
  C:4431H         LINE#         331
  C:444AH         LINE#         332
  -------         ENDPROC       _PID_GETINTEGRAL
  -------         PROC          _PID_GETSTATE
  D:0007H         SYMBOL        PID_N
  C:4593H         LINE#         333
  C:4593H         LINE#         334
  C:4593H         LINE#         335
  C:45A4H         LINE#         336
BL51 BANKED LINKER/LOCATER V6.00                                                      07/18/2017  17:18:40  PAGE 22


  -------         ENDPROC       _PID_GETSTATE
  -------         ENDMOD        PID

  -------         MODULE        FILTER
  C:0000H         SYMBOL        _ICE_DUMMY_
  D:0080H         PUBLIC        P0
  D:0090H         PUBLIC        P1
  D:00A0H         PUBLIC        P2
  D:00B0H         PUBLIC        P3
  D:00C0H         PUBLIC        P4
  D:00C8H         PUBLIC        P5
  D:00E8H         PUBLIC        P6
  D:00F8H         PUBLIC        P7
  C:26FFH         PUBLIC        _filter
  D:00A8H         PUBLIC        IE
  D:00B8H         PUBLIC        IP
  D:00D8H         PUBLIC        CCON
  D:0098H         PUBLIC        SCON
  D:0088H         PUBLIC        TCON
  D:00F0H         PUBLIC        B
  D:00E0H         PUBLIC        ACC
  D:00D0H         PUBLIC        PSW
  -------         PROC          _FILTER
  D:0001H         SYMBOL        ary
  X:03C6H         SYMBOL        num
  X:03C7H         SYMBOL        MaxValue
  X:03C9H         SYMBOL        MinValue
  -------         DO            
  X:03CBH         SYMBOL        angleDataloopTemp2
  X:03CDH         SYMBOL        finalData
  X:03CFH         SYMBOL        maxValue
  X:03D1H         SYMBOL        minValue
  -------         ENDDO         
  C:26FFH         LINE#         2
  C:2704H         LINE#         3
  C:2704H         LINE#         5
  C:270BH         LINE#         6
  C:271AH         LINE#         7
  C:2729H         LINE#         8
  C:274BH         LINE#         9
  C:274BH         LINE#         10
  C:2767H         LINE#         11
  C:2767H         LINE#         12
  C:2784H         LINE#         13
  C:2784H         LINE#         14
  C:27A6H         LINE#         15
  C:27A6H         LINE#         16
  C:27C3H         LINE#         17
  C:27C3H         LINE#         18
  C:27E5H         LINE#         19
  C:27F9H         LINE#         20
  C:281EH         LINE#         21
  C:2834H         LINE#         22
  C:2834H         LINE#         23
  -------         ENDPROC       _FILTER
  -------         ENDMOD        FILTER

BL51 BANKED LINKER/LOCATER V6.00                                                      07/18/2017  17:18:40  PAGE 23


  -------         MODULE        DATASCOPE_DP
  C:0000H         SYMBOL        _ICE_DUMMY_
  D:0080H         PUBLIC        P0
  D:0090H         PUBLIC        P1
  D:00A0H         PUBLIC        P2
  D:00B0H         PUBLIC        P3
  D:00C0H         PUBLIC        P4
  D:00C8H         PUBLIC        P5
  D:00E8H         PUBLIC        P6
  D:00F8H         PUBLIC        P7
  X:0384H         PUBLIC        DataScope_OutPut_Buffer
  D:00A8H         PUBLIC        IE
  D:00B8H         PUBLIC        IP
  D:00D8H         PUBLIC        CCON
  C:3DFAH         PUBLIC        _sendScopeData
  D:0098H         PUBLIC        SCON
  D:0088H         PUBLIC        TCON
  D:00F0H         PUBLIC        B
  C:305FH         PUBLIC        _Float2Byte
  D:00E0H         PUBLIC        ACC
  C:31B2H         PUBLIC        _DataScope_Data_Generate
  C:2835H         PUBLIC        _DataScope_Get_Channel_Data
  D:00D0H         PUBLIC        PSW
  -------         PROC          _FLOAT2BYTE
  D:0001H         SYMBOL        target
  X:04ACH         SYMBOL        buf
  X:04AFH         SYMBOL        beg
  -------         DO            
  X:04B0H         SYMBOL        point
  -------         ENDDO         
  C:305FH         LINE#         26
  C:305FH         LINE#         27
  C:305FH         LINE#         29
  C:306AH         LINE#         30
  C:3088H         LINE#         31
  C:30B4H         LINE#         32
  C:30E0H         LINE#         33
  -------         ENDPROC       _FLOAT2BYTE
  -------         PROC          _SENDSCOPEDATA
  D:0004H         SYMBOL        Data
  X:04EEH         SYMBOL        channel
  -------         DO            
  X:04EFH         SYMBOL        a
  -------         ENDDO         
  C:3DFAH         LINE#         43
  C:3DFAH         LINE#         44
  C:3DFAH         LINE#         47
  C:3E05H         LINE#         49
  C:3E1BH         LINE#         50
  C:3E1BH         LINE#         51
  C:3E2AH         LINE#         52
  C:3E32H         LINE#         54
  -------         ENDPROC       _SENDSCOPEDATA
  -------         PROC          _DATASCOPE_GET_CHANNEL_DATA
  X:051AH         SYMBOL        Data
  X:051EH         SYMBOL        Channel
  C:2835H         LINE#         60
BL51 BANKED LINKER/LOCATER V6.00                                                      07/18/2017  17:18:40  PAGE 24


  C:283BH         LINE#         61
  C:283BH         LINE#         62
  C:284EH         LINE#         63
  C:284EH         LINE#         65
  C:284EH         LINE#         67
  C:284EH         LINE#         68
  C:2884H         LINE#         69
  C:2884H         LINE#         70
  C:2884H         LINE#         71
  C:2897H         LINE#         72
  C:289AH         LINE#         73
  C:289AH         LINE#         74
  C:28AEH         LINE#         75
  C:28B1H         LINE#         76
  C:28B1H         LINE#         77
  C:28C5H         LINE#         78
  C:28C8H         LINE#         79
  C:28C8H         LINE#         80
  C:28DCH         LINE#         81
  C:28DFH         LINE#         82
  C:28DFH         LINE#         83
  C:28F3H         LINE#         84
  C:28F5H         LINE#         85
  C:28F5H         LINE#         86
  C:2909H         LINE#         87
  C:290BH         LINE#         88
  C:290BH         LINE#         89
  C:291FH         LINE#         90
  C:2921H         LINE#         91
  C:2921H         LINE#         92
  C:2935H         LINE#         93
  C:2937H         LINE#         94
  C:2937H         LINE#         95
  C:294BH         LINE#         96
  C:294DH         LINE#         97
  C:294DH         LINE#         98
  C:2968H         LINE#         99
  C:2968H         LINE#         100
  C:2968H         LINE#         101
  C:2968H         LINE#         102
  -------         ENDPROC       _DATASCOPE_GET_CHANNEL_DATA
  -------         PROC          _DATASCOPE_DATA_GENERATE
  D:0007H         SYMBOL        Channel_Number
  C:31B2H         LINE#         107
  C:31B2H         LINE#         108
  C:31B2H         LINE#         109
  C:31BBH         LINE#         110
  C:31BBH         LINE#         111
  C:31BEH         LINE#         112
  C:31BEH         LINE#         114
  C:31BEH         LINE#         115
  C:31C4H         LINE#         116
  C:31FAH         LINE#         117
  C:31FAH         LINE#         118
  C:31FAH         LINE#         119
  C:3200H         LINE#         120
  C:3203H         LINE#         121
BL51 BANKED LINKER/LOCATER V6.00                                                      07/18/2017  17:18:40  PAGE 25


  C:3203H         LINE#         122
  C:3203H         LINE#         123
  C:3209H         LINE#         124
  C:320CH         LINE#         125
  C:320CH         LINE#         126
  C:320CH         LINE#         127
  C:3212H         LINE#         128
  C:3215H         LINE#         129
  C:3215H         LINE#         130
  C:3215H         LINE#         131
  C:321BH         LINE#         132
  C:321EH         LINE#         133
  C:321EH         LINE#         134
  C:321EH         LINE#         135
  C:3224H         LINE#         136
  C:3227H         LINE#         137
  C:3227H         LINE#         138
  C:3227H         LINE#         139
  C:322DH         LINE#         140
  C:3230H         LINE#         141
  C:3230H         LINE#         142
  C:3230H         LINE#         143
  C:3236H         LINE#         144
  C:3239H         LINE#         145
  C:3239H         LINE#         146
  C:3239H         LINE#         147
  C:323FH         LINE#         148
  C:3242H         LINE#         149
  C:3242H         LINE#         150
  C:3242H         LINE#         151
  C:3248H         LINE#         152
  C:324BH         LINE#         153
  C:324BH         LINE#         154
  C:324BH         LINE#         155
  C:3251H         LINE#         156
  C:3254H         LINE#         157
  C:3254H         LINE#         158
  C:3254H         LINE#         159
  C:3254H         LINE#         160
  C:3256H         LINE#         161
  -------         ENDPROC       _DATASCOPE_DATA_GENERATE
  -------         ENDMOD        DATASCOPE_DP

  -------         MODULE        STORAGE
  C:0000H         SYMBOL        _ICE_DUMMY_
  D:0080H         PUBLIC        P0
  D:0090H         PUBLIC        P1
  D:00A0H         PUBLIC        P2
  D:00B0H         PUBLIC        P3
  D:00C0H         PUBLIC        P4
  D:00C8H         PUBLIC        P5
  D:00E8H         PUBLIC        P6
  D:00F8H         PUBLIC        P7
  D:00A8H         PUBLIC        IE
  D:00B8H         PUBLIC        IP
  D:00D8H         PUBLIC        CCON
  C:45A5H         PUBLIC        _writeData
BL51 BANKED LINKER/LOCATER V6.00                                                      07/18/2017  17:18:40  PAGE 26


  D:0098H         PUBLIC        SCON
  D:0088H         PUBLIC        TCON
  D:00F0H         PUBLIC        B
  D:00E0H         PUBLIC        ACC
  D:00D0H         PUBLIC        PSW
  -------         PROC          _WRITEDATA
  X:051FH         SYMBOL        add
  X:0521H         SYMBOL        Data
  C:45A5H         LINE#         3
  C:45B6H         LINE#         4
  C:45B6H         LINE#         6
  -------         ENDPROC       _WRITEDATA
  -------         ENDMOD        STORAGE

  -------         MODULE        BUTTON
  C:0000H         SYMBOL        _ICE_DUMMY_
  D:0080H         PUBLIC        P0
  D:0090H         PUBLIC        P1
  D:00A0H         PUBLIC        P2
  D:00B0H         PUBLIC        P3
  D:00C0H         PUBLIC        P4
  D:00C8H         PUBLIC        P5
  D:00E8H         PUBLIC        P6
  D:00F8H         PUBLIC        P7
  D:00A8H         PUBLIC        IE
  D:00B8H         PUBLIC        IP
  D:00D8H         PUBLIC        CCON
  C:3BABH         PUBLIC        buttonScan
  B:0020H.0       SYMBOL        BUTTON1_bit
  B:0020H.1       SYMBOL        BUTTON2_bit
  B:0020H.2       SYMBOL        BUTTON3_bit
  B:0020H.3       SYMBOL        BUTTON4_bit
  D:0098H         PUBLIC        SCON
  B:00A0H.3       PUBLIC        P23
  D:0088H         PUBLIC        TCON
  B:00A0H.4       PUBLIC        P24
  B:00A0H.5       PUBLIC        P25
  B:00A0H.6       PUBLIC        P26
  D:00F0H         PUBLIC        B
  C:4260H         PUBLIC        _getButtonState
  D:00E0H         PUBLIC        ACC
  C:41C6H         PUBLIC        Button_config
  C:46ABH         SYMBOL        _digitalRead
  D:00D0H         PUBLIC        PSW
  -------         PROC          BUTTON_CONFIG
  -------         DO            
  X:0538H         SYMBOL        GPIO_InitStructure
  -------         ENDDO         
  C:41C6H         LINE#         25
  C:41C6H         LINE#         26
  C:41C6H         LINE#         28
  C:41CCH         LINE#         29
  C:41D1H         LINE#         30
  C:41DCH         LINE#         31
  C:41DEH         LINE#         32
  C:41E0H         LINE#         33
  C:41E2H         LINE#         34
BL51 BANKED LINKER/LOCATER V6.00                                                      07/18/2017  17:18:40  PAGE 27


  C:41E4H         LINE#         35
  -------         ENDPROC       BUTTON_CONFIG
  -------         PROC          _DIGITALREAD
  D:0006H         SYMBOL        pin
  C:46ABH         LINE#         43
  C:46ABH         LINE#         44
  C:46ABH         LINE#         45
  C:46AFH         LINE#         46
  C:46AFH         LINE#         47
  C:46B4H         LINE#         48
  C:46B4H         LINE#         49
  -------         ENDPROC       _DIGITALREAD
  -------         PROC          _GETBUTTONSTATE
  D:0007H         SYMBOL        BUTTON_data
  C:4260H         LINE#         61
  C:4260H         LINE#         62
  C:4260H         LINE#         63
  C:4271H         LINE#         64
  C:4271H         LINE#         65
  C:4271H         LINE#         66
  C:4274H         LINE#         67
  C:4274H         LINE#         68
  C:4274H         LINE#         69
  C:4277H         LINE#         70
  C:4277H         LINE#         71
  C:4277H         LINE#         72
  C:427AH         LINE#         73
  C:427AH         LINE#         74
  C:427AH         LINE#         75
  C:427CH         LINE#         76
  C:427CH         LINE#         77
  C:427CH         LINE#         78
  -------         ENDPROC       _GETBUTTONSTATE
  -------         PROC          BUTTONSCAN
  C:3BABH         LINE#         88
  C:3BABH         LINE#         89
  C:3BABH         LINE#         90
  C:3BB6H         LINE#         91
  C:3BB6H         LINE#         92
  C:3BC0H         LINE#         93
  C:3BC0H         LINE#         97
  C:3BC2H         LINE#         98
  C:3BC2H         LINE#         99
  C:3BC4H         LINE#         101
  C:3BC4H         LINE#         102
  C:3BC6H         LINE#         103
  C:3BC6H         LINE#         104
  C:3BD1H         LINE#         105
  C:3BD1H         LINE#         106
  C:3BD4H         LINE#         107
  C:3BD4H         LINE#         111
  C:3BD6H         LINE#         112
  C:3BD6H         LINE#         113
  C:3BD8H         LINE#         115
  C:3BD8H         LINE#         116
  C:3BDAH         LINE#         117
  C:3BDAH         LINE#         118
BL51 BANKED LINKER/LOCATER V6.00                                                      07/18/2017  17:18:40  PAGE 28


  C:3BE5H         LINE#         119
  C:3BE5H         LINE#         120
  C:3BE8H         LINE#         121
  C:3BE8H         LINE#         125
  C:3BEAH         LINE#         127
  C:3BEAH         LINE#         128
  C:3BECH         LINE#         130
  C:3BECH         LINE#         131
  C:3BEEH         LINE#         132
  C:3BEEH         LINE#         133
  C:3BF9H         LINE#         134
  C:3BF9H         LINE#         135
  C:3BFCH         LINE#         136
  C:3BFCH         LINE#         140
  C:3BFEH         LINE#         142
  C:3BFEH         LINE#         143
  C:3BFFH         LINE#         145
  C:3BFFH         LINE#         146
  C:3C01H         LINE#         147
  C:3C01H         LINE#         148
  -------         ENDPROC       BUTTONSCAN
  -------         ENDMOD        BUTTON

  -------         MODULE        LED
  C:0000H         SYMBOL        _ICE_DUMMY_
  D:0080H         PUBLIC        P0
  D:0090H         PUBLIC        P1
  D:00A0H         PUBLIC        P2
  D:00B0H         PUBLIC        P3
  D:00C0H         PUBLIC        P4
  D:00C8H         PUBLIC        P5
  B:0021H.3       SYMBOL        Board_LED_State
  D:00E8H         PUBLIC        P6
  D:00F8H         PUBLIC        P7
  D:00A8H         PUBLIC        IE
  C:401DH         PUBLIC        _blink
  C:3EBDH         PUBLIC        Board_LED_Init
  D:00B8H         PUBLIC        IP
  C:4713H         PUBLIC        close_Board_LED
  D:00D8H         PUBLIC        CCON
  D:0098H         PUBLIC        SCON
  D:0088H         PUBLIC        TCON
  C:470EH         PUBLIC        open_Board_LED
  B:00C8H.5       PUBLIC        P55
  D:00F0H         PUBLIC        B
  D:00E0H         PUBLIC        ACC
  C:471CH         PUBLIC        getBoard_LED_State
  C:46F0H         PUBLIC        _Board_LED_PWM
  D:00D0H         PUBLIC        PSW
  -------         PROC          BOARD_LED_INIT
  -------         DO            
  X:053AH         SYMBOL        GPIO_InitStructure
  -------         ENDDO         
  C:3EBDH         LINE#         8
  C:3EBDH         LINE#         9
  C:3EBDH         LINE#         11
  C:3EC3H         LINE#         12
BL51 BANKED LINKER/LOCATER V6.00                                                      07/18/2017  17:18:40  PAGE 29


  C:3EC8H         LINE#         13
  C:3ED3H         LINE#         14
  C:3ED6H         LINE#         15
  C:3EDBH         LINE#         16
  C:3EDEH         LINE#         17
  C:3EE3H         LINE#         18
  C:3EE4H         LINE#         19
  -------         ENDPROC       BOARD_LED_INIT
  -------         PROC          OPEN_BOARD_LED
  C:470EH         LINE#         20
  C:470EH         LINE#         21
  C:470EH         LINE#         22
  C:4710H         LINE#         23
  C:4712H         LINE#         24
  -------         ENDPROC       OPEN_BOARD_LED
  -------         PROC          CLOSE_BOARD_LED
  C:4713H         LINE#         25
  C:4713H         LINE#         26
  C:4713H         LINE#         27
  C:4715H         LINE#         28
  C:4717H         LINE#         30
  -------         ENDPROC       CLOSE_BOARD_LED
  -------         PROC          _BLINK
  X:0540H         SYMBOL        time
  C:401DH         LINE#         31
  C:4022H         LINE#         32
  C:4022H         LINE#         33
  C:402CH         LINE#         34
  C:402CH         LINE#         35
  C:402FH         LINE#         36
  C:4034H         LINE#         37
  C:4037H         LINE#         38
  C:403CH         LINE#         40
  C:403EH         LINE#         41
  -------         ENDPROC       _BLINK
  -------         PROC          GETBOARD_LED_STATE
  C:471CH         LINE#         42
  C:471CH         LINE#         43
  C:471CH         LINE#         44
  C:471EH         LINE#         45
  -------         ENDPROC       GETBOARD_LED_STATE
  -------         PROC          _BOARD_LED_PWM
  X:0541H         SYMBOL        luminance
  C:46F0H         LINE#         46
  C:46F5H         LINE#         47
  C:46F5H         LINE#         48
  C:46F5H         LINE#         49
  C:46F5H         LINE#         52
  C:46F5H         LINE#         54
  -------         ENDPROC       _BOARD_LED_PWM
  -------         ENDMOD        LED

  -------         MODULE        MOTOR
  C:0000H         SYMBOL        _ICE_DUMMY_
  D:0080H         PUBLIC        P0
  D:0090H         PUBLIC        P1
  D:00A0H         PUBLIC        P2
BL51 BANKED LINKER/LOCATER V6.00                                                      07/18/2017  17:18:40  PAGE 30


  D:00B0H         PUBLIC        P3
  D:00C0H         PUBLIC        P4
  D:00C8H         PUBLIC        P5
  D:00E8H         PUBLIC        P6
  D:00F8H         PUBLIC        P7
  D:00BAH         PUBLIC        P_SW2
  D:00A8H         PUBLIC        IE
  C:4360H         PUBLIC        _open_DC_Motor
  D:00B8H         PUBLIC        IP
  D:00D8H         PUBLIC        CCON
  B:00A0H.2       PUBLIC        P22
  D:0098H         PUBLIC        SCON
  B:00A0H.3       PUBLIC        P23
  D:0088H         PUBLIC        TCON
  C:34D5H         PUBLIC        _setDC_MotorSpeed
  D:00F0H         PUBLIC        B
  X:0524H         SYMBOL        g_DC_Motor
  C:4630H         PUBLIC        _getDC_MotorState
  D:00E0H         PUBLIC        ACC
  C:3901H         PUBLIC        DC_MOTOR_config
  C:444BH         PUBLIC        _close_DC_Motor
  D:00D0H         PUBLIC        PSW
  -------         PROC          _SETDC_MOTORSPEED
  X:03B2H         SYMBOL        motor
  X:03B3H         SYMBOL        speed
  C:34D5H         LINE#         38
  C:34DAH         LINE#         39
  C:34DAH         LINE#         41
  C:34F5H         LINE#         42
  C:34F5H         LINE#         43
  C:34FFH         LINE#         44
  C:34FFH         LINE#         45
  C:351AH         LINE#         46
  C:351AH         LINE#         48
  C:3524H         LINE#         49
  C:3524H         LINE#         52
  C:3540H         LINE#         53
  C:3562H         LINE#         54
  -------         ENDPROC       _SETDC_MOTORSPEED
  -------         PROC          _OPEN_DC_MOTOR
  X:0542H         SYMBOL        motor
  C:4360H         LINE#         55
  C:4365H         LINE#         56
  C:4365H         LINE#         57
  C:4368H         LINE#         58
  C:437AH         LINE#         59
  -------         ENDPROC       _OPEN_DC_MOTOR
  -------         PROC          _CLOSE_DC_MOTOR
  X:0543H         SYMBOL        motor
  C:444BH         LINE#         60
  C:4450H         LINE#         61
  C:4450H         LINE#         62
  C:4453H         LINE#         63
  C:4464H         LINE#         67
  -------         ENDPROC       _CLOSE_DC_MOTOR
  -------         PROC          _GETDC_MOTORSTATE
  D:0007H         SYMBOL        motor
BL51 BANKED LINKER/LOCATER V6.00                                                      07/18/2017  17:18:40  PAGE 31


  C:4630H         LINE#         68
  C:4630H         LINE#         69
  C:4630H         LINE#         70
  C:463FH         LINE#         72
  -------         ENDPROC       _GETDC_MOTORSTATE
  -------         PROC          DC_MOTOR_CONFIG
  -------         DO            
  X:045AH         SYMBOL        GPIO_InitStructure
  X:045CH         SYMBOL        PWM_InitStructure
  -------         ENDDO         
  C:3901H         LINE#         80
  C:3901H         LINE#         81
  C:3901H         LINE#         85
  C:3906H         LINE#         88
  C:390AH         LINE#         89
  C:3915H         LINE#         93
  C:391BH         LINE#         94
  C:3926H         LINE#         95
  C:3928H         LINE#         96
  C:392AH         LINE#         99
  C:392DH         LINE#         100
  C:3932H         LINE#         101
  C:3934H         LINE#         102
  C:3936H         LINE#         103
  C:3939H         LINE#         104
  C:393CH         LINE#         105
  C:393EH         LINE#         106
  C:3940H         LINE#         107
  C:3942H         LINE#         108
  C:3944H         LINE#         109
  C:3946H         LINE#         110
  C:3948H         LINE#         111
  C:394AH         LINE#         112
  C:394CH         LINE#         113
  C:394EH         LINE#         114
  C:3950H         LINE#         115
  C:3952H         LINE#         116
  C:395CH         LINE#         117
  C:3967H         LINE#         119
  C:396AH         LINE#         122
  -------         ENDPROC       DC_MOTOR_CONFIG
  -------         ENDMOD        MOTOR

  -------         MODULE        SERVO
  C:0000H         SYMBOL        _ICE_DUMMY_
  D:0080H         PUBLIC        P0
  D:0090H         PUBLIC        P1
  D:00A0H         PUBLIC        P2
  D:00B0H         PUBLIC        P3
  D:00C0H         PUBLIC        P4
  D:00C8H         PUBLIC        P5
  D:00E8H         PUBLIC        P6
  D:00F8H         PUBLIC        P7
  D:00BAH         PUBLIC        P_SW2
  D:00A8H         PUBLIC        IE
  C:4126H         PUBLIC        _open_STR
  C:2A9AH         PUBLIC        _set_STR_angle
BL51 BANKED LINKER/LOCATER V6.00                                                      07/18/2017  17:18:40  PAGE 32


  D:00B8H         PUBLIC        IP
  D:00D8H         PUBLIC        CCON
  C:1EBAH         PUBLIC        _Init_Str_Motor
  D:0098H         PUBLIC        SCON
  D:0088H         PUBLIC        TCON
  B:00B0H.7       PUBLIC        P37
  D:00F0H         PUBLIC        B
  D:00E0H         PUBLIC        ACC
  C:4465H         PUBLIC        _read_STR_angle
  X:02FEH         SYMBOL        str_motor
  C:41E5H         PUBLIC        _close_STR
  D:00D0H         PUBLIC        PSW
  -------         PROC          _INIT_STR_MOTOR
  X:03D3H         SYMBOL        MOTOR
  X:03D4H         SYMBOL        pl
  X:03D8H         SYMBOL        ph
  X:03DCH         SYMBOL        ma
  X:03E0H         SYMBOL        n
  -------         DO            
  X:03E2H         SYMBOL        GPIO_InitStructure
  X:03E4H         SYMBOL        PWM_InitStructure
  -------         ENDDO         
  C:1EBAH         LINE#         43
  C:1EBFH         LINE#         44
[...]
  C:456EH         LINE#         315
  C:456EH         LINE#         316
  C:456EH         LINE#         317
  C:4580H         LINE#         318
  -------         ENDPROC       _PRINTSTRING4
  -------         PROC          UART1_INT
  C:3808H         LINE#         325
  C:3817H         LINE#         327
  C:381AH         LINE#         328
  C:381AH         LINE#         329
  C:381CH         LINE#         330
  C:3822H         LINE#         331
  C:3822H         LINE#         332
  C:382DH         LINE#         333
  C:3841H         LINE#         334
BL51 BANKED LINKER/LOCATER V6.00                                                      07/18/2017  17:18:40  PAGE 78


  C:3847H         LINE#         335
  C:3847H         LINE#         336
  C:3847H         LINE#         338
  C:384AH         LINE#         339
  C:384AH         LINE#         340
  C:384CH         LINE#         341
  C:3859H         LINE#         342
  C:3859H         LINE#         343
  C:3866H         LINE#         344
  C:3873H         LINE#         345
  C:3875H         LINE#         346
  C:387AH         LINE#         347
  C:387AH         LINE#         348
  -------         ENDPROC       UART1_INT
  -------         PROC          UART2_INT
  C:3679H         LINE#         351
  C:3688H         LINE#         353
  C:368DH         LINE#         354
  C:368DH         LINE#         355
  C:3690H         LINE#         356
  C:3696H         LINE#         357
  C:3696H         LINE#         358
  C:36A1H         LINE#         359
  C:36B5H         LINE#         360
  C:36BBH         LINE#         361
  C:36BBH         LINE#         362
  C:36BBH         LINE#         364
  C:36C0H         LINE#         365
  C:36C0H         LINE#         366
  C:36C3H         LINE#         367
  C:36D0H         LINE#         368
  C:36D0H         LINE#         369
  C:36DDH         LINE#         370
  C:36EAH         LINE#         371
  C:36ECH         LINE#         372
  C:36F1H         LINE#         373
  C:36F1H         LINE#         375
  -------         ENDPROC       UART2_INT
  -------         PROC          UART3_INT
  C:36FEH         LINE#         379
  C:370DH         LINE#         381
  C:3712H         LINE#         382
  C:3712H         LINE#         383
  C:3715H         LINE#         384
  C:371BH         LINE#         385
  C:371BH         LINE#         386
  C:3726H         LINE#         387
  C:373AH         LINE#         388
  C:3740H         LINE#         389
  C:3740H         LINE#         390
  C:3740H         LINE#         392
  C:3745H         LINE#         393
  C:3745H         LINE#         394
  C:3748H         LINE#         395
  C:3755H         LINE#         396
  C:3755H         LINE#         397
  C:3762H         LINE#         398
BL51 BANKED LINKER/LOCATER V6.00                                                      07/18/2017  17:18:40  PAGE 79


  C:376FH         LINE#         399
  C:3771H         LINE#         400
  C:3776H         LINE#         401
  C:3776H         LINE#         403
  -------         ENDPROC       UART3_INT
  -------         PROC          UART4_INT
  C:3783H         LINE#         407
  C:3792H         LINE#         409
  C:3797H         LINE#         410
  C:3797H         LINE#         411
  C:379AH         LINE#         412
  C:37A0H         LINE#         413
  C:37A0H         LINE#         414
  C:37ABH         LINE#         415
  C:37BFH         LINE#         416
  C:37C5H         LINE#         417
  C:37C5H         LINE#         418
  C:37C5H         LINE#         420
  C:37CAH         LINE#         421
  C:37CAH         LINE#         422
  C:37CDH         LINE#         423
  C:37DAH         LINE#         424
  C:37DAH         LINE#         425
  C:37E7H         LINE#         426
  C:37F4H         LINE#         427
  C:37F6H         LINE#         428
  C:37FBH         LINE#         429
  C:37FBH         LINE#         431
  -------         ENDPROC       UART4_INT
  -------         ENDMOD        USART1

  -------         MODULE        STC15_EEPROM
  C:0000H         SYMBOL        _ICE_DUMMY_
  D:0080H         PUBLIC        P0
  D:0090H         PUBLIC        P1
  D:00A0H         PUBLIC        P2
  D:00B0H         PUBLIC        P3
  C:467BH         PUBLIC        DisableEEPROM
  D:00C0H         PUBLIC        P4
  D:00C8H         PUBLIC        P5
  D:00C6H         PUBLIC        ISP_TRIG
  B:00A8H.7       PUBLIC        EA
  D:00E8H         PUBLIC        P6
  D:00F8H         PUBLIC        P7
  D:00A8H         PUBLIC        IE
  C:41A6H         PUBLIC        _EEPROM_SectorErase
  C:3D7CH         PUBLIC        _EEPROM_read_n
  D:00B8H         PUBLIC        IP
  D:00C5H         PUBLIC        ISP_CMD
  D:00D8H         PUBLIC        CCON
  C:3DBBH         PUBLIC        _EEPROM_write_n
  D:00C3H         PUBLIC        ISP_ADDRH
  D:0098H         PUBLIC        SCON
  D:0088H         PUBLIC        TCON
  D:00C4H         PUBLIC        ISP_ADDRL
  D:00F0H         PUBLIC        B
  D:00E0H         PUBLIC        ACC
BL51 BANKED LINKER/LOCATER V6.00                                                      07/18/2017  17:18:40  PAGE 80


  D:00C7H         PUBLIC        ISP_CONTR
  D:00C2H         PUBLIC        ISP_DATA
  D:00D0H         PUBLIC        PSW
  -------         PROC          DISABLEEEPROM
  C:467BH         LINE#         30
  C:467BH         LINE#         31
  C:467BH         LINE#         32
  C:467EH         LINE#         33
  C:4680H         LINE#         34
  C:4682H         LINE#         35
  C:4685H         LINE#         36
  C:4688H         LINE#         37
  -------         ENDPROC       DISABLEEEPROM
  -------         PROC          _EEPROM_READ_N
  D:0004H         SYMBOL        EE_address
  D:0001H         SYMBOL        DataAddress
  X:04E1H         SYMBOL        number
  C:3D7CH         LINE#         49
  C:3D80H         LINE#         50
  C:3D80H         LINE#         51
  C:3D82H         LINE#         52
  C:3D85H         LINE#         53
  C:3D88H         LINE#         55
  C:3D88H         LINE#         56
  C:3D8BH         LINE#         57
  C:3D8FH         LINE#         58
  C:3D95H         LINE#         61
  C:3D96H         LINE#         62
  C:3D9BH         LINE#         63
  C:3DA0H         LINE#         64
  C:3DA7H         LINE#         65
  C:3DB5H         LINE#         67
  C:3DB8H         LINE#         68
  C:3DBAH         LINE#         69
  -------         ENDPROC       _EEPROM_READ_N
  -------         PROC          _EEPROM_SECTORERASE
  D:0004H         SYMBOL        EE_address
  C:41A6H         LINE#         80
  C:41AAH         LINE#         81
  C:41AAH         LINE#         82
  C:41ACH         LINE#         85
  C:41AFH         LINE#         86
  C:41B3H         LINE#         87
  C:41B6H         LINE#         88
  C:41B9H         LINE#         89
  C:41BFH         LINE#         90
  C:41C0H         LINE#         91
  C:41C3H         LINE#         92
  C:41C5H         LINE#         93
  -------         ENDPROC       _EEPROM_SECTORERASE
  -------         PROC          _EEPROM_WRITE_N
  D:0004H         SYMBOL        EE_address
  D:0001H         SYMBOL        DataAddress
  X:04E8H         SYMBOL        number
  C:3DBBH         LINE#         104
  C:3DBFH         LINE#         105
  C:3DBFH         LINE#         106
BL51 BANKED LINKER/LOCATER V6.00                                                      07/18/2017  17:18:40  PAGE 81


  C:3DC1H         LINE#         108
  C:3DC4H         LINE#         109
  C:3DC7H         LINE#         111
  C:3DC7H         LINE#         112
  C:3DCAH         LINE#         113
  C:3DCEH         LINE#         114
  C:3DD3H         LINE#         115
  C:3DD9H         LINE#         116
  C:3DDAH         LINE#         117
  C:3DDFH         LINE#         118
  C:3DE6H         LINE#         119
  C:3DF4H         LINE#         121
  C:3DF7H         LINE#         122
  C:3DF9H         LINE#         123
  -------         ENDPROC       _EEPROM_WRITE_N
  -------         ENDMOD        STC15_EEPROM

  -------         MODULE        ?C?FPADD
  C:0807H         PUBLIC        ?C?FPADD
  C:0803H         PUBLIC        ?C?FPSUB
  -------         ENDMOD        ?C?FPADD

  -------         MODULE        ?C?FPMUL
  C:08F8H         PUBLIC        ?C?FPMUL
  -------         ENDMOD        ?C?FPMUL

  -------         MODULE        ?C?FPDIV
  C:0A01H         PUBLIC        ?C?FPDIV
  -------         ENDMOD        ?C?FPDIV

  -------         MODULE        ?C?FPCMP
  C:0AA0H         PUBLIC        ?C?FPCMP
  C:0A9EH         PUBLIC        ?C?FPCMP3
  -------         ENDMOD        ?C?FPCMP

  -------         MODULE        ?C?FCAST
  C:0B15H         PUBLIC        ?C?FCASTC
  C:0B10H         PUBLIC        ?C?FCASTI
  C:0B0BH         PUBLIC        ?C?FCASTL
  -------         ENDMOD        ?C?FCAST

  -------         MODULE        ?C?CASTF
  C:0B49H         PUBLIC        ?C?CASTF
  -------         ENDMOD        ?C?CASTF

  -------         MODULE        ?C?CLDPTR
  C:0BCAH         PUBLIC        ?C?CLDPTR
  -------         ENDMOD        ?C?CLDPTR

  -------         MODULE        ?C?CLDOPTR
  C:0BE3H         PUBLIC        ?C?CLDOPTR
  -------         ENDMOD        ?C?CLDOPTR

  -------         MODULE        ?C?CSTPTR
  C:0C10H         PUBLIC        ?C?CSTPTR
  -------         ENDMOD        ?C?CSTPTR

BL51 BANKED LINKER/LOCATER V6.00                                                      07/18/2017  17:18:40  PAGE 82


  -------         MODULE        ?C?CSTOPTR
  C:0C22H         PUBLIC        ?C?CSTOPTR
  -------         ENDMOD        ?C?CSTOPTR

  -------         MODULE        ?C?IMUL
  C:0C44H         PUBLIC        ?C?IMUL
  -------         ENDMOD        ?C?IMUL

  -------         MODULE        ?C?UIDIV
  C:0C56H         PUBLIC        ?C?UIDIV
  -------         ENDMOD        ?C?UIDIV

  -------         MODULE        ?C?IILDX
  C:0CABH         PUBLIC        ?C?IILDX
  -------         ENDMOD        ?C?IILDX

  -------         MODULE        ?C?ILDOPTR
  C:0CC1H         PUBLIC        ?C?ILDOPTR
  -------         ENDMOD        ?C?ILDOPTR

  -------         MODULE        ?C?LMUL
  C:0CF9H         PUBLIC        ?C?LMUL
  -------         ENDMOD        ?C?LMUL

  -------         MODULE        ?C?ULDIV
  C:0D84H         PUBLIC        ?C?ULDIV
  -------         ENDMOD        ?C?ULDIV

  -------         MODULE        ?C?SLDIV
  C:3D38H         PUBLIC        ?C?SLDIV
  -------         ENDMOD        ?C?SLDIV

  -------         MODULE        ?C?LNEG
  C:0E16H         PUBLIC        ?C?LNEG
  -------         ENDMOD        ?C?LNEG

  -------         MODULE        ?C?ULCMP
  C:0E24H         PUBLIC        ?C?ULCMP
  -------         ENDMOD        ?C?ULCMP

  -------         MODULE        ?C?ULSHR
  C:0E35H         PUBLIC        ?C?ULSHR
  -------         ENDMOD        ?C?ULSHR

  -------         MODULE        ?C?LLDOPTR0
  C:0E48H         PUBLIC        ?C?LLDOPTR0
  -------         ENDMOD        ?C?LLDOPTR0

  -------         MODULE        ?C?LLDIXDATA
  C:0E81H         PUBLIC        ?C?LLDIXDATA
  C:0E78H         PUBLIC        ?C?LLDIXDATA1
  C:0E7AH         PUBLIC        ?C?LLDIXDATA8
  -------         ENDMOD        ?C?LLDIXDATA

  -------         MODULE        ?C?LSTXDATA
  C:0EADH         PUBLIC        ?C?LSTXDATA
  -------         ENDMOD        ?C?LSTXDATA
BL51 BANKED LINKER/LOCATER V6.00                                                      07/18/2017  17:18:40  PAGE 83



  -------         MODULE        ?C?LSTKXDATA
  C:0EB9H         PUBLIC        ?C?LSTKXDATA
  -------         ENDMOD        ?C?LSTKXDATA

  -------         MODULE        ABS
  C:4695H         PUBLIC        _ABS
  -------         ENDMOD        ABS

  -------         MODULE        ?C?LLDIDATA0
  C:0EEAH         PUBLIC        ?C?LLDIDATA0
  -------         ENDMOD        ?C?LLDIDATA0

  -------         MODULE        ?C?LLDXDATA0
  C:0EF7H         PUBLIC        ?C?LLDXDATA0
  -------         ENDMOD        ?C?LLDXDATA0

  -------         MODULE        ?C?LLDPDATA0
  C:0F03H         PUBLIC        ?C?LLDPDATA0
  -------         ENDMOD        ?C?LLDPDATA0

  -------         MODULE        ?C?LLDCODE0
  C:0F10H         PUBLIC        ?C?LLDCODE0
  -------         ENDMOD        ?C?LLDCODE0

*** WARNING L16: UNCALLED SEGMENT, IGNORED FOR OVERLAY PROCESS
    SEGMENT: ?PR?SETUP?SETUP

*** WARNING L16: UNCALLED SEGMENT, IGNORED FOR OVERLAY PROCESS
    SEGMENT: ?PR?MODE1?MODE

*** WARNING L16: UNCALLED SEGMENT, IGNORED FOR OVERLAY PROCESS
    SEGMENT: ?PR?MODE2?MODE

*** WARNING L16: UNCALLED SEGMENT, IGNORED FOR OVERLAY PROCESS
    SEGMENT: ?PR?MODE3?MODE

*** WARNING L16: UNCALLED SEGMENT, IGNORED FOR OVERLAY PROCESS
    SEGMENT: ?PR?MODE4?MODE

*** WARNING L16: UNCALLED SEGMENT, IGNORED FOR OVERLAY PROCESS
    SEGMENT: ?PR?MODELAUNCHER?MODE

*** WARNING L16: UNCALLED SEGMENT, IGNORED FOR OVERLAY PROCESS
    SEGMENT: ?PR?_CLOSEPID?PID

*** WARNING L16: UNCALLED SEGMENT, IGNORED FOR OVERLAY PROCESS
    SEGMENT: ?PR?_PID_SETKI?PID

*** WARNING L16: UNCALLED SEGMENT, IGNORED FOR OVERLAY PROCESS
    SEGMENT: ?PR?_PID_SETKP?PID

*** WARNING L16: UNCALLED SEGMENT, IGNORED FOR OVERLAY PROCESS
    SEGMENT: ?PR?_PID_SETKD?PID

*** WARNING L16: UNCALLED SEGMENT, IGNORED FOR OVERLAY PROCESS
    SEGMENT: ?PR?_PID_GETERRLAST?PID
BL51 BANKED LINKER/LOCATER V6.00                                                      07/18/2017  17:18:40  PAGE 84



*** WARNING L16: UNCALLED SEGMENT, IGNORED FOR OVERLAY PROCESS
    SEGMENT: ?PR?_PID_GETKP?PID

*** WARNING L16: UNCALLED SEGMENT, IGNORED FOR OVERLAY PROCESS
    SEGMENT: ?PR?_PID_GETKI?PID

*** WARNING L16: UNCALLED SEGMENT, IGNORED FOR OVERLAY PROCESS
    SEGMENT: ?PR?_PID_GETKD?PID

*** WARNING L16: UNCALLED SEGMENT, IGNORED FOR OVERLAY PROCESS
    SEGMENT: ?PR?_PID_GETINTEGRAL?PID

*** WARNING L16: UNCALLED SEGMENT, IGNORED FOR OVERLAY PROCESS
    SEGMENT: ?PR?_SENDSCOPEDATA?DATASCOPE_DP

*** WARNING L16: UNCALLED SEGMENT, IGNORED FOR OVERLAY PROCESS
    SEGMENT: ?PR?_WRITEDATA?STORAGE

*** WARNING L16: UNCALLED SEGMENT, IGNORED FOR OVERLAY PROCESS
    SEGMENT: ?PR?_GETBUTTONSTATE?BUTTON

*** WARNING L16: UNCALLED SEGMENT, IGNORED FOR OVERLAY PROCESS
    SEGMENT: ?PR?BUTTONSCAN?BUTTON

*** WARNING L16: UNCALLED SEGMENT, IGNORED FOR OVERLAY PROCESS
    SEGMENT: ?PR?_BLINK?LED

*** WARNING L16: UNCALLED SEGMENT, IGNORED FOR OVERLAY PROCESS
    SEGMENT: ?PR?GETBOARD_LED_STATE?LED

*** WARNING L16: UNCALLED SEGMENT, IGNORED FOR OVERLAY PROCESS
    SEGMENT: ?PR?_BOARD_LED_PWM?LED

*** WARNING L16: UNCALLED SEGMENT, IGNORED FOR OVERLAY PROCESS
    SEGMENT: ?PR?_INIT_STR_MOTOR?SERVO

*** WARNING L16: UNCALLED SEGMENT, IGNORED FOR OVERLAY PROCESS
    SEGMENT: ?PR?_SET_STR_ANGLE?SERVO

*** WARNING L16: UNCALLED SEGMENT, IGNORED FOR OVERLAY PROCESS
    SEGMENT: ?PR?_READ_STR_ANGLE?SERVO

*** WARNING L16: UNCALLED SEGMENT, IGNORED FOR OVERLAY PROCESS
    SEGMENT: ?PR?_OPEN_STR?SERVO

*** WARNING L16: UNCALLED SEGMENT, IGNORED FOR OVERLAY PROCESS
    SEGMENT: ?PR?_CLOSE_STR?SERVO

*** WARNING L16: UNCALLED SEGMENT, IGNORED FOR OVERLAY PROCESS
    SEGMENT: ?PR?_SETSTEPMOTORWITHROUND?STEP_MOTOR

*** WARNING L16: UNCALLED SEGMENT, IGNORED FOR OVERLAY PROCESS
    SEGMENT: ?PR?_GETSTEPMOTORSTATE?STEP_MOTOR

*** WARNING L16: UNCALLED SEGMENT, IGNORED FOR OVERLAY PROCESS
    SEGMENT: ?PR?_SETSTEPMOTORDIVERSION?STEP_MOTOR
BL51 BANKED LINKER/LOCATER V6.00                                                      07/18/2017  17:18:40  PAGE 85



*** WARNING L16: UNCALLED SEGMENT, IGNORED FOR OVERLAY PROCESS
    SEGMENT: ?PR?_CLOSE_STEPMOTOR?STEP_MOTOR

*** WARNING L16: UNCALLED SEGMENT, IGNORED FOR OVERLAY PROCESS
    SEGMENT: ?PR?_OPEN_STEPMOTOR?STEP_MOTOR

*** WARNING L16: UNCALLED SEGMENT, IGNORED FOR OVERLAY PROCESS
    SEGMENT: ?PR?_FREESTEPMOTOR?STEP_MOTOR

*** WARNING L16: UNCALLED SEGMENT, IGNORED FOR OVERLAY PROCESS
    SEGMENT: ?PR?_LOCKSTEPMOTOR?STEP_MOTOR

*** WARNING L16: UNCALLED SEGMENT, IGNORED FOR OVERLAY PROCESS
    SEGMENT: ?PR?_STEPMOTOR_INIT?STEP_MOTOR

*** WARNING L16: UNCALLED SEGMENT, IGNORED FOR OVERLAY PROCESS
    SEGMENT: ?PR?_SETRELAY?RELAY

*** WARNING L16: UNCALLED SEGMENT, IGNORED FOR OVERLAY PROCESS
    SEGMENT: ?PR?_UNSETRELAY?RELAY

*** WARNING L16: UNCALLED SEGMENT, IGNORED FOR OVERLAY PROCESS
    SEGMENT: ?PR?RELAY_INIT?RELAY

*** WARNING L16: UNCALLED SEGMENT, IGNORED FOR OVERLAY PROCESS
    SEGMENT: ?PR?_LCD1602_WRITE_WORD?LCD1602

*** WARNING L16: UNCALLED SEGMENT, IGNORED FOR OVERLAY PROCESS
    SEGMENT: ?PR?_HC595_INIT?74HC595

*** WARNING L16: UNCALLED SEGMENT, IGNORED FOR OVERLAY PROCESS
    SEGMENT: ?PR?_HC595SENDDATA?74HC595

*** WARNING L16: UNCALLED SEGMENT, IGNORED FOR OVERLAY PROCESS
    SEGMENT: ?PR?_GETPULSERSTATE?FIXEDPULSER

*** WARNING L16: UNCALLED SEGMENT, IGNORED FOR OVERLAY PROCESS
    SEGMENT: ?PR?_ADC_POWERCONTROL?ADC

*** WARNING L16: UNCALLED SEGMENT, IGNORED FOR OVERLAY PROCESS
    SEGMENT: ?PR?_SETPINSTATE?GPIO

*** WARNING L16: UNCALLED SEGMENT, IGNORED FOR OVERLAY PROCESS
    SEGMENT: ?PR?_PWMN_UPDATE?PCA

*** WARNING L16: UNCALLED SEGMENT, IGNORED FOR OVERLAY PROCESS
    SEGMENT: ?PR?_PCA_INIT?PCA

*** WARNING L16: UNCALLED SEGMENT, IGNORED FOR OVERLAY PROCESS
    SEGMENT: ?PR?_PWMOUTPUT?PCA

*** WARNING L16: UNCALLED SEGMENT, IGNORED FOR OVERLAY PROCESS
    SEGMENT: ?PR?_GET_PWM_PERIOD?STC15_PWM

*** WARNING L16: UNCALLED SEGMENT, IGNORED FOR OVERLAY PROCESS
    SEGMENT: ?PR?_GET_PWM_N_DUTY?STC15_PWM
BL51 BANKED LINKER/LOCATER V6.00                                                      07/18/2017  17:18:40  PAGE 86



*** WARNING L16: UNCALLED SEGMENT, IGNORED FOR OVERLAY PROCESS
    SEGMENT: ?PR?_GETPWM_DIV?STC15_PWM

*** WARNING L16: UNCALLED SEGMENT, IGNORED FOR OVERLAY PROCESS
    SEGMENT: ?PR?OPEN_PWM_ALL?STC15_PWM

*** WARNING L16: UNCALLED SEGMENT, IGNORED FOR OVERLAY PROCESS
    SEGMENT: ?PR?CLOSE_PWM_ALL?STC15_PWM

*** WARNING L16: UNCALLED SEGMENT, IGNORED FOR OVERLAY PROCESS
    SEGMENT: ?PR?_GET_PWM_N_STATE?STC15_PWM

*** WARNING L16: UNCALLED SEGMENT, IGNORED FOR OVERLAY PROCESS
    SEGMENT: ?PR?_GETTIMEROUT?TIMER

*** WARNING L16: UNCALLED SEGMENT, IGNORED FOR OVERLAY PROCESS
    SEGMENT: ?PR?_SETTIMERHERTZ?TIMER

*** WARNING L16: UNCALLED SEGMENT, IGNORED FOR OVERLAY PROCESS
    SEGMENT: ?PR?_GETTIMERHERTZ?TIMER

*** WARNING L16: UNCALLED SEGMENT, IGNORED FOR OVERLAY PROCESS
    SEGMENT: ?PR?_ONRESTARTTIMER?TIMER

*** WARNING L16: UNCALLED SEGMENT, IGNORED FOR OVERLAY PROCESS
    SEGMENT: ?PR?GETMICROS?TIMER

*** WARNING L16: UNCALLED SEGMENT, IGNORED FOR OVERLAY PROCESS
    SEGMENT: ?PR?GETMILLIS?TIMER

*** WARNING L16: UNCALLED SEGMENT, IGNORED FOR OVERLAY PROCESS
    SEGMENT: ?PR?GETSECONDS?TIMER

*** WARNING L16: UNCALLED SEGMENT, IGNORED FOR OVERLAY PROCESS
    SEGMENT: ?PR?GETMINUTES?TIMER

*** WARNING L16: UNCALLED SEGMENT, IGNORED FOR OVERLAY PROCESS
    SEGMENT: ?PR?GETHOURS?TIMER

*** WARNING L16: UNCALLED SEGMENT, IGNORED FOR OVERLAY PROCESS
    SEGMENT: ?PR?GETDAYS?TIMER

*** WARNING L16: UNCALLED SEGMENT, IGNORED FOR OVERLAY PROCESS
    SEGMENT: ?PR?_PRINTSTRING2?USART1

*** WARNING L16: UNCALLED SEGMENT, IGNORED FOR OVERLAY PROCESS
    SEGMENT: ?PR?_PRINTSTRING3?USART1

*** WARNING L16: UNCALLED SEGMENT, IGNORED FOR OVERLAY PROCESS
    SEGMENT: ?PR?_PRINTSTRING4?USART1

*** WARNING L16: UNCALLED SEGMENT, IGNORED FOR OVERLAY PROCESS
    SEGMENT: ?PR?_EEPROM_READ_N?STC15_EEPROM

*** WARNING L16: UNCALLED SEGMENT, IGNORED FOR OVERLAY PROCESS
    SEGMENT: ?PR?_EEPROM_SECTORERASE?STC15_EEPROM
BL51 BANKED LINKER/LOCATER V6.00                                                      07/18/2017  17:18:40  PAGE 87



*** WARNING L16: UNCALLED SEGMENT, IGNORED FOR OVERLAY PROCESS
    SEGMENT: ?PR?_EEPROM_WRITE_N?STC15_EEPROM

******************************************************************************
* RESTRICTED VERSION WITH FFFFH BYTE CODE SIZE LIMIT; USED: 36E6H BYTE (21%) *
******************************************************************************

Program Size: data=31.6 xdata=1361 code=16207
LINK/LOCATE RUN COMPLETE.  69 WARNING(S),  0 ERROR(S)
